[Wednesday, 06 December 2017 at 17:54:02]
./methods.lua:384: type 'function' is not supported by JSON.


FROM: 191991752
CHAT: -1001229718027
TEXT: @Siempre_tuya

[Wednesday, 06 December 2017 at 17:55:21]
./methods.lua:384: type 'function' is not supported by JSON.


FROM: 191991752
CHAT: -1001229718027
TEXT: @Siempre_tuya

[Wednesday, 06 December 2017 at 18:04:26]
./methods.lua:384: type 'function' is not supported by JSON.


FROM: 191991752
CHAT: -1001229718027
TEXT: @Mariana24

[Wednesday, 06 December 2017 at 18:42:59]
./methods.lua:384: type 'function' is not supported by JSON.


FROM: 97715827
CHAT: -1001229718027
TEXT: @Gabedion

[Wednesday, 06 December 2017 at 18:48:51]
./methods.lua:384: type 'function' is not supported by JSON.


FROM: 401422605
CHAT: -1001229718027
TEXT: @RukasuSD

[Wednesday, 06 December 2017 at 18:48:57]
./methods.lua:384: type 'function' is not supported by JSON.


FROM: 401422605
CHAT: -1001229718027
TEXT: @Siempre_tuya

[Wednesday, 06 December 2017 at 18:49:04]
./methods.lua:384: type 'function' is not supported by JSON.


FROM: 401422605
CHAT: -1001229718027
TEXT: @ChapulinColorado

[Wednesday, 06 December 2017 at 18:49:08]
./methods.lua:384: type 'function' is not supported by JSON.


FROM: 401422605
CHAT: -1001229718027
TEXT: @SticAC

[Thursday, 07 December 2017 at 06:58:01]
./methods.lua:384: type 'function' is not supported by JSON.


FROM: 279601369
CHAT: -1001103092170
TEXT: @BZenza

[Thursday, 07 December 2017 at 07:09:49]
./methods.lua:384: type 'function' is not supported by JSON.


FROM: 279601369
CHAT: -1001103092170
TEXT: @Raulmu99

[Thursday, 07 December 2017 at 08:51:15]
./methods.lua:384: type 'function' is not supported by JSON.


FROM: 371381757
CHAT: -1001051899612
TEXT: @Alt200

[Thursday, 07 December 2017 at 09:47:42]
./methods.lua:384: type 'function' is not supported by JSON.


FROM: 337692639
CHAT: -1001055341307
TEXT: @loquendo

[Thursday, 07 December 2017 at 09:47:55]
./methods.lua:384: type 'function' is not supported by JSON.


FROM: 337692639
CHAT: -1001055341307
TEXT: @El_Novato

[Thursday, 07 December 2017 at 10:19:17]
/usr/local/share/lua/5.2/socket/url.lua:31: bad argument #1 to 'gsub' (string expected, got nil)


FROM: 5846213
CHAT: 5846213
TEXT: /welcome Bienvenido $name 


NORMAS:
1. Ser activos y respetar a los demás opositores
2. PREGUNTAR CUALQUIER DUDA por muy loca que parezca, tanto a administradores como demás integrantes, estamos para ayudarnos entre todos.
3. El grupo cuenta con una nube donde tenemos material, para poder participar, hablar con el administrador, y se os comentará los detalles
4. Los temas a tratar por cada administrador serán los siguientes: 
@Jcdelgui   - tema de la nube
@fernandocardes - resolver dudas 
@MiGUE7  - recomendaciones sobre temarios y cualquiera que puedan surgir.
Losa  - se encargará de la parte respecto a la oposición de G.C
5. Ante la cantidad de mensajes, se ruega mencionar a los administradores con el símbolo @ más su nombre de usuario para que puedan ver dichos mensajes.
6. Hay que ser ACTIVO REGULARMENTE.
Si por cualquier circunstancia, no sé puede estarlo, comunicar sin problema, para no expulsar a nadie ni nada.
7. Si eres recién llegado has de presentarte al grupo, serás bien recibido.
8. Todo el mundo debe contar con al menos una foto y unas iniciales o alias en el nombre para saber que son personas reales.
9. El horario del grupo sera de L-V desde las 00:00h hasta las 20:00h para hablar de la oposicion y de las 20:00h a las 00:00h para hablar de lo que queramos.
Desde el Viernes a las 20:00h hasta el Domingo a las 00:00h barra libre para los opositores para hablar de cualquier tema.

[Thursday, 07 December 2017 at 10:19:34]
/usr/local/share/lua/5.2/socket/url.lua:31: bad argument #1 to 'gsub' (string expected, got nil)


FROM: 5846213
CHAT: 5846213
TEXT: /welcome

[Thursday, 07 December 2017 at 10:19:39]
/usr/local/share/lua/5.2/socket/url.lua:31: bad argument #1 to 'gsub' (string expected, got nil)


FROM: 5846213
CHAT: 5846213
TEXT: /welcome

[Thursday, 07 December 2017 at 11:12:25]
./methods.lua:384: type 'function' is not supported by JSON.


FROM: 306424560
CHAT: -1001139537460
TEXT: @tecomoelchanchonely

[Thursday, 07 December 2017 at 11:44:24]
./methods.lua:384: type 'function' is not supported by JSON.


FROM: 161725206
CHAT: -1001139537460
TEXT: @YlerA

[Thursday, 07 December 2017 at 12:02:27]
./methods.lua:384: type 'function' is not supported by JSON.


FROM: 401422605
CHAT: -1001229718027
TEXT: @FlowerSchwarz

[Thursday, 07 December 2017 at 12:14:58]
./methods.lua:384: type 'function' is not supported by JSON.


FROM: 337692639
CHAT: -1001055341307
TEXT: @BoyHelll

[Thursday, 07 December 2017 at 12:15:20]
./methods.lua:384: type 'function' is not supported by JSON.


FROM: 337692639
CHAT: -1001055341307
TEXT: @BoyHelll

[Thursday, 07 December 2017 at 13:19:21]
./methods.lua:384: type 'function' is not supported by JSON.


FROM: 337692639
CHAT: -1001055341307
TEXT: @loquendo

[Thursday, 07 December 2017 at 13:51:08]
./methods.lua:384: type 'function' is not supported by JSON.


FROM: 97715827
CHAT: -1001229718027
TEXT: @EveryBodyOnHp

[Thursday, 07 December 2017 at 17:13:34]
./methods.lua:384: type 'function' is not supported by JSON.


FROM: 420267168
CHAT: -1001229718027
TEXT: @FlojeadorCompulsivo

[Thursday, 07 December 2017 at 17:14:04]
./methods.lua:384: type 'function' is not supported by JSON.


FROM: 420267168
CHAT: -1001229718027
TEXT: @DovahkiinYT

[Thursday, 07 December 2017 at 17:14:18]
./methods.lua:384: type 'function' is not supported by JSON.


FROM: 420267168
CHAT: -1001229718027
TEXT: @Mariana24

[Thursday, 07 December 2017 at 17:14:59]
./methods.lua:384: type 'function' is not supported by JSON.


FROM: 420267168
CHAT: -1001229718027
TEXT: @RukasuSD

[Thursday, 07 December 2017 at 18:09:56]
./methods.lua:384: type 'function' is not supported by JSON.


FROM: 191991752
CHAT: -1001229718027
TEXT: @EveryBodyOnHp

[Thursday, 07 December 2017 at 20:45:12]
plugins/tags.lua:50: attempt to concatenate field 'username' (a nil value)


FROM: 447115025
CHAT: -1001055341307
TEXT: @Mianrug

[Thursday, 07 December 2017 at 21:16:28]
./methods.lua:384: type 'function' is not supported by JSON.


FROM: 464192592
CHAT: -1001112595265
TEXT: @MeraBmth

[Thursday, 07 December 2017 at 23:36:43]
plugins/antigroserias.lua:35: '}' expected (to close '{' at line 28) near '"[Ss][Hh][Ii][Tt]"'


FROM: 27840971
CHAT: 27840971
TEXT: /ainit

[Thursday, 07 December 2017 at 23:41:50]
./methods.lua:384: type 'function' is not supported by JSON.


FROM: 264877927
CHAT: -1001112595265
TEXT: @Nucleoterco

[Friday, 08 December 2017 at 01:02:21]
./methods.lua:384: type 'function' is not supported by JSON.


FROM: 161725206
CHAT: -1001139537460
TEXT: @AldoDeltaOscar

[Friday, 08 December 2017 at 01:02:29]
./methods.lua:384: type 'function' is not supported by JSON.


FROM: 161725206
CHAT: -1001139537460
TEXT: @qepasa

[Friday, 08 December 2017 at 03:22:49]
./methods.lua:384: type 'function' is not supported by JSON.


FROM: 397483805
CHAT: -1001103092170
TEXT: @Cypper_HB

[Friday, 08 December 2017 at 03:22:54]
./methods.lua:384: type 'function' is not supported by JSON.


FROM: 397483805
CHAT: -1001103092170
TEXT: @Mariana24

[Friday, 08 December 2017 at 03:23:00]
./methods.lua:384: type 'function' is not supported by JSON.


FROM: 397483805
CHAT: -1001103092170
TEXT: @Muscky

[Friday, 08 December 2017 at 03:23:05]
./methods.lua:384: type 'function' is not supported by JSON.


FROM: 397483805
CHAT: -1001103092170
TEXT: @Bakato

[Friday, 08 December 2017 at 03:23:15]
./methods.lua:384: type 'function' is not supported by JSON.


FROM: 397483805
CHAT: -1001103092170
TEXT: @AyanamiMei

[Friday, 08 December 2017 at 03:23:20]
./methods.lua:384: type 'function' is not supported by JSON.


FROM: 397483805
CHAT: -1001103092170
TEXT: @eladriandel99

[Friday, 08 December 2017 at 07:23:07]
./methods.lua:384: type 'function' is not supported by JSON.


FROM: 397483805
CHAT: -1001103092170
TEXT: @QueWiliNiQueBebeMuerto

[Friday, 08 December 2017 at 07:30:48]
./methods.lua:384: type 'function' is not supported by JSON.


FROM: 348440433
CHAT: -1001103092170
TEXT: @Elmascansa

[Friday, 08 December 2017 at 07:31:22]
./methods.lua:384: type 'function' is not supported by JSON.


FROM: 397483805
CHAT: -1001103092170
TEXT: @UnoMas1

[Friday, 08 December 2017 at 07:31:27]
./methods.lua:384: type 'function' is not supported by JSON.


FROM: 397483805
CHAT: -1001103092170
TEXT: @BZenza

[Friday, 08 December 2017 at 07:31:31]
./methods.lua:384: type 'function' is not supported by JSON.


FROM: 397483805
CHAT: -1001103092170
TEXT: @Musolari

[Friday, 08 December 2017 at 07:31:41]
./methods.lua:384: type 'function' is not supported by JSON.


FROM: 397483805
CHAT: -1001103092170
TEXT: @ganix93

[Friday, 08 December 2017 at 08:07:35]
./methods.lua:384: type 'function' is not supported by JSON.


FROM: 397483805
CHAT: -1001103092170
TEXT: @yellowhearth

[Friday, 08 December 2017 at 08:40:49]
./methods.lua:384: type 'function' is not supported by JSON.


FROM: 191991752
CHAT: -1001229718027
TEXT: @Mariavpg

[Friday, 08 December 2017 at 08:41:04]
./methods.lua:384: type 'function' is not supported by JSON.


FROM: 191991752
CHAT: -1001229718027
TEXT: @Wolframgx

[Friday, 08 December 2017 at 08:41:08]
./methods.lua:384: type 'function' is not supported by JSON.


FROM: 191991752
CHAT: -1001229718027
TEXT: @FlojeadorCompulsivo

[Friday, 08 December 2017 at 08:41:11]
./methods.lua:384: type 'function' is not supported by JSON.


FROM: 191991752
CHAT: -1001229718027
TEXT: @Mariana24

[Friday, 08 December 2017 at 08:41:21]
./methods.lua:384: type 'function' is not supported by JSON.


FROM: 191991752
CHAT: -1001229718027
TEXT: @pochoclo

[Friday, 08 December 2017 at 08:44:07]
./methods.lua:384: type 'function' is not supported by JSON.


FROM: 191991752
CHAT: -1001229718027
TEXT: @chesito22

[Friday, 08 December 2017 at 10:25:39]
./methods.lua:384: type 'function' is not supported by JSON.


FROM: 153648605
CHAT: -1001229718027
TEXT: @sstrangerthings

[Friday, 08 December 2017 at 10:41:45]
./methods.lua:384: type 'function' is not supported by JSON.


FROM: 191991752
CHAT: -1001229718027
TEXT: @Mariana24

[Friday, 08 December 2017 at 10:41:47]
./methods.lua:384: type 'function' is not supported by JSON.


FROM: 191991752
CHAT: -1001229718027
TEXT: @Sirlaxj

[Friday, 08 December 2017 at 10:41:51]
./methods.lua:384: type 'function' is not supported by JSON.


FROM: 191991752
CHAT: -1001229718027
TEXT: @Siempre_tuya

[Friday, 08 December 2017 at 10:41:56]
./methods.lua:384: type 'function' is not supported by JSON.


FROM: 191991752
CHAT: -1001229718027
TEXT: @Meaf75

[Friday, 08 December 2017 at 10:42:02]
./methods.lua:384: type 'function' is not supported by JSON.


FROM: 153648605
CHAT: -1001229718027
TEXT: @Meaf75

[Friday, 08 December 2017 at 10:42:15]
./methods.lua:384: type 'function' is not supported by JSON.


FROM: 191991752
CHAT: -1001229718027
TEXT: @agathaismymom

[Friday, 08 December 2017 at 11:50:35]
./methods.lua:384: type 'function' is not supported by JSON.


FROM: 161725206
CHAT: -1001139537460
TEXT: @Zoe8877

[Friday, 08 December 2017 at 18:24:56]
./methods.lua:384: type 'function' is not supported by JSON.


FROM: 191991752
CHAT: -1001229718027
TEXT: @Siempre_tuya

[Friday, 08 December 2017 at 18:24:59]
./methods.lua:384: type 'function' is not supported by JSON.


FROM: 191991752
CHAT: -1001229718027
TEXT: @Sirlaxj

[Friday, 08 December 2017 at 18:25:10]
./methods.lua:384: type 'function' is not supported by JSON.


FROM: 191991752
CHAT: -1001229718027
TEXT: @FlojeadorCompulsivo

[Friday, 08 December 2017 at 18:25:16]
./methods.lua:384: type 'function' is not supported by JSON.


FROM: 191991752
CHAT: -1001229718027
TEXT: @Meaf75

[Friday, 08 December 2017 at 18:25:20]
./methods.lua:384: type 'function' is not supported by JSON.


FROM: 191991752
CHAT: -1001229718027
TEXT: @SoySol

[Friday, 08 December 2017 at 18:25:37]
./methods.lua:384: type 'function' is not supported by JSON.


FROM: 191991752
CHAT: -1001229718027
TEXT: @Notar2

[Friday, 08 December 2017 at 18:27:53]
./methods.lua:384: type 'function' is not supported by JSON.


FROM: 191991752
CHAT: -1001229718027
TEXT: @Siempre_tuya

[Friday, 08 December 2017 at 18:27:58]
./methods.lua:384: type 'function' is not supported by JSON.


FROM: 191991752
CHAT: -1001229718027
TEXT: @EveryBodyOnHp

[Friday, 08 December 2017 at 18:28:02]
./methods.lua:384: type 'function' is not supported by JSON.


FROM: 191991752
CHAT: -1001229718027
TEXT: @REIDIOMAN

[Friday, 08 December 2017 at 18:28:07]
./methods.lua:384: type 'function' is not supported by JSON.


FROM: 191991752
CHAT: -1001229718027
TEXT: @Mariavpg

[Friday, 08 December 2017 at 18:28:13]
./methods.lua:384: type 'function' is not supported by JSON.


FROM: 191991752
CHAT: -1001229718027
TEXT: @agathaismymom

[Friday, 08 December 2017 at 18:28:24]
./methods.lua:384: type 'function' is not supported by JSON.


FROM: 191991752
CHAT: -1001229718027
TEXT: @sstrangerthings

[Friday, 08 December 2017 at 19:47:20]
./methods.lua:384: type 'function' is not supported by JSON.


FROM: 420979093
CHAT: -1001055341307
TEXT: @Leomessi99999

[Friday, 08 December 2017 at 20:28:30]
./methods.lua:384: type 'function' is not supported by JSON.


FROM: 263755409
CHAT: -1001229718027
TEXT: @FlojeadorCompulsivo

[Friday, 08 December 2017 at 20:29:12]
./methods.lua:384: type 'function' is not supported by JSON.


FROM: 263755409
CHAT: -1001229718027
TEXT: @Mexinga

[Friday, 08 December 2017 at 20:29:57]
./methods.lua:384: type 'function' is not supported by JSON.


FROM: 263755409
CHAT: -1001229718027
TEXT: @DovahkiinYT

[Friday, 08 December 2017 at 21:11:49]
./methods.lua:384: type 'function' is not supported by JSON.


FROM: 337692639
CHAT: -1001055341307
TEXT: @loquendo

[Saturday, 09 December 2017 at 00:26:06]
./methods.lua:384: type 'function' is not supported by JSON.


FROM: 271537273
CHAT: -1001055341307
TEXT: @newhack93

[Saturday, 09 December 2017 at 08:13:22]
./methods.lua:384: type 'function' is not supported by JSON.


FROM: 2401844
CHAT: -1001109143636
TEXT: @XmartoX

[Saturday, 09 December 2017 at 12:49:58]
./methods.lua:384: type 'function' is not supported by JSON.


FROM: 306424560
CHAT: -1001108628160
TEXT: @Terraplanistamorir

[Saturday, 09 December 2017 at 16:12:49]
./methods.lua:384: type 'function' is not supported by JSON.


FROM: 153648605
CHAT: -1001229718027
TEXT: @chesito22

[Saturday, 09 December 2017 at 16:14:32]
./methods.lua:384: type 'function' is not supported by JSON.


FROM: 153648605
CHAT: -1001229718027
TEXT: @Meaf75

[Saturday, 09 December 2017 at 18:37:09]
./methods.lua:384: type 'function' is not supported by JSON.


FROM: 263755409
CHAT: -1001229718027
TEXT: @EveryBodyOnHp

[Saturday, 09 December 2017 at 18:45:51]
./methods.lua:384: type 'function' is not supported by JSON.


FROM: 263755409
CHAT: -1001229718027
TEXT: @FlojeadorCompulsivo

[Saturday, 09 December 2017 at 18:59:34]
./methods.lua:384: type 'function' is not supported by JSON.


FROM: 240587895
CHAT: -1001234091839
TEXT: @MIPOMR32

[Saturday, 09 December 2017 at 19:05:12]
./methods.lua:384: type 'function' is not supported by JSON.


FROM: 280902572
CHAT: -1001229718027
TEXT: @Gabedion

[Saturday, 09 December 2017 at 19:44:30]
./methods.lua:384: type 'function' is not supported by JSON.


FROM: 173952879
CHAT: -1001071541329
TEXT: @EveryBodyOnHp

[Saturday, 09 December 2017 at 20:12:54]
./methods.lua:384: type 'function' is not supported by JSON.


FROM: 149591462
CHAT: -1001071541329
TEXT: @GUS_94

[Saturday, 09 December 2017 at 20:20:21]
./methods.lua:384: type 'function' is not supported by JSON.


FROM: 173952879
CHAT: -1001071541329
TEXT: @Rdiegomusic

[Saturday, 09 December 2017 at 20:24:05]
./methods.lua:384: type 'function' is not supported by JSON.


FROM: 337692639
CHAT: -1001055341307
TEXT: @loquendo

[Sunday, 10 December 2017 at 09:13:24]
./methods.lua:384: type 'function' is not supported by JSON.


FROM: 240587895
CHAT: -1001234091839
TEXT: @GOKU2000

[Sunday, 10 December 2017 at 11:29:45]
./methods.lua:384: type 'function' is not supported by JSON.


FROM: 240587895
CHAT: -1001234091839
TEXT: @HACKERPROF

[Sunday, 10 December 2017 at 13:00:22]
./methods.lua:384: type 'function' is not supported by JSON.


FROM: 263755409
CHAT: -1001229718027
TEXT: @Gabedion

[Sunday, 10 December 2017 at 13:03:27]
./methods.lua:384: type 'function' is not supported by JSON.


FROM: 263755409
CHAT: -1001229718027
TEXT: @EveryBodyOnHp

[Sunday, 10 December 2017 at 13:22:12]
./methods.lua:384: type 'function' is not supported by JSON.


FROM: 469469094
CHAT: -1001112595265
TEXT: @Daddymt

[Sunday, 10 December 2017 at 13:59:09]
./methods.lua:384: type 'function' is not supported by JSON.


FROM: 229416653
CHAT: -1001112595265
TEXT: @Nucleoterco

[Sunday, 10 December 2017 at 14:13:54]
./methods.lua:384: type 'function' is not supported by JSON.


FROM: 469469094
CHAT: -1001112595265
TEXT: @TocandoleLaJaleaAlaVida

[Sunday, 10 December 2017 at 16:54:24]
./methods.lua:384: type 'function' is not supported by JSON.


FROM: 149591462
CHAT: -1001071541329
TEXT: @GUS_94

[Sunday, 10 December 2017 at 17:14:16]
/usr/local/share/lua/5.2/socket/url.lua:31: bad argument #1 to 'gsub' (string expected, got nil)


FROM: 5846213
CHAT: 5846213
TEXT: /welcome Bienvenido $name 


NORMAS:
1. Ser activos y respetar a los demás opositores.

2. PREGUNTAR CUALQUIER DUDA por muy loca que parezca, tanto a administradores como demás integrantes, estamos para ayudarnos entre todos.

3. Este grupo sera para hablar de la oposicion y no habra ninguna biblioteca ni nube.

4. Ante la cantidad de mensajes, se ruega mencionar a los administradores con el símbolo @ más su nombre de usuario para que puedan ver dichos mensajes.

5. Hay que ser ACTIVO REGULARMENTE.
Si por cualquier circunstancia, no sé puede estarlo, comunicar sin problema, para no expulsar a nadie ni nada.

6. Si eres recién llegado has de presentarte al grupo, serás bien recibido.

7. Todo el mundo debe contar con al menos una foto y unas iniciales o alias en el nombre para saber que son personas reales.

8. El horario del grupo sera de L-V desde las 00:00h hasta las 20:00h para hablar de la oposicion y de las 20:00h a las 00:00h para hablar de lo que queramos.
Desde el Viernes a las 20:00h hasta el Domingo a las 00:00h barra libre para los opositores para hablar de cualquier tema.

9. Queda prohibido pasar cualquier material por aquí, aquella persona que lo haga sera eliminada.

[Sunday, 10 December 2017 at 17:42:38]
./methods.lua:384: type 'function' is not supported by JSON.


FROM: 502833476
CHAT: -1001112595265
TEXT: @Nucleoterco

[Sunday, 10 December 2017 at 18:20:23]
./methods.lua:384: type 'function' is not supported by JSON.


FROM: 191991752
CHAT: -1001229718027
TEXT: @Sirlaxj

[Sunday, 10 December 2017 at 18:20:25]
./methods.lua:384: type 'function' is not supported by JSON.


FROM: 191991752
CHAT: -1001229718027
TEXT: @Siempre_tuya

[Sunday, 10 December 2017 at 18:20:32]
./methods.lua:384: type 'function' is not supported by JSON.


FROM: 191991752
CHAT: -1001229718027
TEXT: @Capitillo

[Sunday, 10 December 2017 at 18:20:38]
./methods.lua:384: type 'function' is not supported by JSON.


FROM: 191991752
CHAT: -1001229718027
TEXT: @sstrangerthings

[Sunday, 10 December 2017 at 19:29:47]
./methods.lua:384: type 'function' is not supported by JSON.


FROM: 46891684
CHAT: -1001112595265
TEXT: @TocandoleLaJaleaAlaVida

[Sunday, 10 December 2017 at 21:49:53]
./methods.lua:384: type 'function' is not supported by JSON.


FROM: 401422605
CHAT: -1001229718027
TEXT: @Notar2

[Sunday, 10 December 2017 at 21:50:10]
./methods.lua:384: type 'function' is not supported by JSON.


FROM: 263755409
CHAT: -1001229718027
TEXT: @EveryBodyOnHp

[Sunday, 10 December 2017 at 21:50:22]
./methods.lua:384: type 'function' is not supported by JSON.


FROM: 263755409
CHAT: -1001229718027
TEXT: @sstrangerthings

[Sunday, 10 December 2017 at 21:50:30]
./methods.lua:384: type 'function' is not supported by JSON.


FROM: 263755409
CHAT: -1001229718027
TEXT: @Sirlaxj

[Sunday, 10 December 2017 at 21:50:43]
./methods.lua:384: type 'function' is not supported by JSON.


FROM: 263755409
CHAT: -1001229718027
TEXT: @SticAC

[Sunday, 10 December 2017 at 21:50:57]
./methods.lua:384: type 'function' is not supported by JSON.


FROM: 401422605
CHAT: -1001229718027
TEXT: @VisitThePlanet

[Sunday, 10 December 2017 at 21:52:09]
./methods.lua:384: type 'function' is not supported by JSON.


FROM: 401422605
CHAT: -1001229718027
TEXT: @Mariavpg

[Sunday, 10 December 2017 at 21:52:16]
./methods.lua:384: type 'function' is not supported by JSON.


FROM: 401422605
CHAT: -1001229718027
TEXT: @agathaismymom

[Sunday, 10 December 2017 at 21:52:30]
./methods.lua:384: type 'function' is not supported by JSON.


FROM: 263755409
CHAT: -1001229718027
TEXT: @Mariavpg

[Sunday, 10 December 2017 at 21:53:25]
./methods.lua:384: type 'function' is not supported by JSON.


FROM: 263755409
CHAT: -1001229718027
TEXT: @EveryBodyOnHp

[Sunday, 10 December 2017 at 21:53:42]
./methods.lua:384: type 'function' is not supported by JSON.


FROM: 401422605
CHAT: -1001229718027
TEXT: @chesito22

[Sunday, 10 December 2017 at 21:53:49]
./methods.lua:384: type 'function' is not supported by JSON.


FROM: 401422605
CHAT: -1001229718027
TEXT: @MrMickeyMouse

[Sunday, 10 December 2017 at 21:53:58]
./methods.lua:384: type 'function' is not supported by JSON.


FROM: 263755409
CHAT: -1001229718027
TEXT: @SticAC

[Sunday, 10 December 2017 at 21:54:40]
./methods.lua:384: type 'function' is not supported by JSON.


FROM: 263755409
CHAT: -1001229718027
TEXT: @Jose538291

[Sunday, 10 December 2017 at 22:01:47]
plugins/service.lua:60: attempt to call global 'make_text' (a string value)


FROM: 412914437
CHAT: -1001055341307
TEXT: ###added

[Sunday, 10 December 2017 at 22:02:47]
plugins/service.lua:60: attempt to call global 'make_text' (a string value)


FROM: 235316695
CHAT: -1001055341307
TEXT: ###added

[Sunday, 10 December 2017 at 22:08:42]
plugins/service.lua:60: attempt to call global 'make_text' (a string value)


FROM: 485701024
CHAT: -1001055341307
TEXT: ###added

[Sunday, 10 December 2017 at 22:08:52]
plugins/service.lua:60: attempt to call global 'make_text' (a string value)


FROM: 224530859
CHAT: -1001146297748
TEXT: ###added

[Sunday, 10 December 2017 at 22:09:43]
plugins/service.lua:60: attempt to call global 'make_text' (a string value)


FROM: 421150309
CHAT: -1001055341307
TEXT: ###added

[Sunday, 10 December 2017 at 22:20:03]
plugins/service.lua:60: attempt to call global 'make_text' (a string value)


FROM: 222857184
CHAT: -1001055341307
TEXT: ###added

[Sunday, 10 December 2017 at 22:25:03]
plugins/service.lua:60: attempt to call global 'make_text' (a string value)


FROM: 384608314
CHAT: -1001055341307
TEXT: ###added

[Sunday, 10 December 2017 at 22:25:46]
plugins/warn.lua:126: attempt to call global 'make_text' (a string value)


FROM: 27840971
CHAT: -1001071541329
TEXT: /warn

[Sunday, 10 December 2017 at 22:26:12]
plugins/service.lua:60: attempt to call global 'make_text' (a string value)


FROM: 499161513
CHAT: -1001055341307
TEXT: ###added

[Sunday, 10 December 2017 at 22:28:15]
plugins/help.lua:120: attempt to call global 'make_text' (a string value)


FROM: 27840971
CHAT: 27840971
TEXT: /help

[Sunday, 10 December 2017 at 22:34:59]
plugins/service.lua:60: attempt to call global 'make_text' (a string value)


FROM: 404608932
CHAT: -1001055341307
TEXT: ###added

[Sunday, 10 December 2017 at 22:38:01]
plugins/help.lua:120: attempt to call global 'make_text' (a string value)


FROM: 27840971
CHAT: 27840971
TEXT: /help

[Monday, 11 December 2017 at 05:21:15]
./methods.lua:384: type 'function' is not supported by JSON.


FROM: 397483805
CHAT: -1001103092170
TEXT: @BZenza

[Monday, 11 December 2017 at 05:21:23]
./methods.lua:384: type 'function' is not supported by JSON.


FROM: 397483805
CHAT: -1001103092170
TEXT: @Musolari

[Monday, 11 December 2017 at 05:21:28]
./methods.lua:384: type 'function' is not supported by JSON.


FROM: 214107938
CHAT: -1001103092170
TEXT: @MouseMinnie

[Monday, 11 December 2017 at 05:21:52]
./methods.lua:384: type 'function' is not supported by JSON.


FROM: 214107938
CHAT: -1001103092170
TEXT: @MouseMinnie

[Monday, 11 December 2017 at 05:22:15]
./methods.lua:384: type 'function' is not supported by JSON.


FROM: 214107938
CHAT: -1001103092170
TEXT: @MouseMinnie

[Monday, 11 December 2017 at 10:14:07]
./methods.lua:384: type 'function' is not supported by JSON.


FROM: 469469094
CHAT: -1001112595265
TEXT: @Negrogarka

[Monday, 11 December 2017 at 10:38:45]
./methods.lua:384: type 'function' is not supported by JSON.


FROM: 464192592
CHAT: -1001112595265
TEXT: @BoyHelll

[Monday, 11 December 2017 at 10:43:22]
./methods.lua:384: type 'function' is not supported by JSON.


FROM: 337692639
CHAT: -1001112595265
TEXT: @BoyHelll

[Monday, 11 December 2017 at 10:45:49]
./methods.lua:384: type 'function' is not supported by JSON.


FROM: 149591462
CHAT: -1001071541329
TEXT: @GUS_94

[Monday, 11 December 2017 at 11:27:17]
./methods.lua:384: type 'function' is not supported by JSON.


FROM: 337692639
CHAT: -1001112595265
TEXT: @TocandoleLaJaleaAlaVida

[Monday, 11 December 2017 at 13:07:13]
./methods.lua:384: type 'function' is not supported by JSON.


FROM: 292858800
CHAT: -1001112595265
TEXT: @Aocstar

[Monday, 11 December 2017 at 13:57:43]
./methods.lua:384: type 'function' is not supported by JSON.


FROM: 279601369
CHAT: -1001103092170
TEXT: @Barreeeiroo

[Monday, 11 December 2017 at 16:02:31]
plugins/service.lua:134: attempt to index field 'username' (a nil value)


FROM: 474083382
CHAT: -1001112595265
TEXT: ###added

[Monday, 11 December 2017 at 16:02:31]
plugins/service.lua:134: attempt to index field 'username' (a nil value)


FROM: 474083382
CHAT: -1001112595265
TEXT: ###added

[Monday, 11 December 2017 at 17:31:50]
plugins/service.lua:134: attempt to index field 'username' (a nil value)


FROM: 434478073
CHAT: -1001112595265
TEXT: ###added

[Monday, 11 December 2017 at 17:31:50]
plugins/service.lua:134: attempt to index field 'username' (a nil value)


FROM: 434478073
CHAT: -1001112595265
TEXT: ###added

[Monday, 11 December 2017 at 17:31:52]
plugins/service.lua:134: attempt to index field 'username' (a nil value)


FROM: 252174584
CHAT: -1001112595265
TEXT: ###added

[Monday, 11 December 2017 at 17:31:53]
plugins/service.lua:134: attempt to index field 'username' (a nil value)


FROM: 252174584
CHAT: -1001112595265
TEXT: ###added

[Monday, 11 December 2017 at 18:26:35]
./methods.lua:384: type 'function' is not supported by JSON.


FROM: 371381757
CHAT: -1001051899612
TEXT: @ManguitoEDLSH

[Monday, 11 December 2017 at 18:28:35]
./methods.lua:384: type 'function' is not supported by JSON.


FROM: 337692639
CHAT: -1001112595265
TEXT: @realkira1

[Monday, 11 December 2017 at 18:29:05]
/usr/local/share/lua/5.2/redis.lua:380: redis error: ERR Background save already in progress


FROM: 27840971
CHAT: 27840971
TEXT: /astop

[Monday, 11 December 2017 at 18:30:44]
./methods.lua:384: type 'function' is not supported by JSON.


FROM: 464192592
CHAT: -1001112595265
TEXT: @weed420xxx

[Monday, 11 December 2017 at 18:40:37]
./methods.lua:384: type 'function' is not supported by JSON.


FROM: 371381757
CHAT: -1001051899612
TEXT: @HatCliff

[Monday, 11 December 2017 at 19:48:32]
./methods.lua:384: type 'function' is not supported by JSON.


FROM: 337692639
CHAT: -1001112595265
TEXT: @Lukiyas

[Monday, 11 December 2017 at 20:00:20]
./methods.lua:384: type 'function' is not supported by JSON.


FROM: 337692639
CHAT: -1001112595265
TEXT: @Donmacabro

[Monday, 11 December 2017 at 20:47:25]
plugins/service.lua:134: attempt to index field 'username' (a nil value)


FROM: 406561715
CHAT: -1001112595265
TEXT: ###added

[Monday, 11 December 2017 at 20:47:26]
plugins/service.lua:134: attempt to index field 'username' (a nil value)


FROM: 406561715
CHAT: -1001112595265
TEXT: ###added

[Monday, 11 December 2017 at 21:42:50]
plugins/service.lua:134: attempt to index field 'username' (a nil value)


FROM: 361631892
CHAT: -1001112595265
TEXT: ###added

[Monday, 11 December 2017 at 22:08:58]
./methods.lua:384: type 'function' is not supported by JSON.


FROM: 464192592
CHAT: -1001112595265
TEXT: @pontevedresa

[Tuesday, 12 December 2017 at 06:17:14]
./methods.lua:384: type 'function' is not supported by JSON.


FROM: 173952879
CHAT: -1001071541329
TEXT: @EveryBodyOnHp

[Tuesday, 12 December 2017 at 08:25:19]
./methods.lua:384: type 'function' is not supported by JSON.


FROM: 292858800
CHAT: -1001112595265
TEXT: @yosoyL

[Tuesday, 12 December 2017 at 08:25:26]
./methods.lua:384: type 'function' is not supported by JSON.


FROM: 292858800
CHAT: -1001112595265
TEXT: @Aocstar

[Tuesday, 12 December 2017 at 11:39:39]
utilities.lua:305: attempt to index local 'text' (a nil value)


FROM: 250301329
CHAT: -1001101240169
TEXT: /enable spam

[Tuesday, 12 December 2017 at 13:58:03]
./methods.lua:384: type 'function' is not supported by JSON.


FROM: 149591462
CHAT: -1001071541329
TEXT: @EveryBodyOnHp

[Tuesday, 12 December 2017 at 15:43:14]
plugins/service.lua:134: attempt to index field 'username' (a nil value)


FROM: 494704833
CHAT: -1001112595265
TEXT: ###added

[Tuesday, 12 December 2017 at 18:07:19]
./methods.lua:384: type 'function' is not supported by JSON.


FROM: 337692639
CHAT: -1001112595265
TEXT: @TocandoleLaJaleaAlaVida

[Tuesday, 12 December 2017 at 18:36:35]
./methods.lua:384: type 'function' is not supported by JSON.


FROM: 337692639
CHAT: -1001112595265
TEXT: @SigSauerP226

[Tuesday, 12 December 2017 at 18:44:25]
./methods.lua:384: type 'function' is not supported by JSON.


FROM: 337692639
CHAT: -1001112595265
TEXT: @BoyHelll

[Tuesday, 12 December 2017 at 19:48:16]
./methods.lua:384: type 'function' is not supported by JSON.


FROM: 290306167
CHAT: -1001229718027
TEXT: @Meaf75

[Tuesday, 12 December 2017 at 19:51:56]
./methods.lua:384: type 'function' is not supported by JSON.


FROM: 247295279
CHAT: -1001103092170
TEXT: @MouseMinnie

[Tuesday, 12 December 2017 at 20:09:16]
./methods.lua:384: type 'function' is not supported by JSON.


FROM: 304211445
CHAT: -1001051899612
TEXT: @Lonelyneko

[Tuesday, 12 December 2017 at 20:17:55]
./methods.lua:384: type 'function' is not supported by JSON.


FROM: 464192592
CHAT: -1001112595265
TEXT: @AlitoG

[Tuesday, 12 December 2017 at 20:18:00]
./methods.lua:384: type 'function' is not supported by JSON.


FROM: 464192592
CHAT: -1001112595265
TEXT: @Anto_1993

[Tuesday, 12 December 2017 at 20:18:04]
./methods.lua:384: type 'function' is not supported by JSON.


FROM: 464192592
CHAT: -1001112595265
TEXT: @BBadBunny

[Tuesday, 12 December 2017 at 21:30:06]
./methods.lua:384: type 'function' is not supported by JSON.


FROM: 401422605
CHAT: -1001229718027
TEXT: @Lixus98

[Tuesday, 12 December 2017 at 21:30:12]
./methods.lua:384: type 'function' is not supported by JSON.


FROM: 401422605
CHAT: -1001229718027
TEXT: @Mariavpg

[Tuesday, 12 December 2017 at 21:30:17]
./methods.lua:384: type 'function' is not supported by JSON.


FROM: 401422605
CHAT: -1001229718027
TEXT: @Gabedion

[Wednesday, 13 December 2017 at 01:28:43]
./methods.lua:384: type 'function' is not supported by JSON.


FROM: 470234093
CHAT: -1001139906339
TEXT: @Djdh54

[Wednesday, 13 December 2017 at 10:42:24]
./methods.lua:384: type 'function' is not supported by JSON.


FROM: 149591462
CHAT: -1001071541329
TEXT: @GUS_94

[Wednesday, 13 December 2017 at 10:53:49]
./methods.lua:384: type 'function' is not supported by JSON.


FROM: 368675812
CHAT: -1001051899612
TEXT: @Matias_il

[Wednesday, 13 December 2017 at 12:02:17]
./methods.lua:384: type 'function' is not supported by JSON.


FROM: 3037159
CHAT: -1001051899612
TEXT: @Matias_il

[Wednesday, 13 December 2017 at 18:27:20]
plugins/tags.lua:50: attempt to concatenate field 'username' (a nil value)


FROM: 466153849
CHAT: -1001112595265
TEXT: @iancard91

[Wednesday, 13 December 2017 at 19:37:31]
./methods.lua:384: type 'function' is not supported by JSON.


FROM: 401422605
CHAT: -1001229718027
TEXT: @Sirlaxj

[Wednesday, 13 December 2017 at 19:48:21]
./methods.lua:384: type 'function' is not supported by JSON.


FROM: 290306167
CHAT: -1001229718027
TEXT: @Gabedion

[Wednesday, 13 December 2017 at 19:48:33]
./methods.lua:384: type 'function' is not supported by JSON.


FROM: 290306167
CHAT: -1001229718027
TEXT: @Sakata01

[Wednesday, 13 December 2017 at 20:15:51]
./methods.lua:384: type 'function' is not supported by JSON.


FROM: 290306167
CHAT: -1001229718027
TEXT: @Siempre_tuya

[Wednesday, 13 December 2017 at 20:16:12]
./methods.lua:384: type 'function' is not supported by JSON.


FROM: 290306167
CHAT: -1001229718027
TEXT: @Siempre_tuya

[Wednesday, 13 December 2017 at 20:26:54]
./methods.lua:384: type 'function' is not supported by JSON.


FROM: 456500298
CHAT: -1001112595265
TEXT: @Nucleoterco

[Wednesday, 13 December 2017 at 21:50:30]
./methods.lua:384: type 'function' is not supported by JSON.


FROM: 46891684
CHAT: -1001112595265
TEXT: @TocandoleLaJaleaAlaVida

[Thursday, 14 December 2017 at 05:57:39]
./methods.lua:384: type 'function' is not supported by JSON.


FROM: 371381757
CHAT: -1001051899612
TEXT: @HatCliff

[Thursday, 14 December 2017 at 08:49:28]
./methods.lua:384: type 'function' is not supported by JSON.


FROM: 371381757
CHAT: -1001051899612
TEXT: @HatCliff

[Thursday, 14 December 2017 at 09:10:24]
./methods.lua:384: type 'function' is not supported by JSON.


FROM: 401422605
CHAT: -1001229718027
TEXT: @FlojeadorCompulsivo

[Thursday, 14 December 2017 at 09:10:30]
./methods.lua:384: type 'function' is not supported by JSON.


FROM: 401422605
CHAT: -1001229718027
TEXT: @Baura28

[Thursday, 14 December 2017 at 09:12:24]
./methods.lua:384: type 'function' is not supported by JSON.


FROM: 263755409
CHAT: -1001229718027
TEXT: @FlojeadorCompulsivo

[Thursday, 14 December 2017 at 09:12:31]
./methods.lua:384: type 'function' is not supported by JSON.


FROM: 263755409
CHAT: -1001229718027
TEXT: @DovahkiinYT

[Thursday, 14 December 2017 at 09:12:39]
./methods.lua:384: type 'function' is not supported by JSON.


FROM: 263755409
CHAT: -1001229718027
TEXT: @GabrielLince

[Thursday, 14 December 2017 at 09:12:51]
./methods.lua:384: type 'function' is not supported by JSON.


FROM: 263755409
CHAT: -1001229718027
TEXT: @Baura28

[Thursday, 14 December 2017 at 09:13:00]
./methods.lua:384: type 'function' is not supported by JSON.


FROM: 263755409
CHAT: -1001229718027
TEXT: @pochoclo

[Thursday, 14 December 2017 at 11:54:41]
./methods.lua:384: type 'function' is not supported by JSON.


FROM: 337692639
CHAT: -1001112595265
TEXT: @BoyHelll

[Thursday, 14 December 2017 at 11:57:10]
./methods.lua:384: type 'function' is not supported by JSON.


FROM: 337692639
CHAT: -1001112595265
TEXT: @Umbrella98

[Thursday, 14 December 2017 at 12:18:03]
./methods.lua:384: type 'function' is not supported by JSON.


FROM: 371381757
CHAT: -1001051899612
TEXT: @Jazz_Du

[Thursday, 14 December 2017 at 12:43:10]
./methods.lua:384: type 'function' is not supported by JSON.


FROM: 155622821
CHAT: -1001139537460
TEXT: @Mexicano2000

[Thursday, 14 December 2017 at 13:03:02]
./methods.lua:384: type 'function' is not supported by JSON.


FROM: 421360596
CHAT: -1001051899612
TEXT: @Matias_il

[Thursday, 14 December 2017 at 13:54:34]
./methods.lua:384: type 'function' is not supported by JSON.


FROM: 304211445
CHAT: -1001051899612
TEXT: @stilnovista

[Thursday, 14 December 2017 at 17:37:23]
./methods.lua:384: type 'function' is not supported by JSON.


FROM: 280902572
CHAT: -1001229718027
TEXT: @MrMickeyMouse

[Thursday, 14 December 2017 at 18:06:51]
./methods.lua:384: type 'function' is not supported by JSON.


FROM: 191991752
CHAT: -1001229718027
TEXT: @sstrangerthings

[Thursday, 14 December 2017 at 18:06:57]
./methods.lua:384: type 'function' is not supported by JSON.


FROM: 191991752
CHAT: -1001229718027
TEXT: @Mexinga

[Thursday, 14 December 2017 at 18:07:03]
./methods.lua:384: type 'function' is not supported by JSON.


FROM: 191991752
CHAT: -1001229718027
TEXT: @JoacoARAOZ

[Thursday, 14 December 2017 at 18:07:06]
./methods.lua:384: type 'function' is not supported by JSON.


FROM: 191991752
CHAT: -1001229718027
TEXT: @Baura28

[Thursday, 14 December 2017 at 18:07:08]
./methods.lua:384: type 'function' is not supported by JSON.


FROM: 191991752
CHAT: -1001229718027
TEXT: @Siempre_tuya

[Thursday, 14 December 2017 at 18:07:12]
./methods.lua:384: type 'function' is not supported by JSON.


FROM: 191991752
CHAT: -1001229718027
TEXT: @chesito22

[Thursday, 14 December 2017 at 18:07:17]
./methods.lua:384: type 'function' is not supported by JSON.


FROM: 191991752
CHAT: -1001229718027
TEXT: @RukasuSD

[Thursday, 14 December 2017 at 18:08:23]
./methods.lua:384: type 'function' is not supported by JSON.


FROM: 217656004
CHAT: -1001229718027
TEXT: @TheVerussKolts

[Thursday, 14 December 2017 at 18:11:00]
./methods.lua:384: type 'function' is not supported by JSON.


FROM: 191991752
CHAT: -1001229718027
TEXT: @sstrangerthings

[Thursday, 14 December 2017 at 18:11:10]
./methods.lua:384: type 'function' is not supported by JSON.


FROM: 191991752
CHAT: -1001229718027
TEXT: @Gabedion

[Thursday, 14 December 2017 at 18:11:19]
./methods.lua:384: type 'function' is not supported by JSON.


FROM: 191991752
CHAT: -1001229718027
TEXT: @Mariana24

[Thursday, 14 December 2017 at 18:11:28]
./methods.lua:384: type 'function' is not supported by JSON.


FROM: 292858800
CHAT: -1001112595265
TEXT: @iancard91

[Thursday, 14 December 2017 at 18:11:29]
./methods.lua:384: type 'function' is not supported by JSON.


FROM: 191991752
CHAT: -1001229718027
TEXT: @Mariavpg

[Thursday, 14 December 2017 at 18:11:39]
./methods.lua:384: type 'function' is not supported by JSON.


FROM: 191991752
CHAT: -1001229718027
TEXT: @Meaf75

[Thursday, 14 December 2017 at 18:11:46]
./methods.lua:384: type 'function' is not supported by JSON.


FROM: 191991752
CHAT: -1001229718027
TEXT: @Rapax2002

[Thursday, 14 December 2017 at 18:11:49]
./methods.lua:384: type 'function' is not supported by JSON.


FROM: 191991752
CHAT: -1001229718027
TEXT: @Anaismzz

[Thursday, 14 December 2017 at 18:11:58]
./methods.lua:384: type 'function' is not supported by JSON.


FROM: 191991752
CHAT: -1001229718027
TEXT: @GabrielLince

[Thursday, 14 December 2017 at 18:12:15]
./methods.lua:384: type 'function' is not supported by JSON.


FROM: 191991752
CHAT: -1001229718027
TEXT: @Kapirop

[Thursday, 14 December 2017 at 18:16:00]
./methods.lua:384: type 'function' is not supported by JSON.


FROM: 292858800
CHAT: -1001112595265
TEXT: @realkira1

[Thursday, 14 December 2017 at 21:41:46]
./methods.lua:384: type 'function' is not supported by JSON.


FROM: 480608970
CHAT: -1001229718027
TEXT: @Lixus98

[Thursday, 14 December 2017 at 22:53:32]
./methods.lua:384: type 'function' is not supported by JSON.


FROM: 469469094
CHAT: -1001112595265
TEXT: @AlitoG

[Thursday, 14 December 2017 at 23:20:08]
./methods.lua:384: type 'function' is not supported by JSON.


FROM: 464192592
CHAT: -1001112595265
TEXT: @Nucleoterco

[Friday, 15 December 2017 at 00:02:25]
./methods.lua:384: type 'function' is not supported by JSON.


FROM: 464192592
CHAT: -1001112595265
TEXT: @PikapikachuD

[Friday, 15 December 2017 at 00:09:00]
./methods.lua:384: type 'function' is not supported by JSON.


FROM: 3037159
CHAT: -1001051899612
TEXT: @Matias_il

[Friday, 15 December 2017 at 01:47:59]
plugins/service.lua:134: attempt to index field 'username' (a nil value)


FROM: 13792096
CHAT: -1001112595265
TEXT: ###added

[Friday, 15 December 2017 at 03:04:43]
plugins/service.lua:134: attempt to index field 'username' (a nil value)


FROM: 125896603
CHAT: -1001112595265
TEXT: ###added

[Friday, 15 December 2017 at 08:34:24]
./methods.lua:384: type 'function' is not supported by JSON.


FROM: 371381757
CHAT: -1001051899612
TEXT: @HatCliff

[Friday, 15 December 2017 at 08:45:28]
./methods.lua:384: type 'function' is not supported by JSON.


FROM: 153648605
CHAT: -1001229718027
TEXT: @Meaf75

[Friday, 15 December 2017 at 08:46:24]
./methods.lua:384: type 'function' is not supported by JSON.


FROM: 263755409
CHAT: -1001229718027
TEXT: @DovahkiinYT

[Friday, 15 December 2017 at 09:39:55]
./methods.lua:384: type 'function' is not supported by JSON.


FROM: 371381757
CHAT: -1001051899612
TEXT: @Lonelyneko

[Friday, 15 December 2017 at 10:49:00]
./methods.lua:384: type 'function' is not supported by JSON.


FROM: 193924823
CHAT: -1001051899612
TEXT: @GiovannaSevero

[Friday, 15 December 2017 at 12:14:28]
./methods.lua:384: type 'function' is not supported by JSON.


FROM: 263755409
CHAT: -1001229718027
TEXT: @GabrielLince

[Friday, 15 December 2017 at 15:12:56]
plugins/service.lua:134: attempt to index field 'username' (a nil value)


FROM: 290658508
CHAT: -1001112595265
TEXT: ###added

[Friday, 15 December 2017 at 16:10:47]
./methods.lua:384: type 'function' is not supported by JSON.


FROM: 355625181
CHAT: -1001051899612
TEXT: @el_rascal

[Friday, 15 December 2017 at 16:16:07]
./methods.lua:384: type 'function' is not supported by JSON.


FROM: 191991752
CHAT: -1001229718027
TEXT: @EveryBodyOnHp

[Friday, 15 December 2017 at 16:16:28]
./methods.lua:384: type 'function' is not supported by JSON.


FROM: 191991752
CHAT: -1001229718027
TEXT: @EveryBodyOnHp

[Friday, 15 December 2017 at 22:24:42]
./methods.lua:384: type 'function' is not supported by JSON.


FROM: 161725206
CHAT: -1001139537460
TEXT: @AldoDeltaOscar

[Friday, 15 December 2017 at 22:40:36]
./methods.lua:384: type 'function' is not supported by JSON.


FROM: 401422605
CHAT: -1001229718027
TEXT: @FlojeadorCompulsivo

[Friday, 15 December 2017 at 22:41:27]
./methods.lua:384: type 'function' is not supported by JSON.


FROM: 263755409
CHAT: -1001229718027
TEXT: @Gabedion

[Friday, 15 December 2017 at 22:42:01]
./methods.lua:384: type 'function' is not supported by JSON.


FROM: 401422605
CHAT: -1001229718027
TEXT: @sstrangerthings

[Friday, 15 December 2017 at 23:00:36]
./methods.lua:384: type 'function' is not supported by JSON.


FROM: 401422605
CHAT: -1001229718027
TEXT: @Gabedion

[Friday, 15 December 2017 at 23:02:13]
./methods.lua:384: type 'function' is not supported by JSON.


FROM: 401422605
CHAT: -1001229718027
TEXT: @EveryBodyOnHp

[Friday, 15 December 2017 at 23:20:59]
./methods.lua:384: type 'function' is not supported by JSON.


FROM: 466153849
CHAT: -1001112595265
TEXT: @Nucleoterco

[Friday, 15 December 2017 at 23:30:35]
./methods.lua:384: type 'function' is not supported by JSON.


FROM: 305793075
CHAT: -1001112595265
TEXT: @Espacio_vacio

[Saturday, 16 December 2017 at 12:16:47]
plugins/service.lua:134: attempt to index field 'username' (a nil value)


FROM: 175764718
CHAT: -1001112595265
TEXT: ###added

[Saturday, 16 December 2017 at 15:01:54]
./methods.lua:384: type 'function' is not supported by JSON.


FROM: 191991752
CHAT: -1001229718027
TEXT: @EveryBodyOnHp

[Saturday, 16 December 2017 at 15:57:54]
./methods.lua:384: type 'function' is not supported by JSON.


FROM: 12517466
CHAT: -1001051899612
TEXT: @Matias_il

[Saturday, 16 December 2017 at 17:21:33]
plugins/service.lua:134: attempt to index field 'username' (a nil value)


FROM: 454250151
CHAT: -1001112595265
TEXT: ###added

[Saturday, 16 December 2017 at 23:02:53]
./methods.lua:384: type 'function' is not supported by JSON.


FROM: 464192592
CHAT: -1001112595265
TEXT: @SigSauerP226

[Sunday, 17 December 2017 at 06:30:33]
./methods.lua:384: type 'function' is not supported by JSON.


FROM: 173952879
CHAT: -1001112122857
TEXT: @HuterCR

[Sunday, 17 December 2017 at 10:36:53]
plugins/tags.lua:44: attempt to concatenate field 'username' (a nil value)


FROM: 501567682
CHAT: -1001207646253
TEXT: @Chicasexy

[Sunday, 17 December 2017 at 19:56:18]
./methods.lua:384: type 'function' is not supported by JSON.


FROM: 401422605
CHAT: -1001229718027
TEXT: @SticAC

[Monday, 18 December 2017 at 00:36:40]
./methods.lua:384: type 'function' is not supported by JSON.


FROM: 389812923
CHAT: -1001207646253
TEXT: @Meaf75

[Monday, 18 December 2017 at 01:31:41]
./methods.lua:384: type 'function' is not supported by JSON.


FROM: 157784379
CHAT: -1001065848402
TEXT: @prodakotta

[Monday, 18 December 2017 at 11:08:38]
./methods.lua:384: type 'function' is not supported by JSON.


FROM: 263755409
CHAT: -1001229718027
TEXT: @GabrielLince

[Monday, 18 December 2017 at 11:08:51]
./methods.lua:384: type 'function' is not supported by JSON.


FROM: 263755409
CHAT: -1001229718027
TEXT: @EveryBodyOnHp

[Monday, 18 December 2017 at 11:28:24]
plugins/service.lua:134: attempt to index field 'username' (a nil value)


FROM: 264877927
CHAT: -1001112595265
TEXT: ###added

[Monday, 18 December 2017 at 11:29:21]
plugins/service.lua:134: attempt to index field 'username' (a nil value)


FROM: 264877927
CHAT: -1001112595265
TEXT: ###added

[Monday, 18 December 2017 at 11:29:43]
plugins/service.lua:134: attempt to index field 'username' (a nil value)


FROM: 264877927
CHAT: -1001112595265
TEXT: ###added

[Monday, 18 December 2017 at 12:55:18]
./methods.lua:384: type 'function' is not supported by JSON.


FROM: 292858800
CHAT: -1001112595265
TEXT: @SigSauerP226

[Monday, 18 December 2017 at 15:32:39]
plugins/service.lua:134: attempt to index field 'username' (a nil value)


FROM: 457366859
CHAT: -1001112595265
TEXT: ###added

[Monday, 18 December 2017 at 17:34:01]
plugins/service.lua:134: attempt to index field 'username' (a nil value)


FROM: 474927492
CHAT: -1001112595265
TEXT: ###added

[Monday, 18 December 2017 at 18:34:37]
./methods.lua:384: type 'function' is not supported by JSON.


FROM: 191991752
CHAT: -1001229718027
TEXT: @Mariana24

[Monday, 18 December 2017 at 18:34:41]
./methods.lua:384: type 'function' is not supported by JSON.


FROM: 191991752
CHAT: -1001229718027
TEXT: @Siempre_tuya

[Monday, 18 December 2017 at 18:34:43]
./methods.lua:384: type 'function' is not supported by JSON.


FROM: 191991752
CHAT: -1001229718027
TEXT: @Sirlaxj

[Monday, 18 December 2017 at 18:34:51]
./methods.lua:384: type 'function' is not supported by JSON.


FROM: 191991752
CHAT: -1001229718027
TEXT: @Gabedion

[Monday, 18 December 2017 at 18:35:33]
./methods.lua:384: type 'function' is not supported by JSON.


FROM: 191991752
CHAT: -1001229718027
TEXT: @Losjovenestitanes

[Monday, 18 December 2017 at 18:35:42]
./methods.lua:384: type 'function' is not supported by JSON.


FROM: 191991752
CHAT: -1001229718027
TEXT: @sstrangerthings

[Monday, 18 December 2017 at 18:38:37]
./methods.lua:384: type 'function' is not supported by JSON.


FROM: 191991752
CHAT: -1001229718027
TEXT: @Lixus98

[Monday, 18 December 2017 at 18:43:45]
plugins/service.lua:134: attempt to index field 'username' (a nil value)


FROM: 419691426
CHAT: -1001112595265
TEXT: ###added

[Monday, 18 December 2017 at 20:44:39]
./methods.lua:384: type 'function' is not supported by JSON.


FROM: 478925093
CHAT: -1001065848402
TEXT: @El_Hacker5

[Monday, 18 December 2017 at 20:46:03]
./methods.lua:384: type 'function' is not supported by JSON.


FROM: 478925093
CHAT: -1001065848402
TEXT: @Netglixn

[Monday, 18 December 2017 at 20:47:17]
./methods.lua:384: type 'function' is not supported by JSON.


FROM: 478925093
CHAT: -1001065848402
TEXT: @El_Hacker5

[Monday, 18 December 2017 at 20:47:38]
./methods.lua:384: type 'function' is not supported by JSON.


FROM: 478925093
CHAT: -1001065848402
TEXT: @Netglixn

[Monday, 18 December 2017 at 21:21:25]
./methods.lua:384: type 'function' is not supported by JSON.


FROM: 153648605
CHAT: -1001229718027
TEXT: @EveryBodyOnHp

[Monday, 18 December 2017 at 21:22:39]
./methods.lua:384: type 'function' is not supported by JSON.


FROM: 153648605
CHAT: -1001229718027
TEXT: @DovahkiinYT

[Monday, 18 December 2017 at 21:24:26]
./methods.lua:384: type 'function' is not supported by JSON.


FROM: 153648605
CHAT: -1001229718027
TEXT: @Siempre_tuya

[Monday, 18 December 2017 at 21:24:48]
./methods.lua:384: type 'function' is not supported by JSON.


FROM: 352855850
CHAT: -1001207646253
TEXT: @Daddymt

[Monday, 18 December 2017 at 21:36:42]
./methods.lua:384: type 'function' is not supported by JSON.


FROM: 289606250
CHAT: -1001108628160
TEXT: @ZDeemoN

[Monday, 18 December 2017 at 22:20:44]
./methods.lua:384: type 'function' is not supported by JSON.


FROM: 97715827
CHAT: -1001229718027
TEXT: @FlojeadorCompulsivo

[Monday, 18 December 2017 at 22:20:49]
./methods.lua:384: type 'function' is not supported by JSON.


FROM: 401422605
CHAT: -1001229718027
TEXT: @FlojeadorCompulsivo

[Monday, 18 December 2017 at 22:20:56]
./methods.lua:384: type 'function' is not supported by JSON.


FROM: 401422605
CHAT: -1001229718027
TEXT: @Psychoneurosis

[Tuesday, 19 December 2017 at 02:16:26]
plugins/service.lua:134: attempt to index field 'username' (a nil value)


FROM: 147143196
CHAT: -1001112595265
TEXT: ###added

[Tuesday, 19 December 2017 at 15:28:42]
./methods.lua:384: type 'function' is not supported by JSON.


FROM: 303826439
CHAT: -1001130137889
TEXT: @lendariojr

[Tuesday, 19 December 2017 at 18:21:13]
./methods.lua:384: type 'function' is not supported by JSON.


FROM: 466153849
CHAT: -1001112595265
TEXT: @nucleoterco

[Tuesday, 19 December 2017 at 18:53:33]
./methods.lua:384: type 'function' is not supported by JSON.


FROM: 292858800
CHAT: -1001112595265
TEXT: @AlifMurito

[Tuesday, 19 December 2017 at 19:12:26]
./methods.lua:384: type 'function' is not supported by JSON.


FROM: 292858800
CHAT: -1001112595265
TEXT: @SigSauerP226

[Tuesday, 19 December 2017 at 19:29:26]
./methods.lua:384: type 'function' is not supported by JSON.


FROM: 191991752
CHAT: -1001229718027
TEXT: @Gabedion

[Tuesday, 19 December 2017 at 19:29:35]
./methods.lua:384: type 'function' is not supported by JSON.


FROM: 191991752
CHAT: -1001229718027
TEXT: @GabrielLince

[Tuesday, 19 December 2017 at 19:29:46]
./methods.lua:384: type 'function' is not supported by JSON.


FROM: 191991752
CHAT: -1001229718027
TEXT: @Lixus98

[Tuesday, 19 December 2017 at 19:29:51]
./methods.lua:384: type 'function' is not supported by JSON.


FROM: 191991752
CHAT: -1001229718027
TEXT: @Mexinga

[Tuesday, 19 December 2017 at 19:29:54]
./methods.lua:384: type 'function' is not supported by JSON.


FROM: 191991752
CHAT: -1001229718027
TEXT: @agathaismyqueen

[Tuesday, 19 December 2017 at 19:30:03]
./methods.lua:384: type 'function' is not supported by JSON.


FROM: 191991752
CHAT: -1001229718027
TEXT: @sstrangerthings

[Tuesday, 19 December 2017 at 19:40:24]
./methods.lua:384: type 'function' is not supported by JSON.


FROM: 466153849
CHAT: -1001112595265
TEXT: @AlifMurito

[Tuesday, 19 December 2017 at 19:40:25]
./methods.lua:384: type 'function' is not supported by JSON.


FROM: 352855850
CHAT: -1001207646253
TEXT: @Daddymt

[Tuesday, 19 December 2017 at 19:40:30]
./methods.lua:384: type 'function' is not supported by JSON.


FROM: 352855850
CHAT: -1001207646253
TEXT: @AlitoG

[Tuesday, 19 December 2017 at 20:01:10]
./methods.lua:384: type 'function' is not supported by JSON.


FROM: 266393864
CHAT: -1001051899612
TEXT: @Jazz_Du

[Tuesday, 19 December 2017 at 20:06:05]
plugins/tags.lua:50: attempt to concatenate field 'username' (a nil value)


FROM: 422947237
CHAT: -1001065848402
TEXT: @Elyoutuber

[Tuesday, 19 December 2017 at 20:57:12]
./methods.lua:384: type 'function' is not supported by JSON.


FROM: 370120752
CHAT: -1001229718027
TEXT: @Losjovenestitanes

[Tuesday, 19 December 2017 at 20:57:27]
./methods.lua:384: type 'function' is not supported by JSON.


FROM: 370120752
CHAT: -1001229718027
TEXT: @Fachi_piola

[Tuesday, 19 December 2017 at 21:33:51]
./methods.lua:384: type 'function' is not supported by JSON.


FROM: 401422605
CHAT: -1001096846712
TEXT: @LifeIsShort

[Wednesday, 20 December 2017 at 01:58:28]
./methods.lua:384: type 'function' is not supported by JSON.


FROM: 438525777
CHAT: -1001112595265
TEXT: @AlitoG

[Wednesday, 20 December 2017 at 02:47:24]
./methods.lua:384: type 'function' is not supported by JSON.


FROM: 438525777
CHAT: -1001112595265
TEXT: @AlitoG

[Wednesday, 20 December 2017 at 03:28:39]
plugins/service.lua:134: attempt to index field 'username' (a nil value)


FROM: 454156697
CHAT: -1001112595265
TEXT: ###added

[Wednesday, 20 December 2017 at 07:55:46]
./methods.lua:384: type 'function' is not supported by JSON.


FROM: 337692639
CHAT: -1001112595265
TEXT: @SigSauerP226

[Friday, 22 December 2017 at 16:42:36]
utilities.lua:305: attempt to index local 'text' (a nil value)


FROM: 27840971
CHAT: -1001101240169
TEXT: /extra

[Friday, 22 December 2017 at 16:43:05]
utilities.lua:305: attempt to index local 'text' (a nil value)


FROM: 27840971
CHAT: -1001101240169
TEXT: /extra

[Friday, 22 December 2017 at 16:44:32]
utilities.lua:305: attempt to index local 'text' (a nil value)


FROM: 27840971
CHAT: -1001101240169
TEXT: /extra

[Friday, 22 December 2017 at 16:44:34]
utilities.lua:305: attempt to index local 'text' (a nil value)


FROM: 27840971
CHAT: -1001101240169
TEXT: /extra

[Friday, 22 December 2017 at 16:52:52]
utilities.lua:305: attempt to index local 'text' (a nil value)


FROM: 180791241
CHAT: -1001101240169
TEXT: /extra

[Friday, 22 December 2017 at 16:52:54]
utilities.lua:305: attempt to index local 'text' (a nil value)


FROM: 180791241
CHAT: -1001101240169
TEXT: /extra

[Friday, 22 December 2017 at 16:52:55]
utilities.lua:305: attempt to index local 'text' (a nil value)


FROM: 180791241
CHAT: -1001101240169
TEXT: /extra

[Friday, 22 December 2017 at 16:52:58]
utilities.lua:305: attempt to index local 'text' (a nil value)


FROM: 180791241
CHAT: -1001101240169
TEXT: /extra

[Friday, 22 December 2017 at 16:52:59]
utilities.lua:305: attempt to index local 'text' (a nil value)


FROM: 180791241
CHAT: -1001101240169
TEXT: /extra

[Friday, 22 December 2017 at 21:25:24]
./methods.lua:384: type 'function' is not supported by JSON.


FROM: 440494928
CHAT: -1001065848402
TEXT: @TUQUmmm

[Friday, 22 December 2017 at 23:00:21]
./methods.lua:384: type 'function' is not supported by JSON.


FROM: 260999101
CHAT: -1001065848402
TEXT: @TUQUmmm

[Saturday, 23 December 2017 at 00:18:28]
plugins/service.lua:134: attempt to index field 'username' (a nil value)


FROM: 291878846
CHAT: -1001121888309
TEXT: ###added

[Saturday, 23 December 2017 at 00:42:29]
plugins/tags.lua:50: attempt to concatenate field 'username' (a nil value)


FROM: 434478073
CHAT: -1001065848402
TEXT: @Tnexus96

[Saturday, 23 December 2017 at 03:10:04]
plugins/service.lua:134: attempt to index field 'username' (a nil value)


FROM: 417765590
CHAT: -1001121888309
TEXT: ###added

[Saturday, 23 December 2017 at 07:44:45]
./methods.lua:384: type 'function' is not supported by JSON.


FROM: 191991752
CHAT: -1001229718027
TEXT: @Siempre_tuya

[Saturday, 23 December 2017 at 07:44:48]
./methods.lua:384: type 'function' is not supported by JSON.


FROM: 191991752
CHAT: -1001229718027
TEXT: @Sirlaxj

[Saturday, 23 December 2017 at 07:44:52]
./methods.lua:384: type 'function' is not supported by JSON.


FROM: 191991752
CHAT: -1001229718027
TEXT: @Nighttrain2

[Saturday, 23 December 2017 at 08:00:41]
./methods.lua:384: type 'function' is not supported by JSON.


FROM: 191991752
CHAT: -1001229718027
TEXT: @EveryBodyOnHp

[Saturday, 23 December 2017 at 08:08:22]
./methods.lua:384: type 'function' is not supported by JSON.


FROM: 191991752
CHAT: -1001229718027
TEXT: @Siempre_tuya

[Saturday, 23 December 2017 at 09:50:16]
plugins/service.lua:134: attempt to index field 'username' (a nil value)


FROM: 369769699
CHAT: -1001112595265
TEXT: ###added

[Saturday, 23 December 2017 at 11:15:03]
./methods.lua:384: type 'function' is not supported by JSON.


FROM: 335000423
CHAT: -1001065848402
TEXT: @Netfreevipp

[Saturday, 23 December 2017 at 11:27:35]
./methods.lua:384: type 'function' is not supported by JSON.


FROM: 335000423
CHAT: -1001065848402
TEXT: @Netfreevipp

[Saturday, 23 December 2017 at 13:04:02]
./methods.lua:384: type 'function' is not supported by JSON.


FROM: 177108430
CHAT: -1001065848402
TEXT: @THE_ALCHIMISTH

[Saturday, 23 December 2017 at 15:11:54]
./methods.lua:384: type 'function' is not supported by JSON.


FROM: 502833476
CHAT: -1001112595265
TEXT: @AlitoG

[Saturday, 23 December 2017 at 19:39:49]
./methods.lua:384: type 'function' is not supported by JSON.


FROM: 12517466
CHAT: -1001051899612
TEXT: @Godeep

[Saturday, 23 December 2017 at 20:27:01]
plugins/service.lua:134: attempt to index field 'username' (a nil value)


FROM: 22738034
CHAT: -1001121888309
TEXT: ###added

[Saturday, 23 December 2017 at 21:40:45]
./methods.lua:384: type 'function' is not supported by JSON.


FROM: 337692639
CHAT: -1001112595265
TEXT: @Santi4ago

[Saturday, 23 December 2017 at 21:43:44]
./methods.lua:384: type 'function' is not supported by JSON.


FROM: 337692639
CHAT: -1001112595265
TEXT: @Santi4ago

[Saturday, 23 December 2017 at 22:54:09]
./methods.lua:384: type 'function' is not supported by JSON.


FROM: 469469094
CHAT: -1001112595265
TEXT: @Gint12

[Saturday, 23 December 2017 at 23:26:34]
./methods.lua:384: type 'function' is not supported by JSON.


FROM: 455072868
CHAT: -1001112595265
TEXT: @AlitoG

[Saturday, 23 December 2017 at 23:52:45]
plugins/service.lua:134: attempt to index field 'username' (a nil value)


FROM: 218054091
CHAT: -1001112595265
TEXT: ###added

[Saturday, 23 December 2017 at 23:54:28]
plugins/service.lua:134: attempt to index field 'username' (a nil value)


FROM: 323246790
CHAT: -1001112595265
TEXT: ###added

[Sunday, 24 December 2017 at 01:40:58]
./methods.lua:384: type 'function' is not supported by JSON.


FROM: 466017680
CHAT: -1001112595265
TEXT: @TocandoleLaJaleaAlaVida

[Sunday, 24 December 2017 at 08:53:34]
plugins/service.lua:134: attempt to index field 'username' (a nil value)


FROM: 505317993
CHAT: -1001112595265
TEXT: ###added

[Sunday, 24 December 2017 at 09:43:41]
plugins/service.lua:134: attempt to index field 'username' (a nil value)


FROM: 309213353
CHAT: -1001112595265
TEXT: ###added

[Sunday, 24 December 2017 at 14:46:38]
./methods.lua:384: type 'function' is not supported by JSON.


FROM: 335000423
CHAT: -1001065848402
TEXT: @Masterpro21

[Sunday, 24 December 2017 at 14:46:56]
./methods.lua:384: type 'function' is not supported by JSON.


FROM: 335000423
CHAT: -1001065848402
TEXT: @Masterpro21

[Sunday, 24 December 2017 at 16:47:54]
plugins/service.lua:134: attempt to index field 'username' (a nil value)


FROM: 203946137
CHAT: -1001121888309
TEXT: ###added

[Sunday, 24 December 2017 at 17:05:03]
plugins/extra.lua:40: attempt to call global 'mystat' (a nil value)


FROM: 250301329
CHAT: -1001112595265
TEXT: /extra list

[Sunday, 24 December 2017 at 17:07:07]
plugins/extra.lua:40: attempt to call global 'mystat' (a nil value)


FROM: 292858800
CHAT: -1001112595265
TEXT: /extra list

[Sunday, 24 December 2017 at 19:32:40]
plugins/service.lua:134: attempt to index field 'username' (a nil value)


FROM: 404977316
CHAT: -1001112595265
TEXT: ###added

[Sunday, 24 December 2017 at 20:44:50]
plugins/service.lua:134: attempt to index field 'username' (a nil value)


FROM: 450019383
CHAT: -1001121888309
TEXT: ###added

[Sunday, 24 December 2017 at 22:37:43]
./methods.lua:384: type 'function' is not supported by JSON.


FROM: 478925093
CHAT: -1001065848402
TEXT: @JHCKHD

[Monday, 25 December 2017 at 00:01:54]
plugins/service.lua:134: attempt to index field 'username' (a nil value)


FROM: 350320683
CHAT: -1001121888309
TEXT: ###added

[Monday, 25 December 2017 at 00:20:57]
./methods.lua:384: type 'function' is not supported by JSON.


FROM: 401422605
CHAT: -1001229718027
TEXT: @GabrielLince

[Monday, 25 December 2017 at 00:21:01]
./methods.lua:384: type 'function' is not supported by JSON.


FROM: 401422605
CHAT: -1001229718027
TEXT: @FlojeadorCompulsivo

[Monday, 25 December 2017 at 00:21:05]
./methods.lua:384: type 'function' is not supported by JSON.


FROM: 401422605
CHAT: -1001229718027
TEXT: @Meaf75

[Monday, 25 December 2017 at 04:49:04]
plugins/service.lua:134: attempt to index field 'username' (a nil value)


FROM: 369147754
CHAT: -1001121888309
TEXT: ###added

[Monday, 25 December 2017 at 05:07:08]
plugins/service.lua:134: attempt to index field 'username' (a nil value)


FROM: 236910299
CHAT: -1001121888309
TEXT: ###added

[Monday, 25 December 2017 at 07:15:00]
plugins/service.lua:134: attempt to index field 'username' (a nil value)


FROM: 244301226
CHAT: -1001121888309
TEXT: ###added

[Monday, 25 December 2017 at 08:36:30]
plugins/service.lua:134: attempt to index field 'username' (a nil value)


FROM: 376499331
CHAT: -1001121888309
TEXT: ###added

[Monday, 25 December 2017 at 10:36:57]
plugins/service.lua:134: attempt to index field 'username' (a nil value)


FROM: 244301226
CHAT: -1001121888309
TEXT: ###added

[Monday, 25 December 2017 at 10:43:45]
/usr/local/share/lua/5.2/socket/url.lua:31: bad argument #1 to 'gsub' (string expected, got boolean)


FROM: 463148060
CHAT: -1001121888309
TEXT: ###cb:userbutton:banuser:244301226

[Monday, 25 December 2017 at 10:44:05]
/usr/local/share/lua/5.2/socket/url.lua:31: bad argument #1 to 'gsub' (string expected, got boolean)


FROM: 463148060
CHAT: -1001121888309
TEXT: ###cb:userbutton:banuser:244301226

[Monday, 25 December 2017 at 11:33:29]
./methods.lua:384: type 'function' is not supported by JSON.


FROM: 191991752
CHAT: -1001229718027
TEXT: @Gabedion

[Monday, 25 December 2017 at 12:38:20]
plugins/service.lua:134: attempt to index field 'username' (a nil value)


FROM: 523990678
CHAT: -1001121888309
TEXT: ###added

[Monday, 25 December 2017 at 13:01:41]
plugins/service.lua:134: attempt to index field 'username' (a nil value)


FROM: 505613242
CHAT: -1001121888309
TEXT: ###added

[Monday, 25 December 2017 at 14:42:39]
plugins/service.lua:134: attempt to index field 'username' (a nil value)


FROM: 523440931
CHAT: -1001112595265
TEXT: ###added

[Monday, 25 December 2017 at 14:47:47]
/usr/local/share/lua/5.2/socket/url.lua:31: bad argument #1 to 'gsub' (string expected, got boolean)


FROM: 463148060
CHAT: -1001121888309
TEXT: ###cb:userbutton:banuser:505613242

[Monday, 25 December 2017 at 15:12:59]
./methods.lua:384: type 'function' is not supported by JSON.


FROM: 246360207
CHAT: -1001051899612
TEXT: @Tsuganashi

[Monday, 25 December 2017 at 16:01:39]
plugins/service.lua:134: attempt to index field 'username' (a nil value)


FROM: 477911196
CHAT: -1001112595265
TEXT: ###added

[Monday, 25 December 2017 at 16:16:22]
/usr/local/share/lua/5.2/socket/url.lua:31: bad argument #1 to 'gsub' (string expected, got nil)


FROM: 425251973
CHAT: 425251973
TEXT: /welcome

[Monday, 25 December 2017 at 16:36:24]
./methods.lua:384: type 'function' is not supported by JSON.


FROM: 353141959
CHAT: -1001121888309
TEXT: @eryatu

[Monday, 25 December 2017 at 16:47:08]
./methods.lua:384: type 'function' is not supported by JSON.


FROM: 141476558
CHAT: -1001121888309
TEXT: @eryatu

[Monday, 25 December 2017 at 16:47:54]
plugins/service.lua:134: attempt to index field 'username' (a nil value)


FROM: 333898920
CHAT: -1001112595265
TEXT: ###added

[Monday, 25 December 2017 at 19:18:36]
./methods.lua:114: attempt to index local 'tab' (a nil value)


FROM: 370120752
CHAT: -1001229718027
TEXT: ###added

[Monday, 25 December 2017 at 21:16:09]
utilities.lua:305: attempt to index local 'text' (a nil value)


FROM: 250301329
CHAT: -1001112595265
TEXT: /enable saludos

[Monday, 25 December 2017 at 21:16:36]
plugins/admin.lua:223: attempt to index a boolean value


FROM: 250301329
CHAT: 250301329
TEXT: /astats

[Monday, 25 December 2017 at 22:05:39]
./methods.lua:384: type 'function' is not supported by JSON.


FROM: 138000057
CHAT: -1001121888309
TEXT: @YvngCreme

[Monday, 25 December 2017 at 22:49:52]
/usr/local/share/lua/5.2/socket/url.lua:31: bad argument #1 to 'gsub' (string expected, got nil)


FROM: 150733845
CHAT: 150733845
TEXT: /welcome

[Monday, 25 December 2017 at 23:39:16]
plugins/service.lua:134: attempt to index field 'username' (a nil value)


FROM: 524294200
CHAT: -1001121888309
TEXT: ###added

[Monday, 25 December 2017 at 23:39:21]
./methods.lua:384: type 'function' is not supported by JSON.


FROM: 436605871
CHAT: -1001130137889
TEXT: @Marco_padua

[Monday, 25 December 2017 at 23:55:00]
utilities.lua:305: attempt to index local 'text' (a nil value)


FROM: 503755416
CHAT: -271562353
TEXT: /extra

[Tuesday, 26 December 2017 at 00:47:54]
./methods.lua:384: type 'function' is not supported by JSON.


FROM: 502833476
CHAT: -1001112595265
TEXT: @Espacio_vacio

[Tuesday, 26 December 2017 at 11:01:19]
/usr/local/share/lua/5.2/socket/url.lua:31: bad argument #1 to 'gsub' (string expected, got boolean)


FROM: 463148060
CHAT: -1001121888309
TEXT: ###cb:userbutton:banuser:478263700

[Tuesday, 26 December 2017 at 11:47:51]
plugins/service.lua:134: attempt to index field 'username' (a nil value)


FROM: 183739106
CHAT: -1001121888309
TEXT: ###added

[Tuesday, 26 December 2017 at 13:49:47]
plugins/service.lua:134: attempt to index field 'username' (a nil value)


FROM: 418018244
CHAT: -1001112595265
TEXT: ###added

[Tuesday, 26 December 2017 at 14:36:57]
./methods.lua:384: type 'function' is not supported by JSON.


FROM: 377674083
CHAT: -1001207646253
TEXT: @Auriinegro13

[Tuesday, 26 December 2017 at 14:39:10]
./methods.lua:384: type 'function' is not supported by JSON.


FROM: 464192592
CHAT: -1001112595265
TEXT: @Santi4ago

[Tuesday, 26 December 2017 at 14:39:18]
./methods.lua:384: type 'function' is not supported by JSON.


FROM: 292858800
CHAT: -1001112595265
TEXT: @pierito

[Tuesday, 26 December 2017 at 14:39:23]
./methods.lua:384: type 'function' is not supported by JSON.


FROM: 464192592
CHAT: -1001112595265
TEXT: @DEAD_117

[Tuesday, 26 December 2017 at 14:45:27]
./methods.lua:384: type 'function' is not supported by JSON.


FROM: 464192592
CHAT: -1001112595265
TEXT: @pierito

[Tuesday, 26 December 2017 at 14:45:33]
./methods.lua:384: type 'function' is not supported by JSON.


FROM: 464192592
CHAT: -1001112595265
TEXT: @Umbrella18

[Tuesday, 26 December 2017 at 15:01:30]
plugins/service.lua:134: attempt to index field 'username' (a nil value)


FROM: 195851523
CHAT: -1001112595265
TEXT: ###added

[Tuesday, 26 December 2017 at 15:05:38]
plugins/service.lua:134: attempt to index field 'username' (a nil value)


FROM: 477911196
CHAT: -1001112595265
TEXT: ###added

[Tuesday, 26 December 2017 at 15:36:32]
./methods.lua:384: type 'function' is not supported by JSON.


FROM: 369979824
CHAT: -1001065848402
TEXT: @Mr_rebelion

[Tuesday, 26 December 2017 at 15:46:01]
plugins/service.lua:134: attempt to index field 'username' (a nil value)


FROM: 298174733
CHAT: -1001112595265
TEXT: ###added

[Tuesday, 26 December 2017 at 16:01:23]
plugins/service.lua:134: attempt to index field 'username' (a nil value)


FROM: 382857866
CHAT: -1001112595265
TEXT: ###added

[Tuesday, 26 December 2017 at 16:10:24]
./methods.lua:384: type 'function' is not supported by JSON.


FROM: 292858800
CHAT: -1001112595265
TEXT: @SigSauerP226

[Tuesday, 26 December 2017 at 17:00:45]
./methods.lua:384: type 'function' is not supported by JSON.


FROM: 401422605
CHAT: -1001229718027
TEXT: @ValeriaLuciaVV

[Tuesday, 26 December 2017 at 17:00:50]
./methods.lua:384: type 'function' is not supported by JSON.


FROM: 401422605
CHAT: -1001229718027
TEXT: @SolMinyeo

[Tuesday, 26 December 2017 at 17:01:31]
./methods.lua:384: type 'function' is not supported by JSON.


FROM: 401422605
CHAT: -1001229718027
TEXT: @SticAC

[Tuesday, 26 December 2017 at 17:15:55]
plugins/service.lua:134: attempt to index field 'username' (a nil value)


FROM: 466153849
CHAT: -1001112595265
TEXT: ###added

[Tuesday, 26 December 2017 at 17:18:43]
plugins/tags.lua:44: attempt to concatenate field 'username' (a nil value)


FROM: 343460524
CHAT: -1001229718027
TEXT: @FlojeadorCompulsivo

[Tuesday, 26 December 2017 at 17:47:36]
plugins/tags.lua:44: attempt to concatenate field 'username' (a nil value)


FROM: 343460524
CHAT: -1001229718027
TEXT: @LEVG17

[Tuesday, 26 December 2017 at 18:32:44]
./methods.lua:384: type 'function' is not supported by JSON.


FROM: 210903833
CHAT: -1001229718027
TEXT: @Nighttrain2

[Tuesday, 26 December 2017 at 19:02:10]
plugins/service.lua:134: attempt to index field 'username' (a nil value)


FROM: 382857866
CHAT: -1001112595265
TEXT: ###added

[Tuesday, 26 December 2017 at 22:21:15]
./methods.lua:384: type 'function' is not supported by JSON.


FROM: 163291507
CHAT: -1001229718027
TEXT: @Nighttrain2

[Wednesday, 27 December 2017 at 00:38:49]
./methods.lua:384: type 'function' is not supported by JSON.


FROM: 292858800
CHAT: -1001112595265
TEXT: @SigSauerP226

[Wednesday, 27 December 2017 at 00:39:36]
plugins/service.lua:134: attempt to index field 'username' (a nil value)


FROM: 530040687
CHAT: -1001112595265
TEXT: ###added

[Wednesday, 27 December 2017 at 05:20:55]
./methods.lua:384: type 'function' is not supported by JSON.


FROM: 292858800
CHAT: -1001112595265
TEXT: @AlifMurito

[Wednesday, 27 December 2017 at 06:24:06]
./methods.lua:384: type 'function' is not supported by JSON.


FROM: 401422605
CHAT: -1001229718027
TEXT: @alecobb

[Wednesday, 27 December 2017 at 06:25:04]
./methods.lua:384: type 'function' is not supported by JSON.


FROM: 401422605
CHAT: -1001229718027
TEXT: @DovahkiinYT

[Wednesday, 27 December 2017 at 06:34:49]
./methods.lua:384: type 'function' is not supported by JSON.


FROM: 337692639
CHAT: -1001112595265
TEXT: @nucleoterco

[Wednesday, 27 December 2017 at 06:34:58]
./methods.lua:384: type 'function' is not supported by JSON.


FROM: 337692639
CHAT: -1001112595265
TEXT: @nucleoterco

[Wednesday, 27 December 2017 at 07:54:42]
plugins/service.lua:134: attempt to index field 'username' (a nil value)


FROM: 531641817
CHAT: -1001112595265
TEXT: ###added

[Wednesday, 27 December 2017 at 08:16:08]
plugins/service.lua:60: attempt to call global 'make_text' (a string value)


FROM: 403634690
CHAT: -1001073045148
TEXT: ###added

[Wednesday, 27 December 2017 at 08:25:19]
plugins/service.lua:60: attempt to call global 'make_text' (a string value)


FROM: 455548700
CHAT: -1001073045148
TEXT: ###added

[Wednesday, 27 December 2017 at 08:27:18]
plugins/service.lua:60: attempt to call global 'make_text' (a string value)


FROM: 465950117
CHAT: -1001065848402
TEXT: ###added

[Wednesday, 27 December 2017 at 08:40:19]
plugins/service.lua:40: attempt to call global 'make_text' (a string value)


FROM: 444729171
CHAT: -1001147595630
TEXT: ###added

[Wednesday, 27 December 2017 at 08:48:02]
plugins/service.lua:40: attempt to call global 'make_text' (a string value)


FROM: 431533352
CHAT: -1001147595630
TEXT: ###added

[Wednesday, 27 December 2017 at 09:08:23]
plugins/service.lua:60: attempt to call global 'make_text' (a string value)


FROM: 381460014
CHAT: -1001279234130
TEXT: ###added

[Wednesday, 27 December 2017 at 09:37:14]
plugins/service.lua:60: attempt to call global 'make_text' (a string value)


FROM: 343736707
CHAT: -1001139461155
TEXT: ###added

[Wednesday, 27 December 2017 at 09:37:55]
plugins/service.lua:60: attempt to call global 'make_text' (a string value)


FROM: 343736707
CHAT: -1001051899612
TEXT: ###added

[Wednesday, 27 December 2017 at 09:38:17]
plugins/tags.lua:44: attempt to concatenate field 'username' (a nil value)


FROM: 343460524
CHAT: -1001229718027
TEXT: @Nighttrain2

[Wednesday, 27 December 2017 at 09:38:26]
plugins/tags.lua:44: attempt to concatenate field 'username' (a nil value)


FROM: 343460524
CHAT: -1001229718027
TEXT: @Gabedion

[Wednesday, 27 December 2017 at 09:38:32]
plugins/tags.lua:44: attempt to concatenate field 'username' (a nil value)


FROM: 343460524
CHAT: -1001229718027
TEXT: @FlojeadorCompulsivo

[Wednesday, 27 December 2017 at 09:39:19]
plugins/service.lua:60: attempt to call global 'make_text' (a string value)


FROM: 21363008
CHAT: -1001146297748
TEXT: ###added

[Wednesday, 27 December 2017 at 09:39:20]
plugins/tags.lua:44: attempt to concatenate field 'username' (a nil value)


FROM: 343460524
CHAT: -1001229718027
TEXT: @DovahkiinYT

[Wednesday, 27 December 2017 at 09:39:24]
plugins/tags.lua:44: attempt to concatenate field 'username' (a nil value)


FROM: 343460524
CHAT: -1001229718027
TEXT: @Siempre_tuya

[Wednesday, 27 December 2017 at 09:39:46]
plugins/tags.lua:44: attempt to concatenate field 'username' (a nil value)


FROM: 343460524
CHAT: -1001229718027
TEXT: @GmathG

[Wednesday, 27 December 2017 at 09:39:53]
plugins/tags.lua:44: attempt to concatenate field 'username' (a nil value)


FROM: 343460524
CHAT: -1001229718027
TEXT: @alecobb

[Wednesday, 27 December 2017 at 10:02:47]
plugins/tags.lua:44: attempt to concatenate field 'username' (a nil value)


FROM: 343460524
CHAT: -1001229718027
TEXT: @SolMinyeo

[Wednesday, 27 December 2017 at 10:08:56]
plugins/service.lua:40: attempt to call global 'make_text' (a string value)


FROM: 444729171
CHAT: -1001147595630
TEXT: ###added

[Wednesday, 27 December 2017 at 10:10:16]
plugins/service.lua:60: attempt to call global 'make_text' (a string value)


FROM: 479544164
CHAT: -1001065848402
TEXT: ###added

[Wednesday, 27 December 2017 at 10:38:44]
plugins/service.lua:60: attempt to call global 'make_text' (a string value)


FROM: 531641817
CHAT: -1001108628160
TEXT: ###added

[Wednesday, 27 December 2017 at 10:38:54]
plugins/service.lua:60: attempt to call global 'make_text' (a string value)


FROM: 405994778
CHAT: -1001108628160
TEXT: ###added

[Wednesday, 27 December 2017 at 10:41:21]
plugins/service.lua:60: attempt to call global 'make_text' (a string value)


FROM: 392802498
CHAT: -1001108628160
TEXT: ###added

[Wednesday, 27 December 2017 at 10:43:14]
plugins/help.lua:111: attempt to call global 'make_text' (a string value)


FROM: 448226940
CHAT: 448226940
TEXT: /start

[Wednesday, 27 December 2017 at 10:43:25]
plugins/help.lua:111: attempt to call global 'make_text' (a string value)


FROM: 448226940
CHAT: 448226940
TEXT: /start

[Wednesday, 27 December 2017 at 10:46:49]
plugins/service.lua:60: attempt to call global 'make_text' (a string value)


FROM: 403634690
CHAT: -1001073045148
TEXT: ###added

[Wednesday, 27 December 2017 at 10:49:24]
plugins/service.lua:60: attempt to call global 'make_text' (a string value)


FROM: 295980668
CHAT: -1001146297748
TEXT: ###added

[Wednesday, 27 December 2017 at 10:50:44]
plugins/service.lua:60: attempt to call global 'make_text' (a string value)


FROM: 404000681
CHAT: -1001065848402
TEXT: ###added

[Wednesday, 27 December 2017 at 10:53:52]
plugins/service.lua:60: attempt to call global 'make_text' (a string value)


FROM: 397522370
CHAT: -1001065848402
TEXT: ###added

[Wednesday, 27 December 2017 at 11:05:24]
plugins/service.lua:60: attempt to call global 'make_text' (a string value)


FROM: 403634690
CHAT: -1001073045148
TEXT: ###added

[Wednesday, 27 December 2017 at 11:07:20]
plugins/service.lua:60: attempt to call global 'make_text' (a string value)


FROM: 421832821
CHAT: -1001073045148
TEXT: ###added

[Wednesday, 27 December 2017 at 11:08:53]
plugins/service.lua:60: attempt to call global 'make_text' (a string value)


FROM: 403634690
CHAT: -1001073045148
TEXT: ###added

[Wednesday, 27 December 2017 at 11:09:17]
plugins/service.lua:60: attempt to call global 'make_text' (a string value)


FROM: 386542397
CHAT: -1001126826794
TEXT: ###added

[Wednesday, 27 December 2017 at 11:14:27]
plugins/service.lua:60: attempt to call global 'make_text' (a string value)


FROM: 403634690
CHAT: -1001073045148
TEXT: ###added

[Wednesday, 27 December 2017 at 11:15:18]
plugins/help.lua:111: attempt to call global 'make_text' (a string value)


FROM: 445747632
CHAT: 445747632
TEXT: /start

[Wednesday, 27 December 2017 at 11:19:52]
plugins/service.lua:60: attempt to call global 'make_text' (a string value)


FROM: 403634690
CHAT: -1001073045148
TEXT: ###added

[Wednesday, 27 December 2017 at 11:24:59]
plugins/service.lua:60: attempt to call global 'make_text' (a string value)


FROM: 403634690
CHAT: -1001073045148
TEXT: ###added

[Wednesday, 27 December 2017 at 11:35:30]
plugins/service.lua:60: attempt to call global 'make_text' (a string value)


FROM: 403634690
CHAT: -1001073045148
TEXT: ###added

[Wednesday, 27 December 2017 at 12:21:13]
plugins/links.lua:18: attempt to call global 'make_text' (a string value)


FROM: 27840971
CHAT: -1001096846712
TEXT: /link

[Wednesday, 27 December 2017 at 12:21:21]
plugins/service.lua:134: attempt to index field 'username' (a nil value)


FROM: 521183765
CHAT: -1001112595265
TEXT: ###added

[Wednesday, 27 December 2017 at 12:21:55]
plugins/service.lua:60: attempt to call global 'make_text' (a string value)


FROM: 471737929
CHAT: -1001073045148
TEXT: ###added

[Wednesday, 27 December 2017 at 12:33:50]
plugins/service.lua:60: attempt to call global 'make_text' (a string value)


FROM: 313973170
CHAT: -1001065848402
TEXT: ###added

[Wednesday, 27 December 2017 at 12:36:02]
plugins/service.lua:60: attempt to call global 'make_text' (a string value)


FROM: 346768647
CHAT: -1001119216910
TEXT: ###added

[Wednesday, 27 December 2017 at 12:58:51]
plugins/service.lua:60: attempt to call global 'make_text' (a string value)


FROM: 104849970
CHAT: -1001059610195
TEXT: ###added

[Wednesday, 27 December 2017 at 13:00:39]
plugins/service.lua:60: attempt to call global 'make_text' (a string value)


FROM: 330550038
CHAT: -1001065848402
TEXT: ###added

[Wednesday, 27 December 2017 at 13:11:18]
./methods.lua:384: type 'function' is not supported by JSON.


FROM: 153648605
CHAT: -1001229718027
TEXT: @VisitThePlanet

[Wednesday, 27 December 2017 at 13:18:27]
plugins/service.lua:60: attempt to call global 'make_text' (a string value)


FROM: 231403052
CHAT: -1001303761257
TEXT: ###added

[Wednesday, 27 December 2017 at 13:19:54]
plugins/service.lua:60: attempt to call global 'make_text' (a string value)


FROM: 368936764
CHAT: -1001108628160
TEXT: ###added

[Wednesday, 27 December 2017 at 13:20:24]
plugins/service.lua:60: attempt to call global 'make_text' (a string value)


FROM: 9856714
CHAT: -1001303761257
TEXT: ###added

[Wednesday, 27 December 2017 at 14:04:25]
plugins/service.lua:40: attempt to call global 'make_text' (a string value)


FROM: 464665591
CHAT: -1001147595630
TEXT: ###added

[Wednesday, 27 December 2017 at 14:04:50]
plugins/service.lua:60: attempt to call global 'make_text' (a string value)


FROM: 520467511
CHAT: -1001051899612
TEXT: ###added

[Wednesday, 27 December 2017 at 14:11:49]
plugins/service.lua:60: attempt to call global 'make_text' (a string value)


FROM: 327078036
CHAT: -1001108628160
TEXT: ###added

[Wednesday, 27 December 2017 at 16:18:21]
./methods.lua:384: type 'function' is not supported by JSON.


FROM: 191991752
CHAT: -1001229718027
TEXT: @Losjovenestitanes

[Wednesday, 27 December 2017 at 17:27:20]
./methods.lua:384: type 'function' is not supported by JSON.


FROM: 455238784
CHAT: -1001108628160
TEXT: @Danie3la

[Wednesday, 27 December 2017 at 17:48:23]
./methods.lua:384: type 'function' is not supported by JSON.


FROM: 210903833
CHAT: -1001229718027
TEXT: @Nighttrain2

[Wednesday, 27 December 2017 at 19:13:01]
plugins/service.lua:134: attempt to index field 'username' (a nil value)


FROM: 514905966
CHAT: -1001112595265
TEXT: ###added

[Wednesday, 27 December 2017 at 20:44:13]
./methods.lua:384: type 'function' is not supported by JSON.


FROM: 253202706
CHAT: -1001065848402
TEXT: @hackerfuria

[Wednesday, 27 December 2017 at 20:55:33]
./methods.lua:384: type 'function' is not supported by JSON.


FROM: 363741148
CHAT: -1001065848402
TEXT: @Kira136i

[Wednesday, 27 December 2017 at 22:06:39]
plugins/service.lua:134: attempt to index field 'username' (a nil value)


FROM: 457366859
CHAT: -1001112595265
TEXT: ###added

[Wednesday, 27 December 2017 at 22:46:33]
./methods.lua:384: type 'function' is not supported by JSON.


FROM: 250301329
CHAT: -1001081880667
TEXT: @EveryBodyOnHp

[Wednesday, 27 December 2017 at 23:04:00]
plugins/settings.lua:236: attempt to call global 'do_keyboard_private' (a nil value)


FROM: 250301329
CHAT: -1001081880667
TEXT: /ajustes

[Wednesday, 27 December 2017 at 23:04:31]
./methods.lua:384: type 'function' is not supported by JSON.


FROM: 292858800
CHAT: -1001112595265
TEXT: @Lukiyas3

[Wednesday, 27 December 2017 at 23:05:47]
plugins/settings.lua:236: attempt to call global 'do_keyboard_private' (a nil value)


FROM: 250301329
CHAT: -1001081880667
TEXT: /ajustes

[Wednesday, 27 December 2017 at 23:09:10]
./methods.lua:384: type 'function' is not supported by JSON.


FROM: 250301329
CHAT: -1001081880667
TEXT: @EveryBodyOnHp

[Wednesday, 27 December 2017 at 23:10:22]
./methods.lua:374: attempt to concatenate local 'chat_id' (a table value)


FROM: 250301329
CHAT: -1001081880667
TEXT: /ajustes

[Wednesday, 27 December 2017 at 23:10:38]
./methods.lua:374: attempt to concatenate local 'chat_id' (a table value)


FROM: 250301329
CHAT: -1001081880667
TEXT: /ajustes

[Wednesday, 27 December 2017 at 23:18:32]
./methods.lua:384: type 'function' is not supported by JSON.


FROM: 441932864
CHAT: -1001051899612
TEXT: @Matias_il

[Wednesday, 27 December 2017 at 23:18:38]
./methods.lua:384: type 'function' is not supported by JSON.


FROM: 441932864
CHAT: -1001051899612
TEXT: @Matias_il

[Wednesday, 27 December 2017 at 23:57:29]
./methods.lua:384: type 'function' is not supported by JSON.


FROM: 292858800
CHAT: -1001112595265
TEXT: @MeraBmth

[Thursday, 28 December 2017 at 00:16:29]
./methods.lua:384: type 'function' is not supported by JSON.


FROM: 401155991
CHAT: -1001112595265
TEXT: @nucleoterco

[Thursday, 28 December 2017 at 02:44:16]
plugins/service.lua:134: attempt to index field 'username' (a nil value)


FROM: 357720919
CHAT: -1001112595265
TEXT: ###added

[Thursday, 28 December 2017 at 10:53:06]
./methods.lua:384: type 'function' is not supported by JSON.


FROM: 5724636
CHAT: -1001056977775
TEXT: @iJonar

[Thursday, 28 December 2017 at 10:58:52]
./methods.lua:384: type 'function' is not supported by JSON.


FROM: 5724636
CHAT: -1001056977775
TEXT: @iJonar

[Thursday, 28 December 2017 at 11:03:54]
./methods.lua:384: type 'function' is not supported by JSON.


FROM: 5724636
CHAT: -1001056977775
TEXT: @iJonar

[Thursday, 28 December 2017 at 12:46:28]
plugins/findpedoss.lua:23: attempt to call global 'is_gbanners' (a nil value)


FROM: 410492945
CHAT: -1001315946226
TEXT: /scan

[Thursday, 28 December 2017 at 13:42:39]
./methods.lua:384: type 'function' is not supported by JSON.


FROM: 440494928
CHAT: -1001112595265
TEXT: @Andres_Ra

[Thursday, 28 December 2017 at 17:10:52]
./methods.lua:384: type 'function' is not supported by JSON.


FROM: 441932864
CHAT: -1001051899612
TEXT: @Matias_il

[Thursday, 28 December 2017 at 17:34:55]
./methods.lua:384: type 'function' is not supported by JSON.


FROM: 337692639
CHAT: -1001112595265
TEXT: @nucleoterco

[Thursday, 28 December 2017 at 19:55:00]
./methods.lua:384: type 'function' is not supported by JSON.


FROM: 371381757
CHAT: -1001051899612
TEXT: @DemonMiles

[Thursday, 28 December 2017 at 20:36:19]
./methods.lua:384: type 'function' is not supported by JSON.


FROM: 292858800
CHAT: -1001112595265
TEXT: @Daddymt

[Thursday, 28 December 2017 at 20:57:27]
./methods.lua:384: type 'function' is not supported by JSON.


FROM: 464192592
CHAT: -1001112595265
TEXT: @Darkoz26

[Thursday, 28 December 2017 at 22:08:05]
plugins/service.lua:134: attempt to index field 'username' (a nil value)


FROM: 390666380
CHAT: -1001112595265
TEXT: ###added

[Thursday, 28 December 2017 at 22:11:21]
plugins/service.lua:134: attempt to index field 'username' (a nil value)


FROM: 39302527
CHAT: -1001112595265
TEXT: ###added

[Thursday, 28 December 2017 at 22:16:20]
plugins/service.lua:134: attempt to index field 'username' (a nil value)


FROM: 490304651
CHAT: -1001112595265
TEXT: ###added

[Thursday, 28 December 2017 at 22:37:56]
./methods.lua:384: type 'function' is not supported by JSON.


FROM: 292858800
CHAT: -1001112595265
TEXT: @SigSauerP226

[Thursday, 28 December 2017 at 23:13:49]
./methods.lua:384: type 'function' is not supported by JSON.


FROM: 292858800
CHAT: -1001112595265
TEXT: @SigSauerP226

[Friday, 29 December 2017 at 02:37:22]
./methods.lua:384: type 'function' is not supported by JSON.


FROM: 411051356
CHAT: -1001279618657
TEXT: @Xaviratulmin

[Friday, 29 December 2017 at 03:22:18]
./methods.lua:384: type 'function' is not supported by JSON.


FROM: 292858800
CHAT: -1001112595265
TEXT: @Meaf75

[Friday, 29 December 2017 at 03:48:55]
./methods.lua:384: type 'function' is not supported by JSON.


FROM: 292858800
CHAT: -1001112595265
TEXT: @MamaGallina

[Friday, 29 December 2017 at 03:58:05]
./methods.lua:384: type 'function' is not supported by JSON.


FROM: 496250447
CHAT: -1001112595265
TEXT: @MamaGallina

[Friday, 29 December 2017 at 06:03:18]
plugins/service.lua:134: attempt to index field 'username' (a nil value)


FROM: 502480176
CHAT: -1001112595265
TEXT: ###added

[Friday, 29 December 2017 at 07:15:27]
./methods.lua:384: type 'function' is not supported by JSON.


FROM: 292858800
CHAT: -1001112595265
TEXT: @AlifMurito

[Friday, 29 December 2017 at 07:22:35]
./methods.lua:384: type 'function' is not supported by JSON.


FROM: 337692639
CHAT: -1001112595265
TEXT: @nucleoterco

[Friday, 29 December 2017 at 07:56:11]
./methods.lua:384: type 'function' is not supported by JSON.


FROM: 337692639
CHAT: -1001112595265
TEXT: @nucleoterco

[Friday, 29 December 2017 at 08:03:58]
./methods.lua:384: type 'function' is not supported by JSON.


FROM: 337692639
CHAT: -1001112595265
TEXT: @TocandoleLaJaleaAlaVida

[Friday, 29 December 2017 at 08:51:38]
plugins/service.lua:134: attempt to index field 'username' (a nil value)


FROM: 209820495
CHAT: -1001112595265
TEXT: ###added

[Friday, 29 December 2017 at 10:02:25]
./methods.lua:384: type 'function' is not supported by JSON.


FROM: 240050251
CHAT: -1001065848402
TEXT: @Andrydenuevo

[Friday, 29 December 2017 at 11:56:03]
./methods.lua:384: type 'function' is not supported by JSON.


FROM: 193924823
CHAT: -1001051899612
TEXT: @Agus_18

[Friday, 29 December 2017 at 12:22:48]
plugins/service.lua:134: attempt to index field 'username' (a nil value)


FROM: 442213429
CHAT: -1001112595265
TEXT: ###added

[Friday, 29 December 2017 at 16:17:55]
./methods.lua:384: type 'function' is not supported by JSON.


FROM: 292858800
CHAT: -1001112595265
TEXT: @SigSauerP226

[Friday, 29 December 2017 at 20:21:31]
./methods.lua:384: type 'function' is not supported by JSON.


FROM: 502833476
CHAT: -1001112595265
TEXT: @Lukiyas3

[Friday, 29 December 2017 at 20:24:41]
plugins/service.lua:134: attempt to index field 'username' (a nil value)


FROM: 360361289
CHAT: -1001112595265
TEXT: ###added

[Friday, 29 December 2017 at 20:38:39]
./methods.lua:384: type 'function' is not supported by JSON.


FROM: 337692639
CHAT: -1001112595265
TEXT: @TocandoleLaJaleaAlaVida

[Friday, 29 December 2017 at 21:34:04]
plugins/service.lua:134: attempt to index field 'username' (a nil value)


FROM: 426857462
CHAT: -1001112595265
TEXT: ###added

[Friday, 29 December 2017 at 21:59:08]
./methods.lua:384: type 'function' is not supported by JSON.


FROM: 502833476
CHAT: -1001112595265
TEXT: @Lukiyas3

[Friday, 29 December 2017 at 22:00:43]
./methods.lua:151: attempt to index global 'https' (a nil value)


FROM: 243938425
CHAT: -1001112595265
TEXT: https://t.me/joinchat/AAAAAEOEr5tf439z7fZ9oQ

[Friday, 29 December 2017 at 22:09:39]
./methods.lua:151: attempt to index global 'https' (a nil value)


FROM: 250301329
CHAT: -1001081880667
TEXT: El t.me/grupo

[Friday, 29 December 2017 at 22:10:04]
./methods.lua:151: attempt to index global 'https' (a nil value)


FROM: 401155991
CHAT: -1001081880667
TEXT: El t.me/grupo

[Friday, 29 December 2017 at 22:10:13]
./methods.lua:151: attempt to index global 'https' (a nil value)


FROM: 401155991
CHAT: -1001081880667
TEXT: El t.me/grupo

[Friday, 29 December 2017 at 22:10:55]
./methods.lua:151: attempt to index global 'https' (a nil value)


FROM: 27840971
CHAT: -1001081880667
TEXT: https://t.me/joinchat/AajRy0B8MFu7i2GzAo5EyA

[Friday, 29 December 2017 at 22:11:37]
./methods.lua:151: attempt to index global 'https' (a nil value)


FROM: 27840971
CHAT: -1001081880667
TEXT: https://t.me/joinchat/AajRy0B8MFu7i2GzAo5EyA

[Friday, 29 December 2017 at 22:11:47]
./methods.lua:151: attempt to index global 'https' (a nil value)


FROM: 27840971
CHAT: -1001081880667
TEXT: https://t.me/joinchat/AajRy0B8MFu7i2GzAo5EyA

[Friday, 29 December 2017 at 22:11:52]
./methods.lua:151: attempt to index global 'https' (a nil value)


FROM: 27840971
CHAT: -1001081880667
TEXT: https://t.me/joinchat/AajRy0B8MFu7i2GzAo5EyA

[Friday, 29 December 2017 at 22:11:55]
./methods.lua:151: attempt to index global 'https' (a nil value)


FROM: 27840971
CHAT: -1001081880667
TEXT: https://t.me/joinchat/AajRy0B8MFu7i2GzAo5EyA

[Friday, 29 December 2017 at 22:12:01]
./methods.lua:151: attempt to index global 'https' (a nil value)


FROM: 27840971
CHAT: -1001081880667
TEXT: https://t.me/joinchat/AajRy0B8MFu7i2GzAo5EyA

[Friday, 29 December 2017 at 22:14:18]
./methods.lua:151: attempt to index global 'https' (a nil value)


FROM: 250301329
CHAT: -1001081880667
TEXT: Y el t.me

[Friday, 29 December 2017 at 22:14:25]
./methods.lua:151: attempt to index global 'https' (a nil value)


FROM: 250301329
CHAT: -1001081880667
TEXT: Telegram.me

[Friday, 29 December 2017 at 22:15:30]
/usr/local/share/lua/5.2/socket/url.lua:31: bad argument #1 to 'gsub' (string expected, got boolean)


FROM: 27840971
CHAT: -1001081880667
TEXT: ###cb:userbutton:banuser:324313727

[Friday, 29 December 2017 at 22:21:07]
utilities.lua:141: attempt to index local 'msg' (a nil value)


FROM: 250301329
CHAT: -1001081880667
TEXT: https://t.me/joinchat/AajRy0B8MFu7i2GzAo5EyA

[Friday, 29 December 2017 at 22:21:12]
utilities.lua:141: attempt to index local 'msg' (a nil value)


FROM: 250301329
CHAT: -1001081880667
TEXT: https://t.me/joinchat/AajRy0B8MFu7i2GzAo5EyA

[Friday, 29 December 2017 at 22:21:32]
utilities.lua:141: attempt to index local 'msg' (a nil value)


FROM: 27840971
CHAT: -1001081880667
TEXT: https://t.me/joinchat/AajRy0B8MFu7i2GzAo5EyA

[Friday, 29 December 2017 at 22:21:46]
utilities.lua:141: attempt to index local 'msg' (a nil value)


FROM: 27840971
CHAT: -1001101240169
TEXT: https://t.me/joinchat/AajRy0B8MFu7i2GzAo5EyA

[Friday, 29 December 2017 at 22:22:07]
utilities.lua:141: attempt to index local 'msg' (a nil value)


FROM: 401155991
CHAT: -1001081880667
TEXT: https://t.me/joinchat/AajRy0B8MFu7i2GzAo5EyA

[Friday, 29 December 2017 at 22:22:13]
utilities.lua:141: attempt to index local 'msg' (a nil value)


FROM: 401155991
CHAT: -1001081880667
TEXT: https://t.me/joinchat/AajRy0B8MFu7i2GzAo5EyA

[Friday, 29 December 2017 at 22:22:37]
./methods.lua:384: type 'function' is not supported by JSON.


FROM: 250301329
CHAT: -1001081880667
TEXT: @Espacio_vacio

[Friday, 29 December 2017 at 22:22:41]
utilities.lua:141: attempt to index local 'msg' (a nil value)


FROM: 401155991
CHAT: -1001081880667
TEXT: https://t.me/joinchat/AajRy0B8MFu7i2GzAo5EyA

[Friday, 29 December 2017 at 22:22:50]
utilities.lua:141: attempt to index local 'msg' (a nil value)


FROM: 401155991
CHAT: -1001081880667
TEXT: https://t.me/joinchat/AajRy0B8MFu7i2GzAo5EyA

[Friday, 29 December 2017 at 22:23:23]
./methods.lua:384: type 'function' is not supported by JSON.


FROM: 250301329
CHAT: -1001081880667
TEXT: @Espacio_vacio

[Friday, 29 December 2017 at 22:23:38]
./methods.lua:151: attempt to index global 'https' (a nil value)


FROM: 250301329
CHAT: -1001081880667
TEXT: https://t.me/joinchat/AajRy0B8MFu7i2GzAo5EyA

[Friday, 29 December 2017 at 22:23:50]
./methods.lua:151: attempt to index global 'https' (a nil value)


FROM: 401155991
CHAT: -1001081880667
TEXT: https://t.me/joinchat/AajRy0B8MFu7i2GzAo5EyA

[Friday, 29 December 2017 at 22:26:00]
./methods.lua:151: attempt to index global 'https' (a nil value)


FROM: 27840971
CHAT: -1001081880667
TEXT: https://t.me/joinchat/AajRy0B8MFu7i2GzAo5EyA

[Friday, 29 December 2017 at 22:38:28]
plugins/comandos.lua:12: unexpected symbol near char(160)


FROM: 27840971
CHAT: -1001081880667
TEXT: ###botadded

[Friday, 29 December 2017 at 22:38:59]
plugins/comandos.lua:12: unexpected symbol near char(160)


FROM: 250301329
CHAT: -1001081880667
TEXT: /ainit

[Friday, 29 December 2017 at 22:39:12]
plugins/comandos.lua:12: unexpected symbol near char(160)


FROM: 27840971
CHAT: -1001081880667
TEXT: /ainit

[Friday, 29 December 2017 at 22:46:12]
./methods.lua:384: type 'function' is not supported by JSON.


FROM: 250301329
CHAT: -1001081880667
TEXT: @EveryBodyOnHp

[Saturday, 30 December 2017 at 07:46:00]
plugins/service.lua:134: attempt to index field 'username' (a nil value)


FROM: 523699327
CHAT: -1001112595265
TEXT: ###added

[Saturday, 30 December 2017 at 08:50:50]
plugins/service.lua:134: attempt to index field 'username' (a nil value)


FROM: 549095881
CHAT: -1001112595265
TEXT: ###added

[Saturday, 30 December 2017 at 13:43:14]
./methods.lua:384: type 'function' is not supported by JSON.


FROM: 337692639
CHAT: -1001112595265
TEXT: @TocandoleLaJaleaAlaVida

[Saturday, 30 December 2017 at 14:07:11]
./methods.lua:384: type 'function' is not supported by JSON.


FROM: 471215820
CHAT: -1001112595265
TEXT: @VisitThePlanet

[Saturday, 30 December 2017 at 14:07:46]
./methods.lua:384: type 'function' is not supported by JSON.


FROM: 471215820
CHAT: -1001112595265
TEXT: @VisitThePlanet

[Saturday, 30 December 2017 at 14:09:54]
./methods.lua:384: type 'function' is not supported by JSON.


FROM: 471215820
CHAT: -1001065848402
TEXT: @VisitThePlanet

[Saturday, 30 December 2017 at 15:02:22]
./methods.lua:384: type 'function' is not supported by JSON.


FROM: 39302527
CHAT: -1001108628160
TEXT: @DarkielKastroHermandadSV

[Saturday, 30 December 2017 at 18:31:42]
./methods.lua:384: type 'function' is not supported by JSON.


FROM: 184300027
CHAT: -1001207646253
TEXT: @Aladham1994

[Saturday, 30 December 2017 at 19:12:59]
plugins/service.lua:134: attempt to index field 'username' (a nil value)


FROM: 369653198
CHAT: -1001112595265
TEXT: ###added

[Saturday, 30 December 2017 at 22:14:50]
./methods.lua:384: type 'function' is not supported by JSON.


FROM: 480192472
CHAT: -1001279618657
TEXT: @iscandarmx

[Saturday, 30 December 2017 at 22:15:46]
./methods.lua:384: type 'function' is not supported by JSON.


FROM: 480192472
CHAT: -1001279618657
TEXT: @iscandarmx

[Saturday, 30 December 2017 at 22:16:03]
./methods.lua:384: type 'function' is not supported by JSON.


FROM: 480192472
CHAT: -1001279618657
TEXT: @iscandarmx

[Sunday, 31 December 2017 at 01:03:08]
plugins/service.lua:134: attempt to index field 'username' (a nil value)


FROM: 495060474
CHAT: -1001279618657
TEXT: ###added

[Sunday, 31 December 2017 at 01:03:52]
plugins/service.lua:134: attempt to index field 'username' (a nil value)


FROM: 116834821
CHAT: -1001279618657
TEXT: ###added

[Sunday, 31 December 2017 at 01:32:58]
./methods.lua:384: type 'function' is not supported by JSON.


FROM: 366869435
CHAT: -1001139537460
TEXT: @loveanni

[Sunday, 31 December 2017 at 02:20:05]
plugins/service.lua:134: attempt to index field 'username' (a nil value)


FROM: 471638727
CHAT: -1001279618657
TEXT: ###added

[Sunday, 31 December 2017 at 02:31:30]
plugins/service.lua:134: attempt to index field 'username' (a nil value)


FROM: 411051356
CHAT: -1001279618657
TEXT: ###added

[Sunday, 31 December 2017 at 05:16:07]
plugins/service.lua:134: attempt to index field 'username' (a nil value)


FROM: 348080159
CHAT: -1001279618657
TEXT: ###added

[Sunday, 31 December 2017 at 06:01:37]
plugins/service.lua:134: attempt to index field 'username' (a nil value)


FROM: 174119054
CHAT: -1001279618657
TEXT: ###added

[Sunday, 31 December 2017 at 06:14:53]
plugins/service.lua:134: attempt to index field 'username' (a nil value)


FROM: 444124953
CHAT: -1001279618657
TEXT: ###added

[Sunday, 31 December 2017 at 08:09:41]
./methods.lua:384: type 'function' is not supported by JSON.


FROM: 420267168
CHAT: -1001229718027
TEXT: @Baura28

[Sunday, 31 December 2017 at 08:09:47]
./methods.lua:384: type 'function' is not supported by JSON.


FROM: 420267168
CHAT: -1001229718027
TEXT: @FlojeadorCompulsivo

[Sunday, 31 December 2017 at 08:10:02]
./methods.lua:384: type 'function' is not supported by JSON.


FROM: 420267168
CHAT: -1001229718027
TEXT: @EveryBodyOnHp

[Sunday, 31 December 2017 at 08:10:08]
./methods.lua:384: type 'function' is not supported by JSON.


FROM: 420267168
CHAT: -1001229718027
TEXT: @Gabedion

[Sunday, 31 December 2017 at 08:10:18]
./methods.lua:384: type 'function' is not supported by JSON.


FROM: 420267168
CHAT: -1001229718027
TEXT: @DovahkiinYT

[Sunday, 31 December 2017 at 08:10:31]
./methods.lua:384: type 'function' is not supported by JSON.


FROM: 420267168
CHAT: -1001229718027
TEXT: @REIDIOMAN

[Sunday, 31 December 2017 at 08:49:54]
./methods.lua:384: type 'function' is not supported by JSON.


FROM: 480192472
CHAT: -1001279618657
TEXT: @XxAlexXx76

[Sunday, 31 December 2017 at 08:51:54]
./methods.lua:384: type 'function' is not supported by JSON.


FROM: 480192472
CHAT: -1001279618657
TEXT: @iscandarmx

[Sunday, 31 December 2017 at 08:53:18]
plugins/service.lua:134: attempt to index field 'username' (a nil value)


FROM: 411051356
CHAT: -1001279618657
TEXT: ###added

[Sunday, 31 December 2017 at 08:55:21]
./methods.lua:384: type 'function' is not supported by JSON.


FROM: 480192472
CHAT: -1001279618657
TEXT: @XxAlexXx76

[Sunday, 31 December 2017 at 08:56:34]
./methods.lua:384: type 'function' is not supported by JSON.


FROM: 480192472
CHAT: -1001279618657
TEXT: @XxAlexXx76

[Sunday, 31 December 2017 at 09:00:16]
plugins/service.lua:134: attempt to index field 'username' (a nil value)


FROM: 455088613
CHAT: -1001279618657
TEXT: ###added

[Sunday, 31 December 2017 at 10:35:48]
plugins/service.lua:134: attempt to index field 'username' (a nil value)


FROM: 528216224
CHAT: -1001279618657
TEXT: ###added

[Sunday, 31 December 2017 at 10:51:48]
plugins/service.lua:134: attempt to index field 'username' (a nil value)


FROM: 524735727
CHAT: -1001279618657
TEXT: ###added

[Sunday, 31 December 2017 at 11:47:01]
plugins/tags.lua:50: attempt to concatenate field 'username' (a nil value)


FROM: 411051356
CHAT: -1001279618657
TEXT: @queenkj

[Sunday, 31 December 2017 at 12:33:46]
plugins/service.lua:134: attempt to index field 'username' (a nil value)


FROM: 341149785
CHAT: -1001279618657
TEXT: ###added

[Sunday, 31 December 2017 at 12:57:40]
plugins/service.lua:134: attempt to index field 'username' (a nil value)


FROM: 463846829
CHAT: -1001279618657
TEXT: ###added

[Sunday, 31 December 2017 at 13:25:58]
plugins/service.lua:134: attempt to index field 'username' (a nil value)


FROM: 459509451
CHAT: -1001279618657
TEXT: ###added

[Sunday, 31 December 2017 at 13:37:43]
plugins/service.lua:134: attempt to index field 'username' (a nil value)


FROM: 503476973
CHAT: -1001279618657
TEXT: ###added

[Sunday, 31 December 2017 at 13:56:41]
plugins/service.lua:134: attempt to index field 'username' (a nil value)


FROM: 378242050
CHAT: -1001279618657
TEXT: ###added

[Sunday, 31 December 2017 at 14:08:49]
plugins/service.lua:134: attempt to index field 'username' (a nil value)


FROM: 538199737
CHAT: -1001279618657
TEXT: ###added

[Sunday, 31 December 2017 at 15:15:08]
plugins/service.lua:134: attempt to index field 'username' (a nil value)


FROM: 420967059
CHAT: -1001279618657
TEXT: ###added

[Sunday, 31 December 2017 at 15:43:24]
plugins/service.lua:134: attempt to index field 'username' (a nil value)


FROM: 418754127
CHAT: -1001279618657
TEXT: ###added

[Sunday, 31 December 2017 at 15:57:23]
plugins/service.lua:134: attempt to index field 'username' (a nil value)


FROM: 113464859
CHAT: -1001279618657
TEXT: ###added

[Sunday, 31 December 2017 at 17:42:03]
plugins/service.lua:134: attempt to index field 'username' (a nil value)


FROM: 502351712
CHAT: -1001112595265
TEXT: ###added

[Sunday, 31 December 2017 at 18:19:51]
plugins/service.lua:134: attempt to index field 'username' (a nil value)


FROM: 487700535
CHAT: -1001279618657
TEXT: ###added

[Sunday, 31 December 2017 at 21:03:16]
./methods.lua:384: type 'function' is not supported by JSON.


FROM: 161725206
CHAT: -1001139537460
TEXT: @AldoDeltaOscar

[Sunday, 31 December 2017 at 23:01:23]
./methods.lua:384: type 'function' is not supported by JSON.


FROM: 184300027
CHAT: -1001096846712
TEXT: @Nesye

[Monday, 01 January 2018 at 00:03:50]
plugins/service.lua:134: attempt to index field 'username' (a nil value)


FROM: 411051356
CHAT: -1001279618657
TEXT: ###added

[Monday, 01 January 2018 at 05:03:53]
plugins/service.lua:134: attempt to index field 'username' (a nil value)


FROM: 411051356
CHAT: -1001279618657
TEXT: ###added

[Monday, 01 January 2018 at 06:01:16]
plugins/service.lua:134: attempt to index field 'username' (a nil value)


FROM: 349537635
CHAT: -1001279618657
TEXT: ###added

[Monday, 01 January 2018 at 06:24:33]
plugins/service.lua:134: attempt to index field 'username' (a nil value)


FROM: 172113107
CHAT: -1001112595265
TEXT: ###added

[Monday, 01 January 2018 at 09:04:54]
plugins/service.lua:134: attempt to index field 'username' (a nil value)


FROM: 411051356
CHAT: -1001279618657
TEXT: ###added

[Monday, 01 January 2018 at 09:15:26]
plugins/service.lua:134: attempt to index field 'username' (a nil value)


FROM: 60369848
CHAT: -1001279618657
TEXT: ###added

[Monday, 01 January 2018 at 10:28:36]
plugins/service.lua:134: attempt to index field 'username' (a nil value)


FROM: 494895745
CHAT: -1001279618657
TEXT: ###added

[Monday, 01 January 2018 at 11:18:29]
./methods.lua:384: type 'function' is not supported by JSON.


FROM: 83581863
CHAT: -1001279618657
TEXT: @Ray_Wolf

[Monday, 01 January 2018 at 15:27:01]
plugins/service.lua:134: attempt to index field 'username' (a nil value)


FROM: 222211338
CHAT: -1001112595265
TEXT: ###added

[Monday, 01 January 2018 at 17:38:16]
./methods.lua:384: type 'function' is not supported by JSON.


FROM: 247226050
CHAT: -1001096846712
TEXT: @JosephBrito

[Monday, 01 January 2018 at 18:56:51]
./methods.lua:384: type 'function' is not supported by JSON.


FROM: 337692639
CHAT: -1001065848402
TEXT: @THE_MAKIA_COLOMBIA

[Monday, 01 January 2018 at 19:03:36]
plugins/service.lua:134: attempt to index field 'username' (a nil value)


FROM: 228062142
CHAT: -1001279618657
TEXT: ###added

[Monday, 01 January 2018 at 19:03:45]
./methods.lua:384: type 'function' is not supported by JSON.


FROM: 408541535
CHAT: -1001087922100
TEXT: @CR7JNPS

[Monday, 01 January 2018 at 19:04:08]
./methods.lua:384: type 'function' is not supported by JSON.


FROM: 359607320
CHAT: -1001087922100
TEXT: @CR7JNPS

[Monday, 01 January 2018 at 21:16:03]
plugins/service.lua:134: attempt to index field 'username' (a nil value)


FROM: 508510762
CHAT: -1001279618657
TEXT: ###added

[Monday, 01 January 2018 at 21:20:13]
plugins/service.lua:134: attempt to index field 'username' (a nil value)


FROM: 508510762
CHAT: -1001279618657
TEXT: ###added

[Monday, 01 January 2018 at 23:08:24]
./methods.lua:384: type 'function' is not supported by JSON.


FROM: 401422605
CHAT: -1001229718027
TEXT: @alecobb

[Monday, 01 January 2018 at 23:11:32]
./methods.lua:384: type 'function' is not supported by JSON.


FROM: 163291507
CHAT: -1001229718027
TEXT: @Mariavpg

[Monday, 01 January 2018 at 23:11:51]
./methods.lua:384: type 'function' is not supported by JSON.


FROM: 401422605
CHAT: -1001229718027
TEXT: @Nightwish17

[Monday, 01 January 2018 at 23:11:59]
./methods.lua:384: type 'function' is not supported by JSON.


FROM: 401422605
CHAT: -1001229718027
TEXT: @TheAlvaroskito

[Monday, 01 January 2018 at 23:13:05]
plugins/service.lua:134: attempt to index field 'username' (a nil value)


FROM: 411051356
CHAT: -1001279618657
TEXT: ###added

[Monday, 01 January 2018 at 23:22:03]
plugins/tags.lua:50: attempt to concatenate field 'username' (a nil value)


FROM: 411051356
CHAT: -1001279618657
TEXT: @Ray_Wolf

[Tuesday, 02 January 2018 at 00:28:55]
plugins/service.lua:134: attempt to index field 'username' (a nil value)


FROM: 549540304
CHAT: -1001279618657
TEXT: ###added

[Tuesday, 02 January 2018 at 01:22:51]
plugins/service.lua:134: attempt to index field 'username' (a nil value)


FROM: 297046032
CHAT: -1001279618657
TEXT: ###added

[Tuesday, 02 January 2018 at 01:24:03]
plugins/service.lua:134: attempt to index field 'username' (a nil value)


FROM: 98357099
CHAT: -1001279618657
TEXT: ###added

[Tuesday, 02 January 2018 at 01:25:32]
plugins/service.lua:134: attempt to index field 'username' (a nil value)


FROM: 297046032
CHAT: -1001279618657
TEXT: ###added

[Tuesday, 02 January 2018 at 01:30:02]
plugins/service.lua:134: attempt to index field 'username' (a nil value)


FROM: 347266747
CHAT: -1001279618657
TEXT: ###added

[Tuesday, 02 January 2018 at 01:36:57]
plugins/service.lua:134: attempt to index field 'username' (a nil value)


FROM: 297046032
CHAT: -1001279618657
TEXT: ###added

[Tuesday, 02 January 2018 at 02:33:29]
./methods.lua:384: type 'function' is not supported by JSON.


FROM: 464192592
CHAT: -1001112595265
TEXT: @Daddymt

[Tuesday, 02 January 2018 at 02:55:44]
plugins/service.lua:134: attempt to index field 'username' (a nil value)


FROM: 131812152
CHAT: -1001279618657
TEXT: ###added

[Tuesday, 02 January 2018 at 03:16:21]
plugins/service.lua:134: attempt to index field 'username' (a nil value)


FROM: 122907709
CHAT: -1001279618657
TEXT: ###added

[Tuesday, 02 January 2018 at 03:17:16]
plugins/service.lua:134: attempt to index field 'username' (a nil value)


FROM: 122907709
CHAT: -1001279618657
TEXT: ###added

[Tuesday, 02 January 2018 at 03:17:33]
plugins/service.lua:134: attempt to index field 'username' (a nil value)


FROM: 467699422
CHAT: -1001279618657
TEXT: ###added

[Tuesday, 02 January 2018 at 03:23:48]
plugins/service.lua:134: attempt to index field 'username' (a nil value)


FROM: 526407102
CHAT: -1001279618657
TEXT: ###added

[Tuesday, 02 January 2018 at 03:44:53]
plugins/service.lua:134: attempt to index field 'username' (a nil value)


FROM: 416755693
CHAT: -1001279618657
TEXT: ###added

[Tuesday, 02 January 2018 at 03:45:27]
plugins/service.lua:134: attempt to index field 'username' (a nil value)


FROM: 425012903
CHAT: -1001279618657
TEXT: ###added

[Tuesday, 02 January 2018 at 03:46:02]
plugins/service.lua:134: attempt to index field 'username' (a nil value)


FROM: 534917197
CHAT: -1001279618657
TEXT: ###added

[Tuesday, 02 January 2018 at 04:09:51]
plugins/service.lua:134: attempt to index field 'username' (a nil value)


FROM: 526562417
CHAT: -1001279618657
TEXT: ###added

[Tuesday, 02 January 2018 at 04:10:08]
./methods.lua:384: type 'function' is not supported by JSON.


FROM: 393477474
CHAT: -1001112595265
TEXT: @RedsinhiaLaDragusinhia

[Tuesday, 02 January 2018 at 04:28:38]
plugins/service.lua:134: attempt to index field 'username' (a nil value)


FROM: 425012903
CHAT: -1001279618657
TEXT: ###added

[Tuesday, 02 January 2018 at 04:30:39]
plugins/service.lua:134: attempt to index field 'username' (a nil value)


FROM: 446507556
CHAT: -1001279618657
TEXT: ###added

[Tuesday, 02 January 2018 at 04:39:57]
plugins/service.lua:134: attempt to index field 'username' (a nil value)


FROM: 454065127
CHAT: -1001279618657
TEXT: ###added

[Tuesday, 02 January 2018 at 04:53:13]
plugins/service.lua:134: attempt to index field 'username' (a nil value)


FROM: 254865587
CHAT: -1001279618657
TEXT: ###added

[Tuesday, 02 January 2018 at 05:07:15]
plugins/service.lua:134: attempt to index field 'username' (a nil value)


FROM: 112824526
CHAT: -1001279618657
TEXT: ###added

[Tuesday, 02 January 2018 at 05:21:16]
plugins/service.lua:134: attempt to index field 'username' (a nil value)


FROM: 282355807
CHAT: -1001279618657
TEXT: ###added

[Tuesday, 02 January 2018 at 05:29:48]
plugins/service.lua:134: attempt to index field 'username' (a nil value)


FROM: 300577937
CHAT: -1001279618657
TEXT: ###added

[Tuesday, 02 January 2018 at 05:36:16]
plugins/service.lua:134: attempt to index field 'username' (a nil value)


FROM: 470570431
CHAT: -1001279618657
TEXT: ###added

[Tuesday, 02 January 2018 at 05:47:40]
plugins/service.lua:134: attempt to index field 'username' (a nil value)


FROM: 361189667
CHAT: -1001279618657
TEXT: ###added

[Tuesday, 02 January 2018 at 06:19:49]
plugins/service.lua:134: attempt to index field 'username' (a nil value)


FROM: 407760440
CHAT: -1001279618657
TEXT: ###added

[Tuesday, 02 January 2018 at 06:49:07]
plugins/service.lua:134: attempt to index field 'username' (a nil value)


FROM: 538508664
CHAT: -1001279618657
TEXT: ###added

[Tuesday, 02 January 2018 at 07:11:23]
plugins/service.lua:134: attempt to index field 'username' (a nil value)


FROM: 171968300
CHAT: -1001279618657
TEXT: ###added

[Tuesday, 02 January 2018 at 07:57:31]
plugins/service.lua:134: attempt to index field 'username' (a nil value)


FROM: 470570431
CHAT: -1001279618657
TEXT: ###added

[Tuesday, 02 January 2018 at 08:04:44]
plugins/service.lua:134: attempt to index field 'username' (a nil value)


FROM: 549637170
CHAT: -1001279618657
TEXT: ###added

[Tuesday, 02 January 2018 at 08:41:54]
plugins/service.lua:134: attempt to index field 'username' (a nil value)


FROM: 391080785
CHAT: -1001279618657
TEXT: ###added

[Tuesday, 02 January 2018 at 08:46:29]
plugins/service.lua:134: attempt to index field 'username' (a nil value)


FROM: 450323105
CHAT: -1001279618657
TEXT: ###added

[Tuesday, 02 January 2018 at 08:52:02]
./methods.lua:384: type 'function' is not supported by JSON.


FROM: 5724636
CHAT: -1001056977775
TEXT: @HuterCR

[Tuesday, 02 January 2018 at 08:55:06]
plugins/service.lua:134: attempt to index field 'username' (a nil value)


FROM: 542128100
CHAT: -1001279618657
TEXT: ###added

[Tuesday, 02 January 2018 at 09:00:05]
plugins/service.lua:134: attempt to index field 'username' (a nil value)


FROM: 216393807
CHAT: -1001279618657
TEXT: ###added

[Tuesday, 02 January 2018 at 09:20:07]
plugins/service.lua:134: attempt to index field 'username' (a nil value)


FROM: 502553743
CHAT: -1001279618657
TEXT: ###added

[Tuesday, 02 January 2018 at 09:31:20]
plugins/service.lua:134: attempt to index field 'username' (a nil value)


FROM: 131812152
CHAT: -1001279618657
TEXT: ###added

[Tuesday, 02 January 2018 at 10:18:39]
plugins/service.lua:134: attempt to index field 'username' (a nil value)


FROM: 411051356
CHAT: -1001279618657
TEXT: ###added

[Tuesday, 02 January 2018 at 10:23:58]
utilities.lua:305: attempt to index local 'text' (a nil value)


FROM: 27840971
CHAT: -1001056977775
TEXT: /enable report

[Tuesday, 02 January 2018 at 10:24:27]
plugins/service.lua:134: attempt to index field 'username' (a nil value)


FROM: 24047970
CHAT: -1001279618657
TEXT: ###added

[Tuesday, 02 January 2018 at 10:27:44]
./methods.lua:384: type 'function' is not supported by JSON.


FROM: 5724636
CHAT: -1001056977775
TEXT: @EveryBodyOnHp

[Tuesday, 02 January 2018 at 10:33:36]
plugins/tags.lua:50: attempt to concatenate field 'username' (a nil value)


FROM: 411051356
CHAT: -1001279618657
TEXT: @Serin_king

[Tuesday, 02 January 2018 at 11:04:50]
plugins/service.lua:134: attempt to index field 'username' (a nil value)


FROM: 484222024
CHAT: -1001279618657
TEXT: ###added

[Tuesday, 02 January 2018 at 11:32:16]
plugins/service.lua:134: attempt to index field 'username' (a nil value)


FROM: 349789381
CHAT: -1001279618657
TEXT: ###added

[Tuesday, 02 January 2018 at 11:50:54]
plugins/service.lua:134: attempt to index field 'username' (a nil value)


FROM: 231523060
CHAT: -1001279618657
TEXT: ###added

[Tuesday, 02 January 2018 at 12:33:23]
./methods.lua:384: type 'function' is not supported by JSON.


FROM: 269720722
CHAT: -1001065848402
TEXT: @SICARIOHACKER_FD

[Tuesday, 02 January 2018 at 12:38:55]
plugins/service.lua:134: attempt to index field 'username' (a nil value)


FROM: 307267108
CHAT: -1001279618657
TEXT: ###added

[Tuesday, 02 January 2018 at 13:24:19]
./methods.lua:384: type 'function' is not supported by JSON.


FROM: 200683455
CHAT: -1001065848402
TEXT: @undiurban

[Tuesday, 02 January 2018 at 13:29:46]
plugins/service.lua:134: attempt to index field 'username' (a nil value)


FROM: 334313844
CHAT: -1001279618657
TEXT: ###added

[Tuesday, 02 January 2018 at 13:37:05]
./methods.lua:384: type 'function' is not supported by JSON.


FROM: 5724636
CHAT: -1001056977775
TEXT: @HuterCR

[Tuesday, 02 January 2018 at 13:53:36]
plugins/service.lua:134: attempt to index field 'username' (a nil value)


FROM: 484245126
CHAT: -1001112595265
TEXT: ###added

[Tuesday, 02 January 2018 at 14:32:23]
plugins/service.lua:134: attempt to index field 'username' (a nil value)


FROM: 514821245
CHAT: -1001112595265
TEXT: ###added

[Tuesday, 02 January 2018 at 15:05:27]
plugins/service.lua:134: attempt to index field 'username' (a nil value)


FROM: 307267108
CHAT: -1001279618657
TEXT: ###added

[Tuesday, 02 January 2018 at 16:07:12]
plugins/service.lua:134: attempt to index field 'username' (a nil value)


FROM: 439448968
CHAT: -1001279618657
TEXT: ###added

[Tuesday, 02 January 2018 at 16:25:40]
plugins/service.lua:134: attempt to index field 'username' (a nil value)


FROM: 361654393
CHAT: -1001279618657
TEXT: ###added

[Tuesday, 02 January 2018 at 16:58:28]
plugins/service.lua:134: attempt to index field 'username' (a nil value)


FROM: 174119054
CHAT: -1001279618657
TEXT: ###added

[Tuesday, 02 January 2018 at 17:47:48]
plugins/service.lua:134: attempt to index field 'username' (a nil value)


FROM: 312181280
CHAT: -1001279618657
TEXT: ###added

[Tuesday, 02 January 2018 at 17:54:55]
./methods.lua:384: type 'function' is not supported by JSON.


FROM: 188289054
CHAT: -1001108628160
TEXT: @Lamuerteeselcomienzo

[Tuesday, 02 January 2018 at 18:02:11]
./methods.lua:384: type 'function' is not supported by JSON.


FROM: 377674083
CHAT: -1001207646253
TEXT: @Womansmile

[Tuesday, 02 January 2018 at 19:00:12]
./methods.lua:384: type 'function' is not supported by JSON.


FROM: 420267168
CHAT: -1001229718027
TEXT: @DovahkiinYT

[Tuesday, 02 January 2018 at 19:00:16]
./methods.lua:384: type 'function' is not supported by JSON.


FROM: 420267168
CHAT: -1001229718027
TEXT: @EveryBodyOnHp

[Tuesday, 02 January 2018 at 20:11:32]
plugins/service.lua:134: attempt to index field 'username' (a nil value)


FROM: 444129534
CHAT: -1001279618657
TEXT: ###added

[Tuesday, 02 January 2018 at 20:18:37]
plugins/service.lua:134: attempt to index field 'username' (a nil value)


FROM: 339504418
CHAT: -1001279618657
TEXT: ###added

[Tuesday, 02 January 2018 at 21:06:14]
plugins/service.lua:134: attempt to index field 'username' (a nil value)


FROM: 24047970
CHAT: -1001279618657
TEXT: ###added

[Tuesday, 02 January 2018 at 22:08:05]
plugins/service.lua:134: attempt to index field 'username' (a nil value)


FROM: 52531693
CHAT: -1001279618657
TEXT: ###added

[Tuesday, 02 January 2018 at 22:55:17]
plugins/service.lua:134: attempt to index field 'username' (a nil value)


FROM: 488179061
CHAT: -1001279618657
TEXT: ###added

[Tuesday, 02 January 2018 at 23:11:16]
plugins/service.lua:134: attempt to index field 'username' (a nil value)


FROM: 452567787
CHAT: -1001279618657
TEXT: ###added

[Tuesday, 02 January 2018 at 23:17:54]
./methods.lua:384: type 'function' is not supported by JSON.


FROM: 188289054
CHAT: -1001108628160
TEXT: @EnPlenitud

[Tuesday, 02 January 2018 at 23:21:44]
./methods.lua:384: type 'function' is not supported by JSON.


FROM: 246360207
CHAT: -1001051899612
TEXT: @Ikumaru

[Tuesday, 02 January 2018 at 23:52:51]
plugins/service.lua:134: attempt to index field 'username' (a nil value)


FROM: 411051356
CHAT: -1001279618657
TEXT: ###added

[Wednesday, 03 January 2018 at 00:03:07]
plugins/service.lua:134: attempt to index field 'username' (a nil value)


FROM: 548843768
CHAT: -1001279618657
TEXT: ###added

[Wednesday, 03 January 2018 at 00:22:27]
plugins/service.lua:134: attempt to index field 'username' (a nil value)


FROM: 298624927
CHAT: -1001279618657
TEXT: ###added

[Wednesday, 03 January 2018 at 03:24:12]
./methods.lua:384: type 'function' is not supported by JSON.


FROM: 464192592
CHAT: -1001112595265
TEXT: @Lukiyas3

[Wednesday, 03 January 2018 at 03:24:21]
./methods.lua:384: type 'function' is not supported by JSON.


FROM: 464192592
CHAT: -1001112595265
TEXT: @Espacio_vacio

[Wednesday, 03 January 2018 at 03:24:39]
./methods.lua:384: type 'function' is not supported by JSON.


FROM: 464192592
CHAT: -1001112595265
TEXT: @Santi4ago

[Wednesday, 03 January 2018 at 03:24:44]
./methods.lua:384: type 'function' is not supported by JSON.


FROM: 464192592
CHAT: -1001112595265
TEXT: @Daddymt

[Wednesday, 03 January 2018 at 03:24:49]
./methods.lua:384: type 'function' is not supported by JSON.


FROM: 464192592
CHAT: -1001112595265
TEXT: @vlad_king

[Wednesday, 03 January 2018 at 03:25:32]
./methods.lua:384: type 'function' is not supported by JSON.


FROM: 464192592
CHAT: -1001112595265
TEXT: @AlifMurito

[Wednesday, 03 January 2018 at 06:16:00]
./methods.lua:384: type 'function' is not supported by JSON.


FROM: 377674083
CHAT: -1001207646253
TEXT: @Daddymt

[Wednesday, 03 January 2018 at 06:43:27]
plugins/service.lua:134: attempt to index field 'username' (a nil value)


FROM: 477006061
CHAT: -1001279618657
TEXT: ###added

[Wednesday, 03 January 2018 at 07:14:45]
plugins/service.lua:134: attempt to index field 'username' (a nil value)


FROM: 426367857
CHAT: -1001279618657
TEXT: ###added

[Wednesday, 03 January 2018 at 08:30:52]
./methods.lua:384: type 'function' is not supported by JSON.


FROM: 348343981
CHAT: -1001065848402
TEXT: @Hackweb593

[Wednesday, 03 January 2018 at 08:31:26]
plugins/service.lua:134: attempt to index field 'username' (a nil value)


FROM: 213421853
CHAT: -1001112595265
TEXT: ###added

[Wednesday, 03 January 2018 at 09:17:06]
plugins/service.lua:134: attempt to index field 'username' (a nil value)


FROM: 24047970
CHAT: -1001279618657
TEXT: ###added

[Wednesday, 03 January 2018 at 09:46:42]
plugins/service.lua:134: attempt to index field 'username' (a nil value)


FROM: 273963870
CHAT: -1001279618657
TEXT: ###added

[Wednesday, 03 January 2018 at 10:56:44]
plugins/service.lua:134: attempt to index field 'username' (a nil value)


FROM: 496957768
CHAT: -1001279618657
TEXT: ###added

[Wednesday, 03 January 2018 at 11:31:57]
plugins/service.lua:134: attempt to index field 'username' (a nil value)


FROM: 259130025
CHAT: -1001279618657
TEXT: ###added

[Wednesday, 03 January 2018 at 12:10:07]
plugins/service.lua:134: attempt to index field 'username' (a nil value)


FROM: 400188876
CHAT: -1001279618657
TEXT: ###added

[Wednesday, 03 January 2018 at 13:36:20]
plugins/service.lua:134: attempt to index field 'username' (a nil value)


FROM: 451366152
CHAT: -1001112595265
TEXT: ###added

[Wednesday, 03 January 2018 at 14:08:24]
plugins/service.lua:134: attempt to index field 'username' (a nil value)


FROM: 308191133
CHAT: -1001279618657
TEXT: ###added

[Wednesday, 03 January 2018 at 14:10:37]
plugins/service.lua:134: attempt to index field 'username' (a nil value)


FROM: 995018
CHAT: -1001279618657
TEXT: ###added

[Wednesday, 03 January 2018 at 15:06:50]
plugins/service.lua:134: attempt to index field 'username' (a nil value)


FROM: 538199737
CHAT: -1001279618657
TEXT: ###added

[Wednesday, 03 January 2018 at 15:46:59]
./methods.lua:384: type 'function' is not supported by JSON.


FROM: 263755409
CHAT: -1001229718027
TEXT: @Nightwish17

[Wednesday, 03 January 2018 at 16:28:34]
./methods.lua:384: type 'function' is not supported by JSON.


FROM: 161499895
CHAT: -1001096846712
TEXT: @Reinaldofox2223

[Wednesday, 03 January 2018 at 16:55:05]
plugins/service.lua:134: attempt to index field 'username' (a nil value)


FROM: 484840149
CHAT: -1001279618657
TEXT: ###added

[Wednesday, 03 January 2018 at 17:31:37]
plugins/service.lua:134: attempt to index field 'username' (a nil value)


FROM: 543581296
CHAT: -1001279618657
TEXT: ###added

[Wednesday, 03 January 2018 at 17:33:33]
plugins/service.lua:134: attempt to index field 'username' (a nil value)


FROM: 369654204
CHAT: -1001279618657
TEXT: ###added

[Wednesday, 03 January 2018 at 18:03:16]
plugins/service.lua:134: attempt to index field 'username' (a nil value)


FROM: 367020859
CHAT: -1001279618657
TEXT: ###added

[Wednesday, 03 January 2018 at 18:39:23]
plugins/service.lua:134: attempt to index field 'username' (a nil value)


FROM: 282736210
CHAT: -1001279618657
TEXT: ###added

[Wednesday, 03 January 2018 at 18:45:01]
plugins/service.lua:134: attempt to index field 'username' (a nil value)


FROM: 403988674
CHAT: -1001279618657
TEXT: ###added

[Wednesday, 03 January 2018 at 19:03:41]
plugins/service.lua:134: attempt to index field 'username' (a nil value)


FROM: 480797769
CHAT: -1001279618657
TEXT: ###added

[Wednesday, 03 January 2018 at 20:31:27]
plugins/service.lua:134: attempt to index field 'username' (a nil value)


FROM: 400657959
CHAT: -1001279618657
TEXT: ###added

[Wednesday, 03 January 2018 at 20:33:34]
./methods.lua:384: type 'function' is not supported by JSON.


FROM: 478780666
CHAT: -1001065848402
TEXT: @Alejandrajk

[Wednesday, 03 January 2018 at 20:33:52]
./methods.lua:384: type 'function' is not supported by JSON.


FROM: 469469094
CHAT: -1001112595265
TEXT: @nucleoterco

[Wednesday, 03 January 2018 at 20:41:54]
./methods.lua:384: type 'function' is not supported by JSON.


FROM: 478780666
CHAT: -1001065848402
TEXT: @Alejandritaj

[Wednesday, 03 January 2018 at 20:42:16]
./methods.lua:384: type 'function' is not supported by JSON.


FROM: 478780666
CHAT: -1001065848402
TEXT: @Alejandrajk

[Wednesday, 03 January 2018 at 21:47:38]
plugins/service.lua:134: attempt to index field 'username' (a nil value)


FROM: 329828385
CHAT: -1001279618657
TEXT: ###added

[Wednesday, 03 January 2018 at 22:44:38]
./methods.lua:384: type 'function' is not supported by JSON.


FROM: 292858800
CHAT: -1001112595265
TEXT: @Dragneel7

[Wednesday, 03 January 2018 at 23:04:00]
plugins/service.lua:134: attempt to index field 'username' (a nil value)


FROM: 549637170
CHAT: -1001279618657
TEXT: ###added

[Thursday, 04 January 2018 at 00:17:49]
plugins/service.lua:134: attempt to index field 'username' (a nil value)


FROM: 472123937
CHAT: -1001279618657
TEXT: ###added

[Thursday, 04 January 2018 at 07:56:48]
plugins/service.lua:134: attempt to index field 'username' (a nil value)


FROM: 415871991
CHAT: -1001279618657
TEXT: ###added

[Thursday, 04 January 2018 at 08:56:51]
plugins/service.lua:134: attempt to index field 'username' (a nil value)


FROM: 439421198
CHAT: -1001279618657
TEXT: ###added

[Thursday, 04 January 2018 at 08:57:49]
plugins/service.lua:134: attempt to index field 'username' (a nil value)


FROM: 528130250
CHAT: -1001279618657
TEXT: ###added

[Thursday, 04 January 2018 at 10:28:51]
plugins/service.lua:134: attempt to index field 'username' (a nil value)


FROM: 24047970
CHAT: -1001279618657
TEXT: ###added

[Thursday, 04 January 2018 at 10:29:32]
plugins/service.lua:134: attempt to index field 'username' (a nil value)


FROM: 471491323
CHAT: -1001279618657
TEXT: ###added

[Thursday, 04 January 2018 at 10:57:57]
./methods.lua:384: type 'function' is not supported by JSON.


FROM: 440494928
CHAT: -1001065848402
TEXT: @TRI_PA_CE_CA

[Thursday, 04 January 2018 at 11:03:49]
./methods.lua:384: type 'function' is not supported by JSON.


FROM: 480924823
CHAT: -1001270184674
TEXT: @Cament1

[Thursday, 04 January 2018 at 12:24:44]
plugins/service.lua:134: attempt to index field 'username' (a nil value)


FROM: 409616478
CHAT: -1001279618657
TEXT: ###added

[Thursday, 04 January 2018 at 12:48:29]
plugins/service.lua:134: attempt to index field 'username' (a nil value)


FROM: 995018
CHAT: -1001279618657
TEXT: ###added

[Thursday, 04 January 2018 at 13:27:08]
plugins/service.lua:134: attempt to index field 'username' (a nil value)


FROM: 430041179
CHAT: -1001279618657
TEXT: ###added

[Thursday, 04 January 2018 at 13:50:25]
utilities.lua:305: attempt to index local 'text' (a nil value)


FROM: 27840971
CHAT: -1001229718027
TEXT: /extra

[Thursday, 04 January 2018 at 14:11:19]
plugins/service.lua:134: attempt to index field 'username' (a nil value)


FROM: 400188876
CHAT: -1001279618657
TEXT: ###added

[Thursday, 04 January 2018 at 14:30:24]
utilities.lua:224: attempt to index field '?' (a nil value)


FROM: 28882132
CHAT: -1001097459565
TEXT: /config

[Thursday, 04 January 2018 at 15:21:10]
plugins/service.lua:134: attempt to index field 'username' (a nil value)


FROM: 499434653
CHAT: -1001279618657
TEXT: ###added

[Thursday, 04 January 2018 at 16:31:10]
plugins/service.lua:134: attempt to index field 'username' (a nil value)


FROM: 403096946
CHAT: -1001279618657
TEXT: ###added

[Thursday, 04 January 2018 at 16:42:10]
plugins/service.lua:134: attempt to index field 'username' (a nil value)


FROM: 483680763
CHAT: -1001112595265
TEXT: ###added

[Thursday, 04 January 2018 at 17:43:17]
plugins/service.lua:134: attempt to index field 'username' (a nil value)


FROM: 341149785
CHAT: -1001279618657
TEXT: ###added

[Thursday, 04 January 2018 at 18:50:28]
./methods.lua:384: type 'function' is not supported by JSON.


FROM: 447831840
CHAT: -1001133876534
TEXT: @BlueNaty

[Thursday, 04 January 2018 at 18:50:30]
./methods.lua:384: type 'function' is not supported by JSON.


FROM: 447831840
CHAT: -1001133876534
TEXT: @BlueNaty

[Thursday, 04 January 2018 at 18:50:32]
./methods.lua:384: type 'function' is not supported by JSON.


FROM: 447831840
CHAT: -1001133876534
TEXT: @BlueNaty

[Thursday, 04 January 2018 at 18:50:34]
./methods.lua:384: type 'function' is not supported by JSON.


FROM: 447831840
CHAT: -1001133876534
TEXT: @BlueNaty

[Thursday, 04 January 2018 at 18:50:36]
./methods.lua:384: type 'function' is not supported by JSON.


FROM: 447831840
CHAT: -1001133876534
TEXT: @BlueNaty

[Thursday, 04 January 2018 at 18:51:24]
./methods.lua:384: type 'function' is not supported by JSON.


FROM: 447831840
CHAT: -1001133876534
TEXT: @BlueNaty

[Thursday, 04 January 2018 at 18:51:28]
./methods.lua:384: type 'function' is not supported by JSON.


FROM: 447831840
CHAT: -1001133876534
TEXT: @BlueNaty

[Thursday, 04 January 2018 at 18:51:31]
./methods.lua:384: type 'function' is not supported by JSON.


FROM: 447831840
CHAT: -1001133876534
TEXT: @BlueNaty

[Thursday, 04 January 2018 at 18:51:34]
./methods.lua:384: type 'function' is not supported by JSON.


FROM: 447831840
CHAT: -1001133876534
TEXT: @BlueNaty

[Thursday, 04 January 2018 at 18:52:02]
./methods.lua:384: type 'function' is not supported by JSON.


FROM: 447831840
CHAT: -1001133876534
TEXT: @BlueNaty

[Thursday, 04 January 2018 at 19:13:23]
plugins/service.lua:134: attempt to index field 'username' (a nil value)


FROM: 24047970
CHAT: -1001279618657
TEXT: ###added

[Thursday, 04 January 2018 at 19:16:52]
plugins/service.lua:134: attempt to index field 'username' (a nil value)


FROM: 505893851
CHAT: -1001279618657
TEXT: ###added

[Thursday, 04 January 2018 at 19:43:12]
plugins/service.lua:134: attempt to index field 'username' (a nil value)


FROM: 546832120
CHAT: -1001279618657
TEXT: ###added

[Thursday, 04 January 2018 at 20:03:10]
./methods.lua:384: type 'function' is not supported by JSON.


FROM: 343460524
CHAT: -1001229718027
TEXT: @Nighttrain2

[Thursday, 04 January 2018 at 20:05:48]
plugins/service.lua:134: attempt to index field 'username' (a nil value)


FROM: 125808138
CHAT: -1001279618657
TEXT: ###added

[Thursday, 04 January 2018 at 20:12:42]
./methods.lua:384: type 'function' is not supported by JSON.


FROM: 337692639
CHAT: -1001065848402
TEXT: @Tnexus96

[Thursday, 04 January 2018 at 20:15:38]
./methods.lua:384: type 'function' is not supported by JSON.


FROM: 337692639
CHAT: -1001112595265
TEXT: @nucleoterco

[Thursday, 04 January 2018 at 20:15:41]
./methods.lua:384: type 'function' is not supported by JSON.


FROM: 263755409
CHAT: -1001229718027
TEXT: @PoderNegro

[Thursday, 04 January 2018 at 20:15:52]
./methods.lua:384: type 'function' is not supported by JSON.


FROM: 263755409
CHAT: -1001229718027
TEXT: @FlojeadorCompulsivo

[Thursday, 04 January 2018 at 20:16:02]
./methods.lua:384: type 'function' is not supported by JSON.


FROM: 263755409
CHAT: -1001229718027
TEXT: @Baura28

[Thursday, 04 January 2018 at 20:50:44]
plugins/service.lua:134: attempt to index field 'username' (a nil value)


FROM: 549637170
CHAT: -1001279618657
TEXT: ###added

[Thursday, 04 January 2018 at 21:42:44]
./methods.lua:384: type 'function' is not supported by JSON.


FROM: 440494928
CHAT: -1001065848402
TEXT: @Sergiodtaz

[Thursday, 04 January 2018 at 21:52:51]
./methods.lua:384: type 'function' is not supported by JSON.


FROM: 365588409
CHAT: -1001065848402
TEXT: @Sergiodtaz

[Thursday, 04 January 2018 at 21:53:09]
./methods.lua:384: type 'function' is not supported by JSON.


FROM: 365588409
CHAT: -1001065848402
TEXT: @Sergiodtaz

[Thursday, 04 January 2018 at 22:07:14]
./methods.lua:384: type 'function' is not supported by JSON.


FROM: 464192592
CHAT: -1001112595265
TEXT: @Espacio_vacio

[Thursday, 04 January 2018 at 22:31:18]
./methods.lua:384: type 'function' is not supported by JSON.


FROM: 292858800
CHAT: -1001112595265
TEXT: @Espacio_vacio

[Thursday, 04 January 2018 at 22:38:33]
./methods.lua:384: type 'function' is not supported by JSON.


FROM: 292858800
CHAT: -1001112595265
TEXT: @TocandoleLaJaleaAlaVida

[Thursday, 04 January 2018 at 22:56:28]
./methods.lua:384: type 'function' is not supported by JSON.


FROM: 292858800
CHAT: -1001112595265
TEXT: @SCHWALIER

[Thursday, 04 January 2018 at 23:07:25]
./methods.lua:384: type 'function' is not supported by JSON.


FROM: 292858800
CHAT: -1001112595265
TEXT: @SCHWALIER

[Thursday, 04 January 2018 at 23:10:21]
./methods.lua:384: type 'function' is not supported by JSON.


FROM: 464192592
CHAT: -1001112595265
TEXT: @Santi4ago

[Thursday, 04 January 2018 at 23:19:48]
plugins/service.lua:134: attempt to index field 'username' (a nil value)


FROM: 329828385
CHAT: -1001279618657
TEXT: ###added

[Thursday, 04 January 2018 at 23:20:27]
./methods.lua:384: type 'function' is not supported by JSON.


FROM: 292858800
CHAT: -1001112595265
TEXT: @SCHWALIER

[Thursday, 04 January 2018 at 23:22:30]
./methods.lua:384: type 'function' is not supported by JSON.


FROM: 292858800
CHAT: -1001112595265
TEXT: @Santi4ago

[Thursday, 04 January 2018 at 23:23:17]
./methods.lua:384: type 'function' is not supported by JSON.


FROM: 292858800
CHAT: -1001112595265
TEXT: @TocandoleLaJaleaAlaVida

[Thursday, 04 January 2018 at 23:23:33]
./methods.lua:384: type 'function' is not supported by JSON.


FROM: 292858800
CHAT: -1001112595265
TEXT: @TocandoleLaJaleaAlaVida

[Thursday, 04 January 2018 at 23:30:28]
./methods.lua:384: type 'function' is not supported by JSON.


FROM: 292858800
CHAT: -1001112595265
TEXT: @SigSauerP226

[Thursday, 04 January 2018 at 23:31:00]
./methods.lua:384: type 'function' is not supported by JSON.


FROM: 292858800
CHAT: -1001112595265
TEXT: @Santi4ago

[Thursday, 04 January 2018 at 23:32:53]
./methods.lua:384: type 'function' is not supported by JSON.


FROM: 292858800
CHAT: -1001112595265
TEXT: @SigSauerP226

[Thursday, 04 January 2018 at 23:35:12]
./methods.lua:384: type 'function' is not supported by JSON.


FROM: 292858800
CHAT: -1001112595265
TEXT: @TocandoleLaJaleaAlaVida

[Friday, 05 January 2018 at 02:21:18]
plugins/service.lua:134: attempt to index field 'username' (a nil value)


FROM: 524816017
CHAT: -1001279618657
TEXT: ###added

[Friday, 05 January 2018 at 02:22:42]
plugins/service.lua:134: attempt to index field 'username' (a nil value)


FROM: 94850155
CHAT: -1001279618657
TEXT: ###added

[Friday, 05 January 2018 at 04:28:44]
plugins/service.lua:134: attempt to index field 'username' (a nil value)


FROM: 94850155
CHAT: -1001279618657
TEXT: ###added

[Friday, 05 January 2018 at 04:29:40]
plugins/service.lua:134: attempt to index field 'username' (a nil value)


FROM: 94850155
CHAT: -1001279618657
TEXT: ###added

[Friday, 05 January 2018 at 04:30:21]
plugins/service.lua:134: attempt to index field 'username' (a nil value)


FROM: 305539598
CHAT: -1001279618657
TEXT: ###added

[Friday, 05 January 2018 at 05:30:00]
plugins/service.lua:134: attempt to index field 'username' (a nil value)


FROM: 490747917
CHAT: -1001279618657
TEXT: ###added

[Friday, 05 January 2018 at 05:49:42]
plugins/service.lua:134: attempt to index field 'username' (a nil value)


FROM: 143232602
CHAT: -1001279618657
TEXT: ###added

[Friday, 05 January 2018 at 05:53:39]
plugins/service.lua:134: attempt to index field 'username' (a nil value)


FROM: 490747917
CHAT: -1001279618657
TEXT: ###added

[Friday, 05 January 2018 at 06:21:00]
plugins/service.lua:134: attempt to index field 'username' (a nil value)


FROM: 94850155
CHAT: -1001279618657
TEXT: ###added

[Friday, 05 January 2018 at 07:05:37]
plugins/service.lua:134: attempt to index field 'username' (a nil value)


FROM: 24047970
CHAT: -1001279618657
TEXT: ###added

[Friday, 05 January 2018 at 07:38:06]
plugins/service.lua:134: attempt to index field 'username' (a nil value)


FROM: 473244479
CHAT: -1001279618657
TEXT: ###added

[Friday, 05 January 2018 at 09:37:55]
plugins/service.lua:134: attempt to index field 'username' (a nil value)


FROM: 364647418
CHAT: -1001279618657
TEXT: ###added

[Friday, 05 January 2018 at 11:11:34]
plugins/service.lua:134: attempt to index field 'username' (a nil value)


FROM: 437357054
CHAT: -1001279618657
TEXT: ###added

[Friday, 05 January 2018 at 12:55:45]
plugins/service.lua:134: attempt to index field 'username' (a nil value)


FROM: 267953244
CHAT: -1001112595265
TEXT: ###added

[Friday, 05 January 2018 at 14:53:38]
./methods.lua:384: type 'function' is not supported by JSON.


FROM: 292858800
CHAT: -1001112595265
TEXT: @Lukiyas3

[Friday, 05 January 2018 at 15:37:48]
plugins/service.lua:134: attempt to index field 'username' (a nil value)


FROM: 113464859
CHAT: -1001279618657
TEXT: ###added

[Friday, 05 January 2018 at 17:01:23]
plugins/service.lua:134: attempt to index field 'username' (a nil value)


FROM: 549424926
CHAT: -1001279618657
TEXT: ###added

[Friday, 05 January 2018 at 17:29:54]
plugins/service.lua:134: attempt to index field 'username' (a nil value)


FROM: 490584132
CHAT: -1001279618657
TEXT: ###added

[Friday, 05 January 2018 at 17:52:47]
plugins/service.lua:134: attempt to index field 'username' (a nil value)


FROM: 493463697
CHAT: -1001279618657
TEXT: ###added

[Friday, 05 January 2018 at 17:55:58]
plugins/service.lua:134: attempt to index field 'username' (a nil value)


FROM: 498354537
CHAT: -1001279618657
TEXT: ###added

[Friday, 05 January 2018 at 18:05:33]
plugins/service.lua:134: attempt to index field 'username' (a nil value)


FROM: 91445975
CHAT: -1001279618657
TEXT: ###added

[Friday, 05 January 2018 at 18:26:30]
plugins/service.lua:134: attempt to index field 'username' (a nil value)


FROM: 405953343
CHAT: -1001279618657
TEXT: ###added

[Friday, 05 January 2018 at 18:43:39]
plugins/service.lua:134: attempt to index field 'username' (a nil value)


FROM: 402781165
CHAT: -1001279618657
TEXT: ###added

[Friday, 05 January 2018 at 18:45:29]
plugins/service.lua:134: attempt to index field 'username' (a nil value)


FROM: 335723953
CHAT: -1001279618657
TEXT: ###added

[Friday, 05 January 2018 at 18:47:34]
plugins/service.lua:134: attempt to index field 'username' (a nil value)


FROM: 118360417
CHAT: -1001279618657
TEXT: ###added

[Friday, 05 January 2018 at 18:52:30]
plugins/service.lua:134: attempt to index field 'username' (a nil value)


FROM: 472123937
CHAT: -1001279618657
TEXT: ###added

[Friday, 05 January 2018 at 20:31:12]
./methods.lua:384: type 'function' is not supported by JSON.


FROM: 191991752
CHAT: -1001229718027
TEXT: @PoderNegro

[Friday, 05 January 2018 at 20:31:44]
./methods.lua:384: type 'function' is not supported by JSON.


FROM: 191991752
CHAT: -1001229718027
TEXT: @Siempre_tuya

[Friday, 05 January 2018 at 21:25:38]
./methods.lua:384: type 'function' is not supported by JSON.


FROM: 292858800
CHAT: -1001112595265
TEXT: @TocandoleLaJaleaAlaVida

[Friday, 05 January 2018 at 21:25:43]
./methods.lua:384: type 'function' is not supported by JSON.


FROM: 292858800
CHAT: -1001112595265
TEXT: @MamaGallina

[Friday, 05 January 2018 at 21:25:56]
./methods.lua:384: type 'function' is not supported by JSON.


FROM: 292858800
CHAT: -1001112595265
TEXT: @la_vida_es_bella_piensalo

[Friday, 05 January 2018 at 22:55:48]
./methods.lua:384: type 'function' is not supported by JSON.


FROM: 469469094
CHAT: -1001112595265
TEXT: @nucleoterco

[Friday, 05 January 2018 at 23:34:39]
./methods.lua:384: type 'function' is not supported by JSON.


FROM: 292858800
CHAT: -1001112595265
TEXT: @Espacio_vacio

[Friday, 05 January 2018 at 23:42:09]
./methods.lua:384: type 'function' is not supported by JSON.


FROM: 464192592
CHAT: -1001112595265
TEXT: @Espacio_vacio

[Friday, 05 January 2018 at 23:44:14]
./methods.lua:384: type 'function' is not supported by JSON.


FROM: 357657184
CHAT: -1001065848402
TEXT: @CLAY_404

[Friday, 05 January 2018 at 23:53:01]
./methods.lua:384: type 'function' is not supported by JSON.


FROM: 464192592
CHAT: -1001112595265
TEXT: @Espacio_vacio

[Saturday, 06 January 2018 at 00:08:57]
./methods.lua:384: type 'function' is not supported by JSON.


FROM: 496250447
CHAT: -1001112595265
TEXT: @Espacio_vacio

[Saturday, 06 January 2018 at 00:24:27]
./methods.lua:384: type 'function' is not supported by JSON.


FROM: 292858800
CHAT: -1001112595265
TEXT: @Espacio_vacio

[Saturday, 06 January 2018 at 00:28:01]
./methods.lua:384: type 'function' is not supported by JSON.


FROM: 464192592
CHAT: -1001112595265
TEXT: @janerravelo

[Saturday, 06 January 2018 at 00:31:08]
./methods.lua:384: type 'function' is not supported by JSON.


FROM: 464192592
CHAT: -1001112595265
TEXT: @Leninnnnnn

[Saturday, 06 January 2018 at 00:37:16]
./methods.lua:384: type 'function' is not supported by JSON.


FROM: 464192592
CHAT: -1001112595265
TEXT: @Zurditooo

[Saturday, 06 January 2018 at 01:18:35]
plugins/service.lua:134: attempt to index field 'username' (a nil value)


FROM: 339861928
CHAT: -1001112595265
TEXT: ###added

[Saturday, 06 January 2018 at 14:04:46]
./methods.lua:384: type 'function' is not supported by JSON.


FROM: 456398569
CHAT: -1001065848402
TEXT: @Dooncar

[Saturday, 06 January 2018 at 14:05:00]
./methods.lua:384: type 'function' is not supported by JSON.


FROM: 456398569
CHAT: -1001112595265
TEXT: @Dooncar

[Saturday, 06 January 2018 at 17:11:51]
./methods.lua:384: type 'function' is not supported by JSON.


FROM: 426354271
CHAT: -1001229718027
TEXT: @DovahkiinYT

[Sunday, 07 January 2018 at 00:11:32]
./methods.lua:384: type 'function' is not supported by JSON.


FROM: 496250447
CHAT: -1001112595265
TEXT: @Espacio_vacio

[Sunday, 07 January 2018 at 01:07:07]
plugins/service.lua:134: attempt to index field 'username' (a nil value)


FROM: 512114484
CHAT: -1001112595265
TEXT: ###added

[Sunday, 07 January 2018 at 07:14:01]
plugins/service.lua:134: attempt to index field 'username' (a nil value)


FROM: 505644067
CHAT: -1001112595265
TEXT: ###added

[Sunday, 07 January 2018 at 12:18:49]
./methods.lua:384: type 'function' is not supported by JSON.


FROM: 157970962
CHAT: -1001087922100
TEXT: @ChamaLamobrash28

[Sunday, 07 January 2018 at 13:06:26]
./methods.lua:384: type 'function' is not supported by JSON.


FROM: 266393864
CHAT: -1001051899612
TEXT: @FumitoDxD

[Sunday, 07 January 2018 at 17:11:38]
./methods.lua:384: type 'function' is not supported by JSON.


FROM: 191991752
CHAT: -1001229718027
TEXT: @lucymora

[Sunday, 07 January 2018 at 21:08:50]
./methods.lua:384: type 'function' is not supported by JSON.


FROM: 436737768
CHAT: -1001112595265
TEXT: @TocandoleLaJaleaAlaVida

[Sunday, 07 January 2018 at 23:23:19]
./methods.lua:384: type 'function' is not supported by JSON.


FROM: 401422605
CHAT: -1001229718027
TEXT: @ganix93

[Monday, 08 January 2018 at 08:23:58]
./methods.lua:384: type 'function' is not supported by JSON.


FROM: 401422605
CHAT: -1001229718027
TEXT: @FlojeadorCompulsivo

[Monday, 08 January 2018 at 08:24:09]
./methods.lua:384: type 'function' is not supported by JSON.


FROM: 401422605
CHAT: -1001229718027
TEXT: @PoderNegro

[Monday, 08 January 2018 at 08:24:20]
./methods.lua:384: type 'function' is not supported by JSON.


FROM: 401422605
CHAT: -1001229718027
TEXT: @sinanestesiaesmasrico

[Monday, 08 January 2018 at 09:30:40]
plugins/service.lua:134: attempt to index field 'username' (a nil value)


FROM: 467493348
CHAT: -1001112595265
TEXT: ###added

[Monday, 08 January 2018 at 10:23:55]
plugins/service.lua:134: attempt to index field 'username' (a nil value)


FROM: 535585353
CHAT: -1001112595265
TEXT: ###added

[Monday, 08 January 2018 at 10:47:28]
plugins/service.lua:134: attempt to index field 'username' (a nil value)


FROM: 496989190
CHAT: -1001112595265
TEXT: ###added

[Monday, 08 January 2018 at 13:35:26]
./methods.lua:384: type 'function' is not supported by JSON.


FROM: 46622136
CHAT: -1001303761257
TEXT: @Earty

[Monday, 08 January 2018 at 14:20:36]
./methods.lua:384: type 'function' is not supported by JSON.


FROM: 479448202
CHAT: -1001051899612
TEXT: @Kusanagy

[Monday, 08 January 2018 at 16:03:14]
./methods.lua:384: type 'function' is not supported by JSON.


FROM: 157784379
CHAT: -1001065848402
TEXT: @prpbaste

[Monday, 08 January 2018 at 16:34:35]
./methods.lua:384: type 'function' is not supported by JSON.


FROM: 337692639
CHAT: -1001112595265
TEXT: @nucleoterco

[Monday, 08 January 2018 at 19:12:48]
plugins/service.lua:134: attempt to index field 'username' (a nil value)


FROM: 476107927
CHAT: -1001112595265
TEXT: ###added

[Monday, 08 January 2018 at 19:38:32]
./methods.lua:384: type 'function' is not supported by JSON.


FROM: 337692639
CHAT: -1001112595265
TEXT: @A_b_c_v

[Monday, 08 January 2018 at 20:09:26]
utilities.lua:224: attempt to index field '?' (a nil value)


FROM: 371381757
CHAT: -1001382383145
TEXT: /config

[Monday, 08 January 2018 at 21:02:25]
./methods.lua:384: type 'function' is not supported by JSON.


FROM: 369626377
CHAT: -1001065848402
TEXT: @Thousam

[Monday, 08 January 2018 at 21:06:09]
./methods.lua:384: type 'function' is not supported by JSON.


FROM: 512114484
CHAT: -1001207646253
TEXT: @tepartoelcraneo

[Monday, 08 January 2018 at 22:48:45]
./methods.lua:384: type 'function' is not supported by JSON.


FROM: 27840971
CHAT: -1001096846712
TEXT: @Aladham1994

[Monday, 08 January 2018 at 23:47:53]
./methods.lua:384: type 'function' is not supported by JSON.


FROM: 3037159
CHAT: -1001382383145
TEXT: @Tsuganashi

[Tuesday, 09 January 2018 at 02:41:25]
./methods.lua:384: type 'function' is not supported by JSON.


FROM: 427818938
CHAT: -1001065848402
TEXT: @ElAndroideNinja

[Tuesday, 09 January 2018 at 07:13:46]
./methods.lua:384: type 'function' is not supported by JSON.


FROM: 464192592
CHAT: -1001112595265
TEXT: @Darkoz26

[Tuesday, 09 January 2018 at 09:02:59]
./methods.lua:384: type 'function' is not supported by JSON.


FROM: 244145253
CHAT: -1001065848402
TEXT: @thevietnamm

[Tuesday, 09 January 2018 at 09:03:07]
./methods.lua:384: type 'function' is not supported by JSON.


FROM: 244145253
CHAT: -1001065848402
TEXT: @thevietnamm

[Tuesday, 09 January 2018 at 09:19:48]
./methods.lua:384: type 'function' is not supported by JSON.


FROM: 224275082
CHAT: -1001073045148
TEXT: @alias_temporal

[Tuesday, 09 January 2018 at 09:27:59]
./methods.lua:384: type 'function' is not supported by JSON.


FROM: 377674083
CHAT: -1001207646253
TEXT: @Kaer23

[Tuesday, 09 January 2018 at 09:35:23]
./methods.lua:384: type 'function' is not supported by JSON.


FROM: 125897372
CHAT: -1001382383145
TEXT: @Makiscamote

[Tuesday, 09 January 2018 at 09:45:09]
./methods.lua:384: type 'function' is not supported by JSON.


FROM: 246360207
CHAT: -1001382383145
TEXT: @Makiscamote

[Tuesday, 09 January 2018 at 11:09:57]
./methods.lua:384: type 'function' is not supported by JSON.


FROM: 263755409
CHAT: -1001229718027
TEXT: @EveryBodyOnHp

[Tuesday, 09 January 2018 at 11:10:06]
./methods.lua:384: type 'function' is not supported by JSON.


FROM: 263755409
CHAT: -1001229718027
TEXT: @Nighttrain2

[Tuesday, 09 January 2018 at 11:18:56]
./methods.lua:384: type 'function' is not supported by JSON.


FROM: 263755409
CHAT: -1001229718027
TEXT: @EveryBodyOnHp

[Tuesday, 09 January 2018 at 11:39:32]
./methods.lua:384: type 'function' is not supported by JSON.


FROM: 97715827
CHAT: -1001229718027
TEXT: @EveryBodyOnHp

[Tuesday, 09 January 2018 at 13:07:38]
./methods.lua:384: type 'function' is not supported by JSON.


FROM: 304211445
CHAT: -1001382383145
TEXT: @Tsuganashi

[Tuesday, 09 January 2018 at 13:49:56]
./methods.lua:384: type 'function' is not supported by JSON.


FROM: 246360207
CHAT: -1001382383145
TEXT: @Bakato

[Tuesday, 09 January 2018 at 15:42:30]
./methods.lua:384: type 'function' is not supported by JSON.


FROM: 266393864
CHAT: -1001382383145
TEXT: @Matias_il

[Tuesday, 09 January 2018 at 17:15:08]
./methods.lua:384: type 'function' is not supported by JSON.


FROM: 304211445
CHAT: -1001382383145
TEXT: @horo30

[Tuesday, 09 January 2018 at 17:42:46]
./methods.lua:384: type 'function' is not supported by JSON.


FROM: 417381435
CHAT: -1001382383145
TEXT: @HatCliff

[Tuesday, 09 January 2018 at 17:53:24]
./methods.lua:384: type 'function' is not supported by JSON.


FROM: 417381435
CHAT: -1001382383145
TEXT: @Mave_37

[Tuesday, 09 January 2018 at 18:08:02]
plugins/service.lua:131: attempt to call global 'getname_link' (a nil value)


FROM: 327222339
CHAT: -1001382383145
TEXT: ###added

[Tuesday, 09 January 2018 at 18:15:06]
plugins/service.lua:131: attempt to call global 'getname_link' (a nil value)


FROM: 421832821
CHAT: -1001108628160
TEXT: ###added

[Tuesday, 09 January 2018 at 18:18:04]
plugins/service.lua:131: attempt to call global 'getname_link' (a nil value)


FROM: 506286499
CHAT: -1001065848402
TEXT: ###added

[Tuesday, 09 January 2018 at 18:27:19]
plugins/service.lua:131: attempt to call global 'getname_link' (a nil value)


FROM: 411223206
CHAT: -1001108628160
TEXT: ###added

[Tuesday, 09 January 2018 at 18:32:08]
plugins/service.lua:131: attempt to call global 'getname_link' (a nil value)


FROM: 476107927
CHAT: -1001147595630
TEXT: ###added

[Tuesday, 09 January 2018 at 18:38:39]
plugins/service.lua:131: attempt to call global 'getname_link' (a nil value)


FROM: 524697242
CHAT: -1001382383145
TEXT: ###added

[Tuesday, 09 January 2018 at 18:38:44]
plugins/service.lua:131: attempt to call global 'getname_link' (a nil value)


FROM: 413321950
CHAT: -1001146759508
TEXT: ###added

[Tuesday, 09 January 2018 at 18:41:51]
plugins/service.lua:131: attempt to call global 'getname_link' (a nil value)


FROM: 305944744
CHAT: -1001382383145
TEXT: ###added

[Tuesday, 09 January 2018 at 18:47:22]
./methods.lua:384: type 'function' is not supported by JSON.


FROM: 417381435
CHAT: -1001382383145
TEXT: @HatCliff

[Tuesday, 09 January 2018 at 18:52:39]
plugins/service.lua:131: attempt to call global 'getname_link' (a nil value)


FROM: 304261545
CHAT: -1001112595265
TEXT: ###added

[Tuesday, 09 January 2018 at 18:58:04]
plugins/service.lua:131: attempt to call global 'getname_link' (a nil value)


FROM: 352395617
CHAT: -1001122092270
TEXT: ###added

[Tuesday, 09 January 2018 at 19:02:47]
plugins/service.lua:131: attempt to call global 'getname_link' (a nil value)


FROM: 295993504
CHAT: -1001279234130
TEXT: ###added

[Tuesday, 09 January 2018 at 19:04:31]
./methods.lua:384: type 'function' is not supported by JSON.


FROM: 417381435
CHAT: -1001382383145
TEXT: @HatCliff

[Tuesday, 09 January 2018 at 19:07:34]
plugins/service.lua:131: attempt to call global 'getname_link' (a nil value)


FROM: 280314898
CHAT: -1001146759508
TEXT: ###added

[Tuesday, 09 January 2018 at 19:14:57]
plugins/service.lua:131: attempt to call global 'getname_link' (a nil value)


FROM: 380729903
CHAT: -1001270184674
TEXT: ###added

[Tuesday, 09 January 2018 at 19:16:25]
plugins/service.lua:131: attempt to call global 'getname_link' (a nil value)


FROM: 106213381
CHAT: -1001146759508
TEXT: ###added

[Tuesday, 09 January 2018 at 19:16:26]
plugins/service.lua:131: attempt to call global 'getname_link' (a nil value)


FROM: 492926195
CHAT: -1001207646253
TEXT: ###added

[Tuesday, 09 January 2018 at 19:17:18]
plugins/service.lua:131: attempt to call global 'getname_link' (a nil value)


FROM: 221125287
CHAT: -1001146759508
TEXT: ###added

[Tuesday, 09 January 2018 at 19:26:02]
plugins/service.lua:131: attempt to call global 'getname_link' (a nil value)


FROM: 497082940
CHAT: -1001279234130
TEXT: ###added

[Tuesday, 09 January 2018 at 19:26:08]
plugins/service.lua:131: attempt to call global 'getname_link' (a nil value)


FROM: 417381435
CHAT: -1001382383145
TEXT: ###added

[Tuesday, 09 January 2018 at 19:35:43]
plugins/service.lua:131: attempt to call global 'getname_link' (a nil value)


FROM: 366034299
CHAT: -1001144455899
TEXT: ###added

[Tuesday, 09 January 2018 at 19:48:28]
plugins/service.lua:131: attempt to call global 'getname_link' (a nil value)


FROM: 531641817
CHAT: -1001207646253
TEXT: ###added

[Tuesday, 09 January 2018 at 19:49:42]
./methods.lua:384: type 'function' is not supported by JSON.


FROM: 464192592
CHAT: -1001112595265
TEXT: @ZDeemoN

[Tuesday, 09 January 2018 at 19:59:19]
plugins/service.lua:131: attempt to call global 'getname_link' (a nil value)


FROM: 323341914
CHAT: -1001065848402
TEXT: ###added

[Tuesday, 09 January 2018 at 20:02:05]
plugins/service.lua:131: attempt to call global 'getname_link' (a nil value)


FROM: 250611083
CHAT: -1001108628160
TEXT: ###added

[Tuesday, 09 January 2018 at 20:55:47]
plugins/service.lua:131: attempt to call global 'getname_link' (a nil value)


FROM: 441652885
CHAT: -1001108628160
TEXT: ###added

[Tuesday, 09 January 2018 at 21:11:02]
plugins/service.lua:131: attempt to call global 'getname_link' (a nil value)


FROM: 523194926
CHAT: -1001382383145
TEXT: ###added

[Tuesday, 09 January 2018 at 21:12:28]
plugins/service.lua:131: attempt to call global 'getname_link' (a nil value)


FROM: 370140485
CHAT: -1001146759508
TEXT: ###added

[Tuesday, 09 January 2018 at 21:18:08]
plugins/service.lua:131: attempt to call global 'getname_link' (a nil value)


FROM: 500182421
CHAT: -1001270184674
TEXT: ###added

[Tuesday, 09 January 2018 at 21:18:26]
plugins/service.lua:131: attempt to call global 'getname_link' (a nil value)


FROM: 500182421
CHAT: -1001119216910
TEXT: ###added

[Tuesday, 09 January 2018 at 21:31:17]
plugins/service.lua:131: attempt to call global 'getname_link' (a nil value)


FROM: 39302527
CHAT: -1001207646253
TEXT: ###added

[Tuesday, 09 January 2018 at 21:53:05]
plugins/service.lua:131: attempt to call global 'getname_link' (a nil value)


FROM: 441652885
CHAT: -1001108628160
TEXT: ###added

[Tuesday, 09 January 2018 at 22:02:38]
plugins/service.lua:131: attempt to call global 'getname_link' (a nil value)


FROM: 326589865
CHAT: -1001108628160
TEXT: ###added

[Tuesday, 09 January 2018 at 22:03:18]
plugins/service.lua:131: attempt to call global 'getname_link' (a nil value)


FROM: 107878773
CHAT: -1001108628160
TEXT: ###added

[Tuesday, 09 January 2018 at 22:06:40]
plugins/service.lua:131: attempt to call global 'getname_link' (a nil value)


FROM: 481805139
CHAT: -1001229718027
TEXT: ###added

[Tuesday, 09 January 2018 at 22:12:55]
plugins/service.lua:131: attempt to call global 'getname_link' (a nil value)


FROM: 328708715
CHAT: -1001108628160
TEXT: ###added

[Tuesday, 09 January 2018 at 22:41:35]
plugins/service.lua:131: attempt to call global 'getname_link' (a nil value)


FROM: 493259034
CHAT: -1001121617433
TEXT: ###added

[Tuesday, 09 January 2018 at 22:41:49]
plugins/service.lua:131: attempt to call global 'getname_link' (a nil value)


FROM: 501391253
CHAT: -1001065848402
TEXT: ###added

[Tuesday, 09 January 2018 at 22:43:58]
plugins/service.lua:131: attempt to call global 'getname_link' (a nil value)


FROM: 535585353
CHAT: -1001108628160
TEXT: ###added

[Tuesday, 09 January 2018 at 22:45:27]
plugins/service.lua:131: attempt to call global 'getname_link' (a nil value)


FROM: 541202221
CHAT: -1001139461155
TEXT: ###added

[Tuesday, 09 January 2018 at 23:17:14]
plugins/service.lua:131: attempt to call global 'getname_link' (a nil value)


FROM: 405012358
CHAT: -1001119216910
TEXT: ###added

[Tuesday, 09 January 2018 at 23:39:45]
plugins/service.lua:131: attempt to call global 'getname_link' (a nil value)


FROM: 198625777
CHAT: -1001065848402
TEXT: ###added

[Wednesday, 10 January 2018 at 00:07:12]
plugins/service.lua:131: attempt to call global 'getname_link' (a nil value)


FROM: 8982830
CHAT: -1001108628160
TEXT: ###added

[Wednesday, 10 January 2018 at 00:14:39]
plugins/service.lua:131: attempt to call global 'getname_link' (a nil value)


FROM: 525416927
CHAT: -1001124022110
TEXT: ###added

[Wednesday, 10 January 2018 at 00:19:10]
plugins/service.lua:131: attempt to call global 'getname_link' (a nil value)


FROM: 345743585
CHAT: -1001112595265
TEXT: ###added

[Wednesday, 10 January 2018 at 00:23:57]
plugins/service.lua:131: attempt to call global 'getname_link' (a nil value)


FROM: 27840971
CHAT: -1001055653582
TEXT: ###added

[Wednesday, 10 January 2018 at 00:24:25]
plugins/service.lua:131: attempt to call global 'getname_link' (a nil value)


FROM: 27840971
CHAT: -1001055653582
TEXT: ###added

[Wednesday, 10 January 2018 at 00:31:51]
plugins/service.lua:131: attempt to call global 'getname_link' (a nil value)


FROM: 257666678
CHAT: -1001229718027
TEXT: ###added

[Wednesday, 10 January 2018 at 00:36:20]
plugins/service.lua:131: attempt to call global 'getname_link' (a nil value)


FROM: 314554131
CHAT: -1001279234130
TEXT: ###added

[Wednesday, 10 January 2018 at 00:37:11]
plugins/service.lua:131: attempt to call global 'getname_link' (a nil value)


FROM: 501863095
CHAT: -1001229718027
TEXT: ###added

[Wednesday, 10 January 2018 at 00:46:14]
plugins/service.lua:131: attempt to call global 'getname_link' (a nil value)


FROM: 416535434
CHAT: -1001207646253
TEXT: ###added

[Wednesday, 10 January 2018 at 00:52:58]
plugins/service.lua:131: attempt to call global 'getname_link' (a nil value)


FROM: 436747473
CHAT: -1001124022110
TEXT: ###added

[Wednesday, 10 January 2018 at 00:53:46]
plugins/service.lua:131: attempt to call global 'getname_link' (a nil value)


FROM: 149427083
CHAT: -1001108628160
TEXT: ###added

[Wednesday, 10 January 2018 at 00:58:29]
plugins/service.lua:131: attempt to call global 'getname_link' (a nil value)


FROM: 320748442
CHAT: -1001124022110
TEXT: ###added

[Wednesday, 10 January 2018 at 01:02:53]
plugins/service.lua:131: attempt to call global 'getname_link' (a nil value)


FROM: 506738701
CHAT: -1001147595630
TEXT: ###added

[Wednesday, 10 January 2018 at 01:15:42]
plugins/service.lua:131: attempt to call global 'getname_link' (a nil value)


FROM: 328105330
CHAT: -1001207646253
TEXT: ###added

[Wednesday, 10 January 2018 at 01:18:25]
plugins/service.lua:131: attempt to call global 'getname_link' (a nil value)


FROM: 499367277
CHAT: -1001207646253
TEXT: ###added

[Wednesday, 10 January 2018 at 01:25:57]
plugins/service.lua:131: attempt to call global 'getname_link' (a nil value)


FROM: 150654673
CHAT: -1001146759508
TEXT: ###added

[Wednesday, 10 January 2018 at 01:47:10]
plugins/service.lua:131: attempt to call global 'getname_link' (a nil value)


FROM: 401598574
CHAT: -1001146297748
TEXT: ###added

[Wednesday, 10 January 2018 at 01:47:27]
plugins/service.lua:131: attempt to call global 'getname_link' (a nil value)


FROM: 510276405
CHAT: -1001108628160
TEXT: ###added

[Wednesday, 10 January 2018 at 02:04:28]
plugins/service.lua:131: attempt to call global 'getname_link' (a nil value)


FROM: 226451738
CHAT: -1001168780931
TEXT: ###added

[Wednesday, 10 January 2018 at 02:04:41]
plugins/service.lua:131: attempt to call global 'getname_link' (a nil value)


FROM: 5893295
CHAT: -1001168780931
TEXT: ###added

[Wednesday, 10 January 2018 at 02:17:49]
plugins/service.lua:131: attempt to call global 'getname_link' (a nil value)


FROM: 266036356
CHAT: -1001124022110
TEXT: ###added

[Wednesday, 10 January 2018 at 02:24:08]
plugins/service.lua:131: attempt to call global 'getname_link' (a nil value)


FROM: 305877714
CHAT: -1001071541329
TEXT: ###added

[Wednesday, 10 January 2018 at 02:35:43]
plugins/service.lua:131: attempt to call global 'getname_link' (a nil value)


FROM: 326189505
CHAT: -1001112122857
TEXT: ###added

[Wednesday, 10 January 2018 at 02:59:26]
./methods.lua:384: type 'function' is not supported by JSON.


FROM: 292858800
CHAT: -1001112595265
TEXT: @Darkoz26

[Wednesday, 10 January 2018 at 04:07:10]
plugins/service.lua:131: attempt to call global 'getname_link' (a nil value)


FROM: 487058426
CHAT: -1001065848402
TEXT: ###added

[Wednesday, 10 January 2018 at 04:55:29]
plugins/service.lua:131: attempt to call global 'getname_link' (a nil value)


FROM: 213659889
CHAT: -1001128235835
TEXT: ###added

[Wednesday, 10 January 2018 at 05:07:45]
plugins/service.lua:131: attempt to call global 'getname_link' (a nil value)


FROM: 222888204
CHAT: -1001071541329
TEXT: ###added

[Wednesday, 10 January 2018 at 05:11:38]
plugins/service.lua:131: attempt to call global 'getname_link' (a nil value)


FROM: 298297743
CHAT: -1001103153416
TEXT: ###added

[Wednesday, 10 January 2018 at 05:19:44]
plugins/service.lua:131: attempt to call global 'getname_link' (a nil value)


FROM: 460374199
CHAT: -1001270184674
TEXT: ###added

[Wednesday, 10 January 2018 at 05:41:07]
plugins/service.lua:131: attempt to call global 'getname_link' (a nil value)


FROM: 318192585
CHAT: -1001126826794
TEXT: ###added

[Wednesday, 10 January 2018 at 06:04:07]
plugins/service.lua:131: attempt to call global 'getname_link' (a nil value)


FROM: 371381757
CHAT: -1001382383145
TEXT: ###added

[Wednesday, 10 January 2018 at 07:04:40]
plugins/service.lua:131: attempt to call global 'getname_link' (a nil value)


FROM: 337894663
CHAT: -1001146759508
TEXT: ###added

[Wednesday, 10 January 2018 at 07:06:57]
plugins/service.lua:131: attempt to call global 'getname_link' (a nil value)


FROM: 297029960
CHAT: -1001112595265
TEXT: ###added

[Wednesday, 10 January 2018 at 07:15:10]
plugins/service.lua:131: attempt to call global 'getname_link' (a nil value)


FROM: 451466169
CHAT: -1001065848402
TEXT: ###added

[Wednesday, 10 January 2018 at 07:18:34]
plugins/service.lua:131: attempt to call global 'getname_link' (a nil value)


FROM: 487719356
CHAT: -1001270184674
TEXT: ###added

[Wednesday, 10 January 2018 at 07:20:19]
plugins/service.lua:131: attempt to call global 'getname_link' (a nil value)


FROM: 487719356
CHAT: -1001119216910
TEXT: ###added

[Wednesday, 10 January 2018 at 07:20:41]
plugins/service.lua:131: attempt to call global 'getname_link' (a nil value)


FROM: 328105330
CHAT: -1001270184674
TEXT: ###added

[Wednesday, 10 January 2018 at 07:21:22]
plugins/service.lua:131: attempt to call global 'getname_link' (a nil value)


FROM: 540134346
CHAT: -1001270184674
TEXT: ###added

[Wednesday, 10 January 2018 at 07:52:01]
plugins/service.lua:131: attempt to call global 'getname_link' (a nil value)


FROM: 274642273
CHAT: -1001108628160
TEXT: ###added

[Wednesday, 10 January 2018 at 07:54:01]
plugins/service.lua:131: attempt to call global 'getname_link' (a nil value)


FROM: 274642273
CHAT: -1001108628160
TEXT: ###added

[Wednesday, 10 January 2018 at 07:55:41]
plugins/service.lua:131: attempt to call global 'getname_link' (a nil value)


FROM: 274642273
CHAT: -1001108628160
TEXT: ###added

[Wednesday, 10 January 2018 at 08:00:06]
plugins/service.lua:131: attempt to call global 'getname_link' (a nil value)


FROM: 540834770
CHAT: -1001122092270
TEXT: ###added

[Wednesday, 10 January 2018 at 08:02:56]
plugins/service.lua:131: attempt to call global 'getname_link' (a nil value)


FROM: 540834770
CHAT: -1001124022110
TEXT: ###added

[Wednesday, 10 January 2018 at 08:05:06]
plugins/service.lua:131: attempt to call global 'getname_link' (a nil value)


FROM: 266393864
CHAT: -1001139461155
TEXT: ###added

[Wednesday, 10 January 2018 at 08:19:11]
plugins/service.lua:131: attempt to call global 'getname_link' (a nil value)


FROM: 509819554
CHAT: -1001351445630
TEXT: ###added

[Wednesday, 10 January 2018 at 13:53:56]
./methods.lua:384: type 'function' is not supported by JSON.


FROM: 432278923
CHAT: -1001382383145
TEXT: @Saulolo

[Wednesday, 10 January 2018 at 15:02:14]
/usr/local/share/lua/5.2/socket/url.lua:31: bad argument #1 to 'gsub' (string expected, got nil)


FROM: 250301329
CHAT: -1001081880667
TEXT: /res -1001065848402

[Wednesday, 10 January 2018 at 15:48:24]
./methods.lua:384: type 'function' is not supported by JSON.


FROM: 343460524
CHAT: -1001229718027
TEXT: @arfinders

[Wednesday, 10 January 2018 at 15:48:38]
./methods.lua:384: type 'function' is not supported by JSON.


FROM: 343460524
CHAT: -1001229718027
TEXT: @LunaEevee

[Wednesday, 10 January 2018 at 15:48:57]
./methods.lua:384: type 'function' is not supported by JSON.


FROM: 343460524
CHAT: -1001229718027
TEXT: @Gabedion

[Wednesday, 10 January 2018 at 15:49:10]
./methods.lua:384: type 'function' is not supported by JSON.


FROM: 343460524
CHAT: -1001229718027
TEXT: @Baura28

[Wednesday, 10 January 2018 at 17:46:23]
./methods.lua:384: type 'function' is not supported by JSON.


FROM: 337692639
CHAT: -1001112595265
TEXT: @nucleoterco

[Wednesday, 10 January 2018 at 17:46:27]
./methods.lua:384: type 'function' is not supported by JSON.


FROM: 337692639
CHAT: -1001112595265
TEXT: @TocandoleLaJaleaAlaVida

[Wednesday, 10 January 2018 at 17:46:38]
./methods.lua:384: type 'function' is not supported by JSON.


FROM: 337692639
CHAT: -1001112595265
TEXT: @Arrullodestrellas

[Wednesday, 10 January 2018 at 17:46:43]
./methods.lua:384: type 'function' is not supported by JSON.


FROM: 337692639
CHAT: -1001112595265
TEXT: @Lukiyas3

[Wednesday, 10 January 2018 at 18:01:05]
./methods.lua:384: type 'function' is not supported by JSON.


FROM: 97715827
CHAT: -1001229718027
TEXT: @EveryBodyOnHp

[Wednesday, 10 January 2018 at 18:01:20]
./methods.lua:384: type 'function' is not supported by JSON.


FROM: 97715827
CHAT: -1001229718027
TEXT: @EveryBodyOnHp

[Wednesday, 10 January 2018 at 18:30:57]
plugins/tags.lua:50: attempt to concatenate field 'username' (a nil value)


FROM: 224275082
CHAT: -1001112595265
TEXT: @TocandoleLaJaleaAlaVida

[Wednesday, 10 January 2018 at 20:33:58]
./methods.lua:384: type 'function' is not supported by JSON.


FROM: 304211445
CHAT: -1001382383145
TEXT: @Jazz_Du

[Wednesday, 10 January 2018 at 21:12:37]
./methods.lua:384: type 'function' is not supported by JSON.


FROM: 97715827
CHAT: -1001229718027
TEXT: @EveryBodyOnHp

[Wednesday, 10 January 2018 at 21:36:10]
./methods.lua:384: type 'function' is not supported by JSON.


FROM: 304211445
CHAT: -1001382383145
TEXT: @Jazz_Du

[Thursday, 11 January 2018 at 05:14:23]
./methods.lua:384: type 'function' is not supported by JSON.


FROM: 240095630
CHAT: -1001112893390
TEXT: @SerronTheDragon

[Thursday, 11 January 2018 at 09:01:08]
./methods.lua:384: type 'function' is not supported by JSON.


FROM: 371381757
CHAT: -1001382383145
TEXT: @Makiscamote

[Thursday, 11 January 2018 at 11:15:25]
./methods.lua:384: type 'function' is not supported by JSON.


FROM: 210153185
CHAT: -1001382383145
TEXT: @YalaChan

[Thursday, 11 January 2018 at 11:15:37]
./methods.lua:384: type 'function' is not supported by JSON.


FROM: 210153185
CHAT: -1001382383145
TEXT: @stilnovista

[Thursday, 11 January 2018 at 11:15:48]
./methods.lua:384: type 'function' is not supported by JSON.


FROM: 210153185
CHAT: -1001382383145
TEXT: @Tsuganashi

[Thursday, 11 January 2018 at 12:06:53]
./methods.lua:384: type 'function' is not supported by JSON.


FROM: 463257247
CHAT: -1001207646253
TEXT: @ZapUser7381079932

[Thursday, 11 January 2018 at 12:28:51]
./methods.lua:384: type 'function' is not supported by JSON.


FROM: 246619624
CHAT: -1001229718027
TEXT: @LunaEevee

[Thursday, 11 January 2018 at 13:05:41]
./methods.lua:384: type 'function' is not supported by JSON.


FROM: 337692639
CHAT: -1001112595265
TEXT: @AlifMurita

[Thursday, 11 January 2018 at 13:05:47]
./methods.lua:384: type 'function' is not supported by JSON.


FROM: 337692639
CHAT: -1001112595265
TEXT: @AlifMurita

[Thursday, 11 January 2018 at 13:22:10]
./methods.lua:384: type 'function' is not supported by JSON.


FROM: 27840971
CHAT: -1001071541329
TEXT: @GUS_94

[Thursday, 11 January 2018 at 13:52:52]
./methods.lua:384: type 'function' is not supported by JSON.


FROM: 207683127
CHAT: -1001065848402
TEXT: @Clavewifi

[Thursday, 11 January 2018 at 14:27:41]
./methods.lua:384: type 'function' is not supported by JSON.


FROM: 304211445
CHAT: -1001382383145
TEXT: @InsaneNono

[Thursday, 11 January 2018 at 14:49:45]
./methods.lua:384: type 'function' is not supported by JSON.


FROM: 411365580
CHAT: -1001382383145
TEXT: @Gorillaz0

[Thursday, 11 January 2018 at 15:49:15]
./methods.lua:384: type 'function' is not supported by JSON.


FROM: 12517466
CHAT: -1001382383145
TEXT: @InsaneNono

[Thursday, 11 January 2018 at 16:24:23]
./methods.lua:384: type 'function' is not supported by JSON.


FROM: 426354271
CHAT: -1001229718027
TEXT: @EveryBodyOnHp

[Thursday, 11 January 2018 at 16:24:39]
./methods.lua:384: type 'function' is not supported by JSON.


FROM: 27840971
CHAT: -1001229718027
TEXT: @arfinders

[Thursday, 11 January 2018 at 20:06:05]
./methods.lua:384: type 'function' is not supported by JSON.


FROM: 371008094
CHAT: -1001108628160
TEXT: @Attack_on_titans

[Thursday, 11 January 2018 at 20:33:32]
./methods.lua:384: type 'function' is not supported by JSON.


FROM: 97715827
CHAT: -1001229718027
TEXT: @EveryBodyOnHp

[Thursday, 11 January 2018 at 20:35:11]
./methods.lua:384: type 'function' is not supported by JSON.


FROM: 426354271
CHAT: -1001229718027
TEXT: @EveryBodyOnHp

[Thursday, 11 January 2018 at 20:47:01]
./methods.lua:384: type 'function' is not supported by JSON.


FROM: 263755409
CHAT: -1001229718027
TEXT: @dan9898

[Thursday, 11 January 2018 at 20:47:15]
./methods.lua:384: type 'function' is not supported by JSON.


FROM: 263755409
CHAT: -1001229718027
TEXT: @Nighttrain2

[Friday, 12 January 2018 at 00:51:33]
./methods.lua:384: type 'function' is not supported by JSON.


FROM: 292858800
CHAT: -1001112595265
TEXT: @Arrullodestrellas

[Friday, 12 January 2018 at 00:57:46]
./methods.lua:384: type 'function' is not supported by JSON.


FROM: 292858800
CHAT: -1001112595265
TEXT: @Espacio_vacio

[Friday, 12 January 2018 at 00:59:46]
./methods.lua:384: type 'function' is not supported by JSON.


FROM: 292858800
CHAT: -1001112595265
TEXT: @Espacio_vacio

[Friday, 12 January 2018 at 00:59:51]
./methods.lua:384: type 'function' is not supported by JSON.


FROM: 292858800
CHAT: -1001112595265
TEXT: @TocandoleLaJaleaAlaVida

[Friday, 12 January 2018 at 01:06:15]
./methods.lua:384: type 'function' is not supported by JSON.


FROM: 292858800
CHAT: -1001112595265
TEXT: @Arrullodestrellas

[Friday, 12 January 2018 at 01:06:50]
./methods.lua:384: type 'function' is not supported by JSON.


FROM: 292858800
CHAT: -1001112595265
TEXT: @Espacio_vacio

[Friday, 12 January 2018 at 01:16:14]
./methods.lua:384: type 'function' is not supported by JSON.


FROM: 401155991
CHAT: -1001112595265
TEXT: @nucleoterco

[Friday, 12 January 2018 at 01:16:44]
./methods.lua:384: type 'function' is not supported by JSON.


FROM: 292858800
CHAT: -1001112595265
TEXT: @Espacio_vacio

[Friday, 12 January 2018 at 01:18:05]
./methods.lua:384: type 'function' is not supported by JSON.


FROM: 292858800
CHAT: -1001112595265
TEXT: @Espacio_vacio

[Friday, 12 January 2018 at 01:39:45]
./methods.lua:384: type 'function' is not supported by JSON.


FROM: 292858800
CHAT: -1001112595265
TEXT: @Meaf75

[Friday, 12 January 2018 at 13:01:34]
./methods.lua:384: type 'function' is not supported by JSON.


FROM: 125897372
CHAT: -1001382383145
TEXT: @kingofdragons015

[Friday, 12 January 2018 at 14:42:29]
./methods.lua:384: type 'function' is not supported by JSON.


FROM: 191991752
CHAT: -1001229718027
TEXT: @EveryBodyOnHp

[Friday, 12 January 2018 at 14:42:33]
./methods.lua:384: type 'function' is not supported by JSON.


FROM: 191991752
CHAT: -1001229718027
TEXT: @Baura28

[Friday, 12 January 2018 at 14:42:37]
./methods.lua:384: type 'function' is not supported by JSON.


FROM: 191991752
CHAT: -1001229718027
TEXT: @Nighttrain2

[Friday, 12 January 2018 at 18:13:48]
./methods.lua:384: type 'function' is not supported by JSON.


FROM: 266393864
CHAT: -1001382383145
TEXT: @LKRONOS11

[Friday, 12 January 2018 at 18:32:32]
./methods.lua:384: type 'function' is not supported by JSON.


FROM: 3037159
CHAT: -1001382383145
TEXT: @Matias_il

[Friday, 12 January 2018 at 18:33:04]
./methods.lua:384: type 'function' is not supported by JSON.


FROM: 479448202
CHAT: -1001382383145
TEXT: @Matias_il

[Friday, 12 January 2018 at 18:33:06]
./methods.lua:384: type 'function' is not supported by JSON.


FROM: 3037159
CHAT: -1001382383145
TEXT: @Matias_il

[Friday, 12 January 2018 at 18:36:46]
./methods.lua:384: type 'function' is not supported by JSON.


FROM: 479448202
CHAT: -1001382383145
TEXT: @Kusanagy

[Friday, 12 January 2018 at 19:48:35]
./methods.lua:384: type 'function' is not supported by JSON.


FROM: 5923118
CHAT: -1001071541329
TEXT: @ZeusRoyale

[Friday, 12 January 2018 at 21:12:42]
./methods.lua:384: type 'function' is not supported by JSON.


FROM: 237817529
CHAT: -1001112595265
TEXT: @yoeraL

[Friday, 12 January 2018 at 21:23:47]
./methods.lua:384: type 'function' is not supported by JSON.


FROM: 479448202
CHAT: -1001382383145
TEXT: @Gianx_x

[Friday, 12 January 2018 at 21:38:32]
plugins/tags.lua:50: attempt to concatenate field 'username' (a nil value)


FROM: 290252302
CHAT: -1001112595265
TEXT: @Jazmina2017

[Friday, 12 January 2018 at 23:50:50]
./methods.lua:384: type 'function' is not supported by JSON.


FROM: 421832821
CHAT: -1001073045148
TEXT: @Bastayaaa

[Friday, 12 January 2018 at 23:54:02]
./methods.lua:384: type 'function' is not supported by JSON.


FROM: 421832821
CHAT: -1001073045148
TEXT: @Bastayaaa

[Saturday, 13 January 2018 at 10:39:57]
./methods.lua:384: type 'function' is not supported by JSON.


FROM: 292858800
CHAT: -1001112595265
TEXT: @JOKER_117

[Saturday, 13 January 2018 at 10:52:35]
./methods.lua:384: type 'function' is not supported by JSON.


FROM: 292858800
CHAT: -1001112595265
TEXT: @yoeraL

[Saturday, 13 January 2018 at 11:01:13]
./methods.lua:384: type 'function' is not supported by JSON.


FROM: 460181173
CHAT: -1001168170384
TEXT: @PIRRY9924

[Saturday, 13 January 2018 at 12:44:47]
./methods.lua:384: type 'function' is not supported by JSON.


FROM: 244145253
CHAT: -1001065848402
TEXT: @Kira136i

[Saturday, 13 January 2018 at 13:43:15]
./methods.lua:384: type 'function' is not supported by JSON.


FROM: 289606250
CHAT: -1001108628160
TEXT: @Juliett25

[Saturday, 13 January 2018 at 18:02:31]
plugins/tags.lua:44: attempt to concatenate field 'username' (a nil value)


FROM: 290252302
CHAT: -1001073045148
TEXT: @Jazmina2017

[Saturday, 13 January 2018 at 18:05:08]
./methods.lua:384: type 'function' is not supported by JSON.


FROM: 479448202
CHAT: -1001382383145
TEXT: @Tsuganashi

[Saturday, 13 January 2018 at 21:01:28]
./methods.lua:384: type 'function' is not supported by JSON.


FROM: 436737768
CHAT: -1001112595265
TEXT: @GreAle

[Saturday, 13 January 2018 at 21:35:41]
./methods.lua:384: type 'function' is not supported by JSON.


FROM: 444001950
CHAT: -1001229718027
TEXT: @dan9898

[Sunday, 14 January 2018 at 00:29:39]
plugins/tags.lua:50: attempt to concatenate field 'username' (a nil value)


FROM: 457366859
CHAT: -1001112595265
TEXT: @Espacio_vacio

[Sunday, 14 January 2018 at 12:15:32]
./methods.lua:384: type 'function' is not supported by JSON.


FROM: 401422605
CHAT: -1001229718027
TEXT: @Baura28

[Sunday, 14 January 2018 at 12:28:21]
./methods.lua:384: type 'function' is not supported by JSON.


FROM: 401422605
CHAT: -1001229718027
TEXT: @Baura28

[Sunday, 14 January 2018 at 12:51:58]
./methods.lua:384: type 'function' is not supported by JSON.


FROM: 440494928
CHAT: -1001112595265
TEXT: @AlifMurito

[Sunday, 14 January 2018 at 13:02:40]
./methods.lua:384: type 'function' is not supported by JSON.


FROM: 401422605
CHAT: -1001229718027
TEXT: @DovahkiinYT

[Sunday, 14 January 2018 at 19:41:54]
./methods.lua:384: type 'function' is not supported by JSON.


FROM: 455072868
CHAT: -1001207646253
TEXT: @ghost19988

[Sunday, 14 January 2018 at 20:14:27]
./methods.lua:384: type 'function' is not supported by JSON.


FROM: 191991752
CHAT: -1001229718027
TEXT: @EveryBodyOnHp

[Sunday, 14 January 2018 at 21:00:37]
./methods.lua:384: type 'function' is not supported by JSON.


FROM: 401422605
CHAT: -1001229718027
TEXT: @Jose53829187

[Sunday, 14 January 2018 at 21:33:17]
./methods.lua:384: type 'function' is not supported by JSON.


FROM: 455072868
CHAT: -1001207646253
TEXT: @ghost19988

[Sunday, 14 January 2018 at 22:25:25]
./methods.lua:384: type 'function' is not supported by JSON.


FROM: 440494928
CHAT: -1001065848402
TEXT: @MaaGoo

[Sunday, 14 January 2018 at 22:27:11]
config.lua:142: '=' expected near ''no''


FROM: 311341957
CHAT: -1001112595265
TEXT: ###added

[Sunday, 14 January 2018 at 22:33:27]
config.lua:162: '=' expected near ''allowed''


FROM: 27840971
CHAT: 27840971
TEXT: /ainit

[Sunday, 14 January 2018 at 22:34:34]
./methods.lua:384: type 'function' is not supported by JSON.


FROM: 421832821
CHAT: -1001108628160
TEXT: @DarkielKastroHermandadSV

[Sunday, 14 January 2018 at 22:45:17]
./methods.lua:384: type 'function' is not supported by JSON.


FROM: 27840971
CHAT: -1001081880667
TEXT: @Espacio_vacio

[Sunday, 14 January 2018 at 23:16:18]
./methods.lua:384: type 'function' is not supported by JSON.


FROM: 455072868
CHAT: -1001112595265
TEXT: @Espacio_vacio

[Sunday, 14 January 2018 at 23:17:05]
./methods.lua:384: type 'function' is not supported by JSON.


FROM: 402250991
CHAT: -1001229718027
TEXT: @PoderNegro

[Sunday, 14 January 2018 at 23:17:29]
./methods.lua:384: type 'function' is not supported by JSON.


FROM: 402250991
CHAT: -1001229718027
TEXT: @FlojeadorCompulsivo

[Sunday, 14 January 2018 at 23:17:53]
./methods.lua:384: type 'function' is not supported by JSON.


FROM: 402250991
CHAT: -1001229718027
TEXT: @Star9_9

[Sunday, 14 January 2018 at 23:17:57]
./methods.lua:384: type 'function' is not supported by JSON.


FROM: 402250991
CHAT: -1001229718027
TEXT: @rafamn

[Sunday, 14 January 2018 at 23:31:36]
./methods.lua:384: type 'function' is not supported by JSON.


FROM: 426354271
CHAT: -1001229718027
TEXT: @EveryBodyOnHp

[Monday, 15 January 2018 at 00:06:14]
plugins/tags.lua:50: attempt to concatenate field 'username' (a nil value)


FROM: 224275082
CHAT: -1001112595265
TEXT: @JustineQ

[Monday, 15 January 2018 at 00:21:52]
./methods.lua:384: type 'function' is not supported by JSON.


FROM: 421832821
CHAT: -1001207646253
TEXT: @Nochefria

[Monday, 15 January 2018 at 00:29:35]
./methods.lua:384: type 'function' is not supported by JSON.


FROM: 334026602
CHAT: -1001065848402
TEXT: @Binleiders13

[Monday, 15 January 2018 at 00:34:01]
./methods.lua:384: type 'function' is not supported by JSON.


FROM: 318875691
CHAT: -1001270184674
TEXT: @Cament1

[Monday, 15 January 2018 at 00:53:26]
./methods.lua:384: type 'function' is not supported by JSON.


FROM: 318875691
CHAT: -1001270184674
TEXT: @Cr7stian

[Monday, 15 January 2018 at 01:58:18]
plugins/tags.lua:50: attempt to concatenate field 'username' (a nil value)


FROM: 226070791
CHAT: -1001065848402
TEXT: @Toreto2017

[Monday, 15 January 2018 at 02:04:14]
plugins/tags.lua:50: attempt to concatenate field 'username' (a nil value)


FROM: 226070791
CHAT: -1001065848402
TEXT: @THE_MAKIA_COLOMBIA

[Monday, 15 January 2018 at 02:04:22]
plugins/tags.lua:50: attempt to concatenate field 'username' (a nil value)


FROM: 226070791
CHAT: -1001065848402
TEXT: @THE_MAKIA_COLOMBIA

[Monday, 15 January 2018 at 02:04:52]
plugins/tags.lua:50: attempt to concatenate field 'username' (a nil value)


FROM: 226070791
CHAT: -1001065848402
TEXT: @THE_MAKIA_COLOMBIA

[Monday, 15 January 2018 at 12:33:02]
./methods.lua:384: type 'function' is not supported by JSON.


FROM: 292858800
CHAT: -1001112595265
TEXT: @JOKER_117

[Monday, 15 January 2018 at 16:08:23]
./methods.lua:384: type 'function' is not supported by JSON.


FROM: 401422605
CHAT: -1001229718027
TEXT: @Siempre_tuya

[Monday, 15 January 2018 at 16:11:14]
./methods.lua:384: type 'function' is not supported by JSON.


FROM: 479448202
CHAT: -1001382383145
TEXT: @Matias_il

[Monday, 15 January 2018 at 16:11:25]
./methods.lua:384: type 'function' is not supported by JSON.


FROM: 292858800
CHAT: -1001112595265
TEXT: @Papizos

[Monday, 15 January 2018 at 16:34:46]
./methods.lua:384: type 'function' is not supported by JSON.


FROM: 455072868
CHAT: -1001112595265
TEXT: @nucleoterco

[Monday, 15 January 2018 at 19:46:33]
./methods.lua:384: type 'function' is not supported by JSON.


FROM: 479448202
CHAT: -1001382383145
TEXT: @Matias_il

[Monday, 15 January 2018 at 21:26:25]
./methods.lua:384: type 'function' is not supported by JSON.


FROM: 263755409
CHAT: -1001229718027
TEXT: @Baura28

[Monday, 15 January 2018 at 21:26:54]
./methods.lua:384: type 'function' is not supported by JSON.


FROM: 263755409
CHAT: -1001229718027
TEXT: @Nighttrain2

[Monday, 15 January 2018 at 21:27:23]
./methods.lua:384: type 'function' is not supported by JSON.


FROM: 263755409
CHAT: -1001229718027
TEXT: @Reyes0788

[Monday, 15 January 2018 at 21:28:16]
./methods.lua:384: type 'function' is not supported by JSON.


FROM: 263755409
CHAT: -1001229718027
TEXT: @Baura28

[Monday, 15 January 2018 at 21:28:33]
./methods.lua:384: type 'function' is not supported by JSON.


FROM: 263755409
CHAT: -1001229718027
TEXT: @Baura28

[Monday, 15 January 2018 at 21:28:42]
./methods.lua:384: type 'function' is not supported by JSON.


FROM: 263755409
CHAT: -1001229718027
TEXT: @FlojeadorCompulsivo

[Monday, 15 January 2018 at 21:29:33]
./methods.lua:384: type 'function' is not supported by JSON.


FROM: 263755409
CHAT: -1001229718027
TEXT: @Reyes0788

[Monday, 15 January 2018 at 21:35:41]
./methods.lua:384: type 'function' is not supported by JSON.


FROM: 292858800
CHAT: -1001229718027
TEXT: @FlojeadorCompulsivo

[Monday, 15 January 2018 at 22:44:55]
./methods.lua:384: type 'function' is not supported by JSON.


FROM: 263755409
CHAT: -1001229718027
TEXT: @Gabedion

[Monday, 15 January 2018 at 23:00:09]
./methods.lua:384: type 'function' is not supported by JSON.


FROM: 401155991
CHAT: -1001112595265
TEXT: @TocandoleLaJaleaAlaVida

[Monday, 15 January 2018 at 23:19:38]
plugins/tags.lua:50: attempt to concatenate field 'username' (a nil value)


FROM: 464052901
CHAT: -1001112595265
TEXT: @nucleoterco

[Tuesday, 16 January 2018 at 08:50:01]
./methods.lua:384: type 'function' is not supported by JSON.


FROM: 386732927
CHAT: -1001065848402
TEXT: @MaaGoo

[Tuesday, 16 January 2018 at 09:42:12]
./methods.lua:384: type 'function' is not supported by JSON.


FROM: 501567291
CHAT: -1001108628160
TEXT: @qepasa

[Tuesday, 16 January 2018 at 11:36:28]
./methods.lua:384: type 'function' is not supported by JSON.


FROM: 263755409
CHAT: -1001229718027
TEXT: @Baura28

[Tuesday, 16 January 2018 at 11:36:39]
./methods.lua:384: type 'function' is not supported by JSON.


FROM: 263755409
CHAT: -1001229718027
TEXT: @FlojeadorCompulsivo

[Tuesday, 16 January 2018 at 11:36:46]
./methods.lua:384: type 'function' is not supported by JSON.


FROM: 263755409
CHAT: -1001229718027
TEXT: @Gabedion

[Tuesday, 16 January 2018 at 11:36:58]
./methods.lua:384: type 'function' is not supported by JSON.


FROM: 263755409
CHAT: -1001229718027
TEXT: @chabry

[Tuesday, 16 January 2018 at 11:37:08]
./methods.lua:384: type 'function' is not supported by JSON.


FROM: 263755409
CHAT: -1001229718027
TEXT: @LunaEevee

[Tuesday, 16 January 2018 at 11:37:19]
./methods.lua:384: type 'function' is not supported by JSON.


FROM: 263755409
CHAT: -1001229718027
TEXT: @Nighttrain2

[Tuesday, 16 January 2018 at 11:37:30]
./methods.lua:384: type 'function' is not supported by JSON.


FROM: 263755409
CHAT: -1001229718027
TEXT: @Iknowyourface

[Tuesday, 16 January 2018 at 11:37:33]
./methods.lua:384: type 'function' is not supported by JSON.


FROM: 455072868
CHAT: -1001207646253
TEXT: @zacharinl

[Tuesday, 16 January 2018 at 14:27:38]
plugins/tags.lua:44: attempt to concatenate field 'username' (a nil value)


FROM: 530921455
CHAT: -1001229718027
TEXT: @Gabedion

[Tuesday, 16 January 2018 at 14:29:37]
plugins/tags.lua:44: attempt to concatenate field 'username' (a nil value)


FROM: 530921455
CHAT: -1001229718027
TEXT: @EveryBodyOnHp

[Tuesday, 16 January 2018 at 14:35:27]
./methods.lua:384: type 'function' is not supported by JSON.


FROM: 370120752
CHAT: -1001229718027
TEXT: @EveryBodyOnHp

[Tuesday, 16 January 2018 at 14:35:41]
plugins/tags.lua:44: attempt to concatenate field 'username' (a nil value)


FROM: 366288286
CHAT: -1001229718027
TEXT: @EveryBodyOnHp

[Tuesday, 16 January 2018 at 14:57:22]
plugins/tags.lua:44: attempt to concatenate field 'username' (a nil value)


FROM: 530921455
CHAT: -1001229718027
TEXT: @PoderNegro

[Tuesday, 16 January 2018 at 19:16:46]
./methods.lua:384: type 'function' is not supported by JSON.


FROM: 476299667
CHAT: -1001065848402
TEXT: @TitoZebah

[Tuesday, 16 January 2018 at 20:27:28]
./methods.lua:384: type 'function' is not supported by JSON.


FROM: 513231862
CHAT: -1001112595265
TEXT: @Espacio_vacio

[Tuesday, 16 January 2018 at 20:30:53]
./methods.lua:384: type 'function' is not supported by JSON.


FROM: 292858800
CHAT: -1001112595265
TEXT: @TocandoleLaJaleaAlaVida

[Tuesday, 16 January 2018 at 21:48:06]
./methods.lua:384: type 'function' is not supported by JSON.


FROM: 101138020
CHAT: -1001065848402
TEXT: @BunnyST

[Wednesday, 17 January 2018 at 00:19:54]
plugins/findpedoss.lua:8: attempt to index local 'raw' (a nil value)


FROM: 27840971
CHAT: -1001055653582
TEXT: /scan

[Wednesday, 17 January 2018 at 01:11:32]
config.lua:11: '}' expected (to close '{' at line 6) near 'admins'


FROM: 27840971
CHAT: -1001101240169
TEXT: /ainit

[Wednesday, 17 January 2018 at 01:13:00]
config.lua:12: '}' expected (to close '{' at line 1) near 'admins'


FROM: 27840971
CHAT: -1001101240169
TEXT: /ainit

[Wednesday, 17 January 2018 at 01:17:09]
config.lua:7: '}' expected (to close '{' at line 6) near '='


FROM: 27840971
CHAT: -1001101240169
TEXT: /ainit

[Wednesday, 17 January 2018 at 01:19:29]
config.lua:7: '}' expected (to close '{' at line 6) near '='


FROM: 515267503
CHAT: -1001130137889
TEXT: ###added

[Wednesday, 17 January 2018 at 01:22:15]
config.lua:7: '}' expected (to close '{' at line 6) near '='


FROM: 27840971
CHAT: -1001101240169
TEXT: /ainit

[Wednesday, 17 January 2018 at 01:24:27]
config.lua:7: '}' expected (to close '{' at line 6) near '='


FROM: 397033380
CHAT: -1001207646253
TEXT: ###added

[Wednesday, 17 January 2018 at 01:24:46]
plugins/scanout.lua:18: '}' expected (to close '{' at line 13) near <eof>


FROM: 27840971
CHAT: -1001101240169
TEXT: /ainit

[Wednesday, 17 January 2018 at 01:25:25]
plugins/scanout.lua:18: '}' expected (to close '{' at line 13) near <eof>


FROM: 468220672
CHAT: -1001207646253
TEXT: ###added

[Wednesday, 17 January 2018 at 01:39:44]
cannot open plugins/findpedoss.lua: No such file or directory


FROM: 315854748
CHAT: -1001147595630
TEXT: ###added

[Wednesday, 17 January 2018 at 11:11:30]
./methods.lua:384: type 'function' is not supported by JSON.


FROM: 481387375
CHAT: -1001065848402
TEXT: @tnexus96

[Wednesday, 17 January 2018 at 12:29:36]
./methods.lua:384: type 'function' is not supported by JSON.


FROM: 402250991
CHAT: -1001229718027
TEXT: @EveryBodyOnHp

[Wednesday, 17 January 2018 at 12:29:41]
./methods.lua:384: type 'function' is not supported by JSON.


FROM: 402250991
CHAT: -1001229718027
TEXT: @FlojeadorCompulsivo

[Wednesday, 17 January 2018 at 14:01:52]
./methods.lua:384: type 'function' is not supported by JSON.


FROM: 97715827
CHAT: -1001229718027
TEXT: @DovahkiinYT

[Wednesday, 17 January 2018 at 15:36:46]
./methods.lua:384: type 'function' is not supported by JSON.


FROM: 401422605
CHAT: -1001229718027
TEXT: @Reyes0788

[Wednesday, 17 January 2018 at 15:38:13]
./methods.lua:384: type 'function' is not supported by JSON.


FROM: 530921455
CHAT: -1001229718027
TEXT: @Gabedion

[Wednesday, 17 January 2018 at 15:40:25]
./methods.lua:384: type 'function' is not supported by JSON.


FROM: 530921455
CHAT: -1001229718027
TEXT: @dybaaala

[Wednesday, 17 January 2018 at 15:41:15]
./methods.lua:384: type 'function' is not supported by JSON.


FROM: 401422605
CHAT: -1001229718027
TEXT: @SticAC

[Wednesday, 17 January 2018 at 15:43:30]
./methods.lua:384: type 'function' is not supported by JSON.


FROM: 530921455
CHAT: -1001229718027
TEXT: @ganix93

[Wednesday, 17 January 2018 at 19:20:39]
./methods.lua:384: type 'function' is not supported by JSON.


FROM: 479448202
CHAT: -1001382383145
TEXT: @Matias_il

[Wednesday, 17 January 2018 at 22:38:22]
./methods.lua:384: type 'function' is not supported by JSON.


FROM: 335146976
CHAT: -1001112595265
TEXT: @ZkreamoUribe1

[Wednesday, 17 January 2018 at 22:42:33]
./methods.lua:384: type 'function' is not supported by JSON.


FROM: 327078036
CHAT: -1001229718027
TEXT: @Jazmina2017

[Wednesday, 17 January 2018 at 23:06:12]
./methods.lua:384: type 'function' is not supported by JSON.


FROM: 401422605
CHAT: -1001229718027
TEXT: @Baura28

[Wednesday, 17 January 2018 at 23:07:02]
./methods.lua:384: type 'function' is not supported by JSON.


FROM: 530921455
CHAT: -1001229718027
TEXT: @EveryBodyOnHp

[Wednesday, 17 January 2018 at 23:14:22]
./methods.lua:384: type 'function' is not supported by JSON.


FROM: 401422605
CHAT: -1001229718027
TEXT: @Gabedion

[Wednesday, 17 January 2018 at 23:45:07]
./methods.lua:384: type 'function' is not supported by JSON.


FROM: 3037159
CHAT: -1001382383145
TEXT: @Tsuganashi

[Thursday, 18 January 2018 at 00:06:11]
./methods.lua:384: type 'function' is not supported by JSON.


FROM: 3037159
CHAT: -1001382383145
TEXT: @Tsuganashi

[Thursday, 18 January 2018 at 07:48:06]
./methods.lua:384: type 'function' is not supported by JSON.


FROM: 337692639
CHAT: -1001112595265
TEXT: @nucleoterco

[Thursday, 18 January 2018 at 08:40:37]
./methods.lua:384: type 'function' is not supported by JSON.


FROM: 51821599
CHAT: -1001119216910
TEXT: @siren_Ita

[Thursday, 18 January 2018 at 09:43:06]
./methods.lua:384: type 'function' is not supported by JSON.


FROM: 149591462
CHAT: -1001071541329
TEXT: @GUS_94

[Thursday, 18 January 2018 at 15:02:04]
./methods.lua:384: type 'function' is not supported by JSON.


FROM: 479448202
CHAT: -1001382383145
TEXT: @Tsuganashi

[Thursday, 18 January 2018 at 15:02:20]
./methods.lua:384: type 'function' is not supported by JSON.


FROM: 479448202
CHAT: -1001382383145
TEXT: @stilnovista

[Thursday, 18 January 2018 at 15:41:16]
./methods.lua:384: type 'function' is not supported by JSON.


FROM: 411365580
CHAT: -1001382383145
TEXT: @FumitoDxD

[Thursday, 18 January 2018 at 15:45:42]
./methods.lua:384: type 'function' is not supported by JSON.


FROM: 479448202
CHAT: -1001382383145
TEXT: @Makiscamote

[Thursday, 18 January 2018 at 17:10:47]
./methods.lua:384: type 'function' is not supported by JSON.


FROM: 350771311
CHAT: -1001382383145
TEXT: @HatCliff

[Thursday, 18 January 2018 at 17:42:01]
./methods.lua:384: type 'function' is not supported by JSON.


FROM: 173952879
CHAT: -1001071541329
TEXT: @ZeusRoyale

[Thursday, 18 January 2018 at 17:42:07]
./methods.lua:384: type 'function' is not supported by JSON.


FROM: 173952879
CHAT: -1001071541329
TEXT: @EveryBodyOnHp

[Thursday, 18 January 2018 at 19:53:29]
./methods.lua:384: type 'function' is not supported by JSON.


FROM: 401422605
CHAT: -1001229718027
TEXT: @Baura28

[Thursday, 18 January 2018 at 19:59:12]
./methods.lua:384: type 'function' is not supported by JSON.


FROM: 203420658
CHAT: -1001229718027
TEXT: @Nighttrain2

[Thursday, 18 January 2018 at 21:46:48]
./methods.lua:384: type 'function' is not supported by JSON.


FROM: 464192592
CHAT: -1001112595265
TEXT: @Arrullodestrellas

[Thursday, 18 January 2018 at 23:23:44]
utilities.lua:330: attempt to index local 'text' (a nil value)


FROM: 144726598
CHAT: -1001059088290
TEXT: /extra

[Thursday, 18 January 2018 at 23:34:09]
plugins/extra.lua:40: attempt to call global 'mystat' (a nil value)


FROM: 144726598
CHAT: -1001059088290
TEXT: /extra list

[Friday, 19 January 2018 at 00:17:20]
./methods.lua:384: type 'function' is not supported by JSON.


FROM: 377674083
CHAT: -1001207646253
TEXT: @Lukiyas3

[Friday, 19 January 2018 at 03:34:21]
./methods.lua:384: type 'function' is not supported by JSON.


FROM: 377674083
CHAT: -1001207646253
TEXT: @JOKER_117

[Friday, 19 January 2018 at 03:49:34]
./methods.lua:384: type 'function' is not supported by JSON.


FROM: 377674083
CHAT: -1001207646253
TEXT: @JOKER_117

[Friday, 19 January 2018 at 06:47:23]
./methods.lua:384: type 'function' is not supported by JSON.


FROM: 297029960
CHAT: -1001073045148
TEXT: @Pepelepu08

[Friday, 19 January 2018 at 07:25:42]
./methods.lua:384: type 'function' is not supported by JSON.


FROM: 417381435
CHAT: -1001382383145
TEXT: @horo30

[Friday, 19 January 2018 at 07:59:49]
./methods.lua:384: type 'function' is not supported by JSON.


FROM: 464192592
CHAT: -1001112595265
TEXT: @nucleoterco

[Friday, 19 January 2018 at 08:00:20]
plugins/tags.lua:50: attempt to concatenate field 'username' (a nil value)


FROM: 224275082
CHAT: -1001112595265
TEXT: @nucleoterco

[Friday, 19 January 2018 at 10:31:46]
./methods.lua:384: type 'function' is not supported by JSON.


FROM: 46622136
CHAT: -1001303761257
TEXT: @hanni3al

[Friday, 19 January 2018 at 11:27:44]
./methods.lua:384: type 'function' is not supported by JSON.


FROM: 468410607
CHAT: -1001207646253
TEXT: @zacharinl

[Friday, 19 January 2018 at 12:01:09]
languages.lua:52: unfinished string near '"Este texto no sigue las normas del Markdow.
Para más información, has click [aquí](https://telegram.me/GroupButler_ch/46).','


FROM: 519828383
CHAT: -1001207646253
TEXT: ###added

[Friday, 19 January 2018 at 12:06:57]
languages.lua:52: unfinished string near '"Este texto no sigue las normas del Markdow.
Para más información, has click [aquí](https://telegram.me/Moderador_Channel/163).','


FROM: 396404117
CHAT: -1001130137889
TEXT: ###added

[Friday, 19 January 2018 at 12:11:16]
languages.lua:52: unfinished string near '"Este texto no sigue las normas del Markdow.
Para más información, has click [aquí](https://telegram.me/Moderador_Channel/163).','


FROM: 181204653
CHAT: -1001168170384
TEXT: ###added

[Friday, 19 January 2018 at 12:29:17]
plugins/tags.lua:50: attempt to concatenate field 'username' (a nil value)


FROM: 224275082
CHAT: -1001112595265
TEXT: @MamaGallina

[Friday, 19 January 2018 at 12:36:21]
./methods.lua:384: type 'function' is not supported by JSON.


FROM: 401422605
CHAT: -1001229718027
TEXT: @Reyes0788

[Friday, 19 January 2018 at 12:40:57]
./methods.lua:384: type 'function' is not supported by JSON.


FROM: 401422605
CHAT: -1001229718027
TEXT: @Reyes0788

[Friday, 19 January 2018 at 13:07:46]
./methods.lua:384: type 'function' is not supported by JSON.


FROM: 337692639
CHAT: -1001112595265
TEXT: @TocandoleLaJaleaAlaVida

[Friday, 19 January 2018 at 13:51:23]
./methods.lua:384: type 'function' is not supported by JSON.


FROM: 27840971
CHAT: -1001081880667
TEXT: @Espacio_vacio

[Friday, 19 January 2018 at 13:58:04]
./methods.lua:384: type 'function' is not supported by JSON.


FROM: 337692639
CHAT: -1001112595265
TEXT: @Espacio_vacio

[Friday, 19 January 2018 at 14:04:41]
./methods.lua:384: type 'function' is not supported by JSON.


FROM: 27840971
CHAT: -1001081880667
TEXT: @Espacio_vacio

[Friday, 19 January 2018 at 14:17:28]
./methods.lua:384: type 'function' is not supported by JSON.


FROM: 27840971
CHAT: -1001081880667
TEXT: @Espacio_vacio

[Friday, 19 January 2018 at 14:35:56]
./methods.lua:384: type 'function' is not supported by JSON.


FROM: 27840971
CHAT: -1001081880667
TEXT: @Espacio_vacio

[Friday, 19 January 2018 at 16:02:26]
./methods.lua:384: type 'function' is not supported by JSON.


FROM: 97715827
CHAT: -1001229718027
TEXT: @FlojeadorCompulsivo

[Friday, 19 January 2018 at 16:09:43]
./methods.lua:384: type 'function' is not supported by JSON.


FROM: 97715827
CHAT: -1001229718027
TEXT: @Gabedion

[Friday, 19 January 2018 at 16:10:20]
./methods.lua:384: type 'function' is not supported by JSON.


FROM: 401422605
CHAT: -1001229718027
TEXT: @Mexinga

[Friday, 19 January 2018 at 16:11:25]
plugins/beta.lua:16: <eof> expected near 'end'


FROM: 27840971
CHAT: -1001081880667
TEXT: /ainit

[Friday, 19 January 2018 at 16:12:18]
plugins/beta.lua:16: <eof> expected near 'end'


FROM: 262043961
CHAT: -1001229718027
TEXT: ###added

[Friday, 19 January 2018 at 16:15:18]
plugins/beta.lua:13: attempt to index global 'blocks' (a nil value)


FROM: 27840971
CHAT: -1001081880667
TEXT: /ainit

[Friday, 19 January 2018 at 16:17:02]
plugins/beta.lua:13: attempt to index global 'blocks' (a nil value)


FROM: 242625366
CHAT: -1001168170384
TEXT: ###added

[Friday, 19 January 2018 at 16:20:50]
plugins/beta.lua:17: 'end' expected (to close 'function' at line 2) near <eof>


FROM: 27840971
CHAT: -1001081880667
TEXT: /ainit

[Friday, 19 January 2018 at 17:12:28]
./methods.lua:384: type 'function' is not supported by JSON.


FROM: 14443121
CHAT: -1001303761257
TEXT: @agm28011997

[Friday, 19 January 2018 at 17:13:27]
plugins/beta.lua:13: <eof> expected near 'end'


FROM: 27840971
CHAT: -1001081880667
TEXT: /ainit

[Friday, 19 January 2018 at 17:17:28]
./methods.lua:151: attempt to index global 'https' (a nil value)


FROM: 401155991
CHAT: -1001081880667
TEXT: /beta

[Friday, 19 January 2018 at 19:11:16]
./methods.lua:384: type 'function' is not supported by JSON.


FROM: 538092996
CHAT: -1001229718027
TEXT: @Barreeeiroo

[Friday, 19 January 2018 at 19:35:18]
./methods.lua:384: type 'function' is not supported by JSON.


FROM: 351822062
CHAT: -1001065848402
TEXT: @MaaGoo

[Friday, 19 January 2018 at 20:02:30]
./methods.lua:151: attempt to index global 'https' (a nil value)


FROM: 27840971
CHAT: -1001081880667
TEXT: /beta

[Friday, 19 January 2018 at 20:11:45]
./methods.lua:151: attempt to index global 'https' (a nil value)


FROM: 27840971
CHAT: -1001081880667
TEXT: /beta

[Friday, 19 January 2018 at 20:19:21]
./methods.lua:151: attempt to index global 'https' (a nil value)


FROM: 27840971
CHAT: -1001081880667
TEXT: /beta

[Friday, 19 January 2018 at 22:22:18]
./methods.lua:384: type 'function' is not supported by JSON.


FROM: 370120752
CHAT: -1001229718027
TEXT: @Gabedion

[Friday, 19 January 2018 at 22:22:32]
./methods.lua:384: type 'function' is not supported by JSON.


FROM: 370120752
CHAT: -1001229718027
TEXT: @Jose53829187

[Friday, 19 January 2018 at 22:23:37]
./methods.lua:384: type 'function' is not supported by JSON.


FROM: 370120752
CHAT: -1001229718027
TEXT: @Sakata01

[Saturday, 20 January 2018 at 01:38:51]
./methods.lua:384: type 'function' is not supported by JSON.


FROM: 496250447
CHAT: -1001229718027
TEXT: @Nighttrain2

[Saturday, 20 January 2018 at 02:22:28]
./methods.lua:384: type 'function' is not supported by JSON.


FROM: 374088386
CHAT: -1001229718027
TEXT: @sstrangerthings

[Saturday, 20 January 2018 at 03:21:18]
./methods.lua:384: type 'function' is not supported by JSON.


FROM: 292858800
CHAT: -1001112595265
TEXT: @Reon777

[Saturday, 20 January 2018 at 08:51:41]
./methods.lua:384: type 'function' is not supported by JSON.


FROM: 46891684
CHAT: -1001112595265
TEXT: @nucleoterco

[Saturday, 20 January 2018 at 09:42:15]
./methods.lua:384: type 'function' is not supported by JSON.


FROM: 263755409
CHAT: -1001229718027
TEXT: @Sabrisierra

[Saturday, 20 January 2018 at 09:43:50]
./methods.lua:384: type 'function' is not supported by JSON.


FROM: 401422605
CHAT: -1001229718027
TEXT: @arfinders

[Saturday, 20 January 2018 at 10:01:49]
./methods.lua:384: type 'function' is not supported by JSON.


FROM: 401422605
CHAT: -1001229718027
TEXT: @NoQuiero

[Saturday, 20 January 2018 at 10:01:56]
./methods.lua:384: type 'function' is not supported by JSON.


FROM: 401422605
CHAT: -1001229718027
TEXT: @sstrangerthings

[Saturday, 20 January 2018 at 10:05:15]
./methods.lua:384: type 'function' is not supported by JSON.


FROM: 203420658
CHAT: -1001229718027
TEXT: @Siempre_tuya

[Saturday, 20 January 2018 at 15:44:47]
./methods.lua:384: type 'function' is not supported by JSON.


FROM: 501302988
CHAT: -1001065848402
TEXT: @kenxx08

[Saturday, 20 January 2018 at 15:45:01]
./methods.lua:384: type 'function' is not supported by JSON.


FROM: 501302988
CHAT: -1001065848402
TEXT: @kenxx08

[Saturday, 20 January 2018 at 15:55:04]
./methods.lua:384: type 'function' is not supported by JSON.


FROM: 513231862
CHAT: -1001112595265
TEXT: @nucleoterco

[Saturday, 20 January 2018 at 15:55:16]
./methods.lua:384: type 'function' is not supported by JSON.


FROM: 513231862
CHAT: -1001112595265
TEXT: @nucleoterco

[Saturday, 20 January 2018 at 15:55:41]
./methods.lua:384: type 'function' is not supported by JSON.


FROM: 513231862
CHAT: -1001112595265
TEXT: @nucleoterco

[Saturday, 20 January 2018 at 16:34:26]
./methods.lua:384: type 'function' is not supported by JSON.


FROM: 432637476
CHAT: -1001108628160
TEXT: @TocandoleLaJaleaAlaVida

[Saturday, 20 January 2018 at 18:05:44]
./methods.lua:384: type 'function' is not supported by JSON.


FROM: 432637476
CHAT: -1001108628160
TEXT: @AlifMurito

[Saturday, 20 January 2018 at 18:13:44]
./methods.lua:384: type 'function' is not supported by JSON.


FROM: 426354271
CHAT: -1001229718027
TEXT: @arfinders

[Saturday, 20 January 2018 at 18:32:57]
./methods.lua:384: type 'function' is not supported by JSON.


FROM: 351822062
CHAT: -1001065848402
TEXT: @MaaGoo

[Saturday, 20 January 2018 at 18:50:10]
./methods.lua:384: type 'function' is not supported by JSON.


FROM: 97715827
CHAT: -1001229718027
TEXT: @EveryBodyOnHp

[Saturday, 20 January 2018 at 19:36:32]
./methods.lua:384: type 'function' is not supported by JSON.


FROM: 46891684
CHAT: -1001112595265
TEXT: @TocandoleLaJaleaAlaVida

[Saturday, 20 January 2018 at 20:33:30]
./methods.lua:384: type 'function' is not supported by JSON.


FROM: 97715827
CHAT: -1001229718027
TEXT: @FlojeadorCompulsivo

[Saturday, 20 January 2018 at 20:33:47]
./methods.lua:384: type 'function' is not supported by JSON.


FROM: 370120752
CHAT: -1001229718027
TEXT: @Rapax2002

[Saturday, 20 January 2018 at 20:51:07]
./methods.lua:384: type 'function' is not supported by JSON.


FROM: 46891684
CHAT: -1001112595265
TEXT: @TocandoleLaJaleaAlaVida

[Saturday, 20 January 2018 at 22:53:04]
./methods.lua:384: type 'function' is not supported by JSON.


FROM: 464192592
CHAT: -1001112595265
TEXT: @Error905

[Sunday, 21 January 2018 at 00:28:58]
./methods.lua:384: type 'function' is not supported by JSON.


FROM: 344743655
CHAT: -1001207646253
TEXT: @Tequieroigualomas

[Sunday, 21 January 2018 at 09:13:38]
./methods.lua:384: type 'function' is not supported by JSON.


FROM: 351822062
CHAT: -1001065848402
TEXT: @MaaGoo

[Sunday, 21 January 2018 at 10:37:26]
./methods.lua:384: type 'function' is not supported by JSON.


FROM: 401422605
CHAT: -1001229718027
TEXT: @braian_13

[Sunday, 21 January 2018 at 13:19:09]
./methods.lua:384: type 'function' is not supported by JSON.


FROM: 401422605
CHAT: -1001229718027
TEXT: @SticAC

[Sunday, 21 January 2018 at 13:19:15]
./methods.lua:384: type 'function' is not supported by JSON.


FROM: 401422605
CHAT: -1001229718027
TEXT: @braian_13

[Sunday, 21 January 2018 at 13:19:23]
./methods.lua:384: type 'function' is not supported by JSON.


FROM: 401422605
CHAT: -1001229718027
TEXT: @lucymora

[Sunday, 21 January 2018 at 13:19:28]
./methods.lua:384: type 'function' is not supported by JSON.


FROM: 401422605
CHAT: -1001229718027
TEXT: @Sabrisierra

[Sunday, 21 January 2018 at 13:19:57]
./methods.lua:384: type 'function' is not supported by JSON.


FROM: 396809458
CHAT: -1001075364191
TEXT: @Cuandoestornudodigoichis

[Sunday, 21 January 2018 at 13:44:19]
./methods.lua:384: type 'function' is not supported by JSON.


FROM: 370120752
CHAT: -1001229718027
TEXT: @Nighttrain2

[Sunday, 21 January 2018 at 14:02:07]
./methods.lua:384: type 'function' is not supported by JSON.


FROM: 396809458
CHAT: -1001075364191
TEXT: @Cuandoestornudodigoichis

[Sunday, 21 January 2018 at 14:46:13]
./methods.lua:384: type 'function' is not supported by JSON.


FROM: 353375226
CHAT: -1001075364191
TEXT: @lolograma

[Sunday, 21 January 2018 at 17:58:00]
./methods.lua:384: type 'function' is not supported by JSON.


FROM: 334148077
CHAT: -1001102699227
TEXT: @Blanchefleures

[Sunday, 21 January 2018 at 18:03:23]
./methods.lua:384: type 'function' is not supported by JSON.


FROM: 257666678
CHAT: -1001398922687
TEXT: @Arrullodestrellas

[Sunday, 21 January 2018 at 18:46:05]
./methods.lua:384: type 'function' is not supported by JSON.


FROM: 244596600
CHAT: -1001102699227
TEXT: @ulapa

[Sunday, 21 January 2018 at 18:48:19]
./methods.lua:384: type 'function' is not supported by JSON.


FROM: 393794156
CHAT: -1001102699227
TEXT: @Chrisccr

[Sunday, 21 January 2018 at 19:46:28]
./methods.lua:384: type 'function' is not supported by JSON.


FROM: 351822062
CHAT: -1001065848402
TEXT: @MaaGoo

[Monday, 22 January 2018 at 07:13:39]
./methods.lua:382: type 'function' is not supported by JSON.


FROM: 249435109
CHAT: -1001102699227
TEXT: @ulapa

[Monday, 22 January 2018 at 08:24:31]
./methods.lua:382: type 'function' is not supported by JSON.


FROM: 330149776
CHAT: -1001102699227
TEXT: @NaziRuso

[Monday, 22 January 2018 at 09:00:49]
./methods.lua:382: type 'function' is not supported by JSON.


FROM: 116209485
CHAT: -1001102699227
TEXT: @Blanchefleures

[Monday, 22 January 2018 at 09:18:55]
./methods.lua:382: type 'function' is not supported by JSON.


FROM: 334148077
CHAT: -1001102699227
TEXT: @Chrisccr

[Monday, 22 January 2018 at 09:22:12]
./methods.lua:382: type 'function' is not supported by JSON.


FROM: 116209485
CHAT: -1001102699227
TEXT: @rouusgg

[Monday, 22 January 2018 at 09:32:30]
./methods.lua:382: type 'function' is not supported by JSON.


FROM: 393794156
CHAT: -1001102699227
TEXT: @SergiodelGarden

[Monday, 22 January 2018 at 09:48:38]
./methods.lua:382: type 'function' is not supported by JSON.


FROM: 116209485
CHAT: -1001102699227
TEXT: @Blanchefleures

[Monday, 22 January 2018 at 10:07:31]
./methods.lua:382: type 'function' is not supported by JSON.


FROM: 354584022
CHAT: -1001102699227
TEXT: @judrv

[Monday, 22 January 2018 at 10:21:04]
./methods.lua:382: type 'function' is not supported by JSON.


FROM: 358693332
CHAT: -1001102699227
TEXT: @bastetgirl_98

[Monday, 22 January 2018 at 10:32:26]
./methods.lua:382: type 'function' is not supported by JSON.


FROM: 386732927
CHAT: -1001065848402
TEXT: @MaaGoo

[Monday, 22 January 2018 at 10:35:18]
./methods.lua:382: type 'function' is not supported by JSON.


FROM: 337692639
CHAT: -1001112595265
TEXT: @Romeroluis

[Monday, 22 January 2018 at 10:50:25]
./methods.lua:382: type 'function' is not supported by JSON.


FROM: 337692639
CHAT: -1001112595265
TEXT: @nucleoterco

[Monday, 22 January 2018 at 11:09:59]
./methods.lua:382: type 'function' is not supported by JSON.


FROM: 383979755
CHAT: -1001102699227
TEXT: @ulapa

[Monday, 22 January 2018 at 11:14:59]
./methods.lua:382: type 'function' is not supported by JSON.


FROM: 406209943
CHAT: -1001102699227
TEXT: @ulapa

[Monday, 22 January 2018 at 12:57:52]
./methods.lua:382: type 'function' is not supported by JSON.


FROM: 116209485
CHAT: -1001102699227
TEXT: @Blanchefleures

[Monday, 22 January 2018 at 13:30:39]
./methods.lua:382: type 'function' is not supported by JSON.


FROM: 116209485
CHAT: -1001102699227
TEXT: @judrv

[Monday, 22 January 2018 at 13:48:58]
./methods.lua:382: type 'function' is not supported by JSON.


FROM: 337692639
CHAT: -1001112595265
TEXT: @tnexus96

[Monday, 22 January 2018 at 13:58:01]
./methods.lua:382: type 'function' is not supported by JSON.


FROM: 440494928
CHAT: -1001112595265
TEXT: @AlifMurita

[Monday, 22 January 2018 at 14:04:39]
./methods.lua:382: type 'function' is not supported by JSON.


FROM: 244596600
CHAT: -1001102699227
TEXT: @UR0BOR0S

[Monday, 22 January 2018 at 14:12:56]
./methods.lua:382: type 'function' is not supported by JSON.


FROM: 15898577
CHAT: -1001102699227
TEXT: @judrv

[Monday, 22 January 2018 at 14:14:49]
./methods.lua:382: type 'function' is not supported by JSON.


FROM: 438850425
CHAT: -1001102699227
TEXT: @DjRafax

[Monday, 22 January 2018 at 14:20:02]
./methods.lua:382: type 'function' is not supported by JSON.


FROM: 116209485
CHAT: -1001102699227
TEXT: @UR0BOR0S

[Monday, 22 January 2018 at 14:32:39]
./methods.lua:382: type 'function' is not supported by JSON.


FROM: 116209485
CHAT: -1001102699227
TEXT: @TheBlackMigui

[Monday, 22 January 2018 at 15:04:38]
./methods.lua:382: type 'function' is not supported by JSON.


FROM: 330149776
CHAT: -1001102699227
TEXT: @ulapa

[Monday, 22 January 2018 at 15:11:01]
./methods.lua:382: type 'function' is not supported by JSON.


FROM: 330149776
CHAT: -1001102699227
TEXT: @SergiodelGarden

[Monday, 22 January 2018 at 15:11:11]
./methods.lua:382: type 'function' is not supported by JSON.


FROM: 330149776
CHAT: -1001102699227
TEXT: @SergiodelGarden

[Monday, 22 January 2018 at 15:11:24]
./methods.lua:382: type 'function' is not supported by JSON.


FROM: 330149776
CHAT: -1001102699227
TEXT: @SergiodelGarden

[Monday, 22 January 2018 at 15:11:36]
./methods.lua:382: type 'function' is not supported by JSON.


FROM: 330149776
CHAT: -1001102699227
TEXT: @ulapa

[Monday, 22 January 2018 at 15:16:37]
./methods.lua:382: type 'function' is not supported by JSON.


FROM: 383979755
CHAT: -1001102699227
TEXT: @Celtus99

[Monday, 22 January 2018 at 15:49:01]
./methods.lua:382: type 'function' is not supported by JSON.


FROM: 15898577
CHAT: -1001102699227
TEXT: @TheBlackMigui

[Monday, 22 January 2018 at 16:08:23]
./methods.lua:382: type 'function' is not supported by JSON.


FROM: 354584022
CHAT: -1001102699227
TEXT: @Chrisccr

[Monday, 22 January 2018 at 16:15:16]
./methods.lua:382: type 'function' is not supported by JSON.


FROM: 244596600
CHAT: -1001102699227
TEXT: @TroyboiNBC

[Monday, 22 January 2018 at 16:22:15]
./methods.lua:382: type 'function' is not supported by JSON.


FROM: 116209485
CHAT: -1001102699227
TEXT: @judrv

[Monday, 22 January 2018 at 16:24:38]
./methods.lua:382: type 'function' is not supported by JSON.


FROM: 383979755
CHAT: -1001102699227
TEXT: @UR0BOR0S

[Monday, 22 January 2018 at 16:33:32]
./methods.lua:382: type 'function' is not supported by JSON.


FROM: 393794156
CHAT: -1001102699227
TEXT: @TheBlackMigui

[Monday, 22 January 2018 at 16:42:45]
./methods.lua:382: type 'function' is not supported by JSON.


FROM: 438850425
CHAT: -1001102699227
TEXT: @SamiRiok

[Monday, 22 January 2018 at 16:48:41]
./methods.lua:382: type 'function' is not supported by JSON.


FROM: 15898577
CHAT: -1001102699227
TEXT: @TheBlackMigui

[Monday, 22 January 2018 at 16:53:27]
./methods.lua:382: type 'function' is not supported by JSON.


FROM: 438850425
CHAT: -1001102699227
TEXT: @Chrisccr

[Monday, 22 January 2018 at 17:03:14]
./methods.lua:382: type 'function' is not supported by JSON.


FROM: 349811635
CHAT: -1001102699227
TEXT: @Moniigota

[Monday, 22 January 2018 at 17:16:43]
./methods.lua:382: type 'function' is not supported by JSON.


FROM: 358693332
CHAT: -1001102699227
TEXT: @Chrisccr

[Monday, 22 January 2018 at 17:25:31]
./methods.lua:382: type 'function' is not supported by JSON.


FROM: 15898577
CHAT: -1001102699227
TEXT: @SumajestadelpapadeRoma

[Monday, 22 January 2018 at 17:29:04]
./methods.lua:382: type 'function' is not supported by JSON.


FROM: 358693332
CHAT: -1001102699227
TEXT: @AtrocityExhibition

[Monday, 22 January 2018 at 17:44:29]
./methods.lua:382: type 'function' is not supported by JSON.


FROM: 15898577
CHAT: -1001102699227
TEXT: @Chrisccr

[Monday, 22 January 2018 at 17:46:54]
./methods.lua:382: type 'function' is not supported by JSON.


FROM: 15898577
CHAT: -1001102699227
TEXT: @Chrisccr

[Monday, 22 January 2018 at 17:48:11]
./methods.lua:382: type 'function' is not supported by JSON.


FROM: 438850425
CHAT: -1001102699227
TEXT: @TheBlackMigui

[Monday, 22 January 2018 at 17:57:54]
./methods.lua:382: type 'function' is not supported by JSON.


FROM: 406209943
CHAT: -1001102699227
TEXT: @ulapa

[Monday, 22 January 2018 at 18:04:08]
./methods.lua:382: type 'function' is not supported by JSON.


FROM: 334148077
CHAT: -1001102699227
TEXT: @ulapa

[Monday, 22 January 2018 at 18:05:06]
./methods.lua:382: type 'function' is not supported by JSON.


FROM: 334148077
CHAT: -1001102699227
TEXT: @UR0BOR0S

[Monday, 22 January 2018 at 18:35:54]
./methods.lua:382: type 'function' is not supported by JSON.


FROM: 401422605
CHAT: -1001229718027
TEXT: @Reyes0788

[Monday, 22 January 2018 at 18:36:29]
./methods.lua:382: type 'function' is not supported by JSON.


FROM: 406209943
CHAT: -1001102699227
TEXT: @jojoyang

[Monday, 22 January 2018 at 18:49:36]
./methods.lua:382: type 'function' is not supported by JSON.


FROM: 526903511
CHAT: -1001075364191
TEXT: @FlojeadorCompulsivo

[Monday, 22 January 2018 at 19:59:51]
./methods.lua:382: type 'function' is not supported by JSON.


FROM: 425104967
CHAT: -1001102699227
TEXT: @Chrisccr

[Monday, 22 January 2018 at 20:36:28]
./methods.lua:382: type 'function' is not supported by JSON.


FROM: 173952879
CHAT: -1001071541329
TEXT: @ApartaSoyMedico

[Monday, 22 January 2018 at 20:39:22]
./methods.lua:382: type 'function' is not supported by JSON.


FROM: 351822062
CHAT: -1001065848402
TEXT: @MaaGoo

[Monday, 22 January 2018 at 21:06:14]
./methods.lua:382: type 'function' is not supported by JSON.


FROM: 46891684
CHAT: -1001112595265
TEXT: @TocandoleLaJaleaAlaVida

[Monday, 22 January 2018 at 23:05:03]
./methods.lua:382: type 'function' is not supported by JSON.


FROM: 335146976
CHAT: -1001112595265
TEXT: @SigSauerP226

[Monday, 22 January 2018 at 23:11:57]
./methods.lua:382: type 'function' is not supported by JSON.


FROM: 335146976
CHAT: -1001112595265
TEXT: @nucleoterco

[Monday, 22 January 2018 at 23:32:37]
./methods.lua:382: type 'function' is not supported by JSON.


FROM: 464192592
CHAT: -1001112595265
TEXT: @nucleoterco

[Tuesday, 23 January 2018 at 00:28:13]
./methods.lua:382: type 'function' is not supported by JSON.


FROM: 292858800
CHAT: -1001112595265
TEXT: @SigSauerP226

[Tuesday, 23 January 2018 at 01:19:31]
./methods.lua:382: type 'function' is not supported by JSON.


FROM: 426354271
CHAT: -1001075364191
TEXT: @MrDepressive

[Tuesday, 23 January 2018 at 01:43:59]
./methods.lua:382: type 'function' is not supported by JSON.


FROM: 303900360
CHAT: -1001102699227
TEXT: @Yanifarmeo

[Tuesday, 23 January 2018 at 02:30:51]
./methods.lua:382: type 'function' is not supported by JSON.


FROM: 292858800
CHAT: -1001112595265
TEXT: @Lukiyas3

[Tuesday, 23 January 2018 at 09:21:30]
./methods.lua:382: type 'function' is not supported by JSON.


FROM: 15898577
CHAT: -1001102699227
TEXT: @TheBlackMigui

[Tuesday, 23 January 2018 at 09:43:00]
./methods.lua:382: type 'function' is not supported by JSON.


FROM: 116209485
CHAT: -1001102699227
TEXT: @TheBlackMigui

[Tuesday, 23 January 2018 at 09:51:45]
./methods.lua:382: type 'function' is not supported by JSON.


FROM: 46622136
CHAT: -1001303761257
TEXT: @hanni3al

[Tuesday, 23 January 2018 at 10:16:35]
./methods.lua:382: type 'function' is not supported by JSON.


FROM: 406209943
CHAT: -1001102699227
TEXT: @Crosis

[Tuesday, 23 January 2018 at 11:57:41]
./methods.lua:382: type 'function' is not supported by JSON.


FROM: 358693332
CHAT: -1001102699227
TEXT: @Blanchefleures

[Tuesday, 23 January 2018 at 12:08:59]
./methods.lua:382: type 'function' is not supported by JSON.


FROM: 464192592
CHAT: -1001112595265
TEXT: @Sersexual

[Tuesday, 23 January 2018 at 13:06:05]
./methods.lua:382: type 'function' is not supported by JSON.


FROM: 46891684
CHAT: -1001112595265
TEXT: @TocandoleLaJaleaAlaVida

[Tuesday, 23 January 2018 at 13:10:26]
./methods.lua:382: type 'function' is not supported by JSON.


FROM: 464192592
CHAT: -1001112595265
TEXT: @AlifMurito

[Tuesday, 23 January 2018 at 14:53:37]
./methods.lua:382: type 'function' is not supported by JSON.


FROM: 244596600
CHAT: -1001102699227
TEXT: @Celtus99

[Tuesday, 23 January 2018 at 15:30:54]
./methods.lua:382: type 'function' is not supported by JSON.


FROM: 116209485
CHAT: -1001102699227
TEXT: @LilOsnu

[Tuesday, 23 January 2018 at 15:32:19]
./methods.lua:382: type 'function' is not supported by JSON.


FROM: 116209485
CHAT: -1001102699227
TEXT: @AtrocityExhibition

[Tuesday, 23 January 2018 at 15:51:25]
./methods.lua:382: type 'function' is not supported by JSON.


FROM: 393794156
CHAT: -1001102699227
TEXT: @UR0BOR0S

[Tuesday, 23 January 2018 at 17:19:10]
./methods.lua:382: type 'function' is not supported by JSON.


FROM: 393794156
CHAT: -1001102699227
TEXT: @SergiodelGarden

[Tuesday, 23 January 2018 at 17:57:57]
./methods.lua:382: type 'function' is not supported by JSON.


FROM: 244596600
CHAT: -1001102699227
TEXT: @UR0BOR0S

[Tuesday, 23 January 2018 at 18:20:55]
./methods.lua:382: type 'function' is not supported by JSON.


FROM: 15898577
CHAT: -1001102699227
TEXT: @NaziRuso

[Tuesday, 23 January 2018 at 18:24:44]
./methods.lua:382: type 'function' is not supported by JSON.


FROM: 438850425
CHAT: -1001102699227
TEXT: @UR0BOR0S

[Tuesday, 23 January 2018 at 19:35:55]
./methods.lua:382: type 'function' is not supported by JSON.


FROM: 244596600
CHAT: -1001102699227
TEXT: @ItamiSchuyler

[Tuesday, 23 January 2018 at 20:01:14]
./methods.lua:382: type 'function' is not supported by JSON.


FROM: 370120752
CHAT: -1001229718027
TEXT: @Baura28

[Tuesday, 23 January 2018 at 20:04:46]
./methods.lua:382: type 'function' is not supported by JSON.


FROM: 370120752
CHAT: -1001229718027
TEXT: @LEVG17

[Tuesday, 23 January 2018 at 20:04:55]
./methods.lua:382: type 'function' is not supported by JSON.


FROM: 263755409
CHAT: -1001229718027
TEXT: @Nighttrain2

[Tuesday, 23 January 2018 at 20:07:40]
./methods.lua:382: type 'function' is not supported by JSON.


FROM: 97715827
CHAT: -1001229718027
TEXT: @EveryBodyOnHp

[Tuesday, 23 January 2018 at 20:14:37]
./methods.lua:382: type 'function' is not supported by JSON.


FROM: 425585138
CHAT: -1001229718027
TEXT: @dan9898

[Tuesday, 23 January 2018 at 20:20:09]
./methods.lua:382: type 'function' is not supported by JSON.


FROM: 153648605
CHAT: -1001229718027
TEXT: @crazyqueen2

[Tuesday, 23 January 2018 at 20:33:42]
./methods.lua:382: type 'function' is not supported by JSON.


FROM: 359093416
CHAT: -1001229718027
TEXT: @dan9898

[Tuesday, 23 January 2018 at 20:49:04]
./methods.lua:382: type 'function' is not supported by JSON.


FROM: 370120752
CHAT: -1001229718027
TEXT: @MagikSol

[Tuesday, 23 January 2018 at 22:35:36]
./methods.lua:382: type 'function' is not supported by JSON.


FROM: 292858800
CHAT: -1001112595265
TEXT: @Lukiyas3

[Wednesday, 24 January 2018 at 01:10:23]
./methods.lua:382: type 'function' is not supported by JSON.


FROM: 377674083
CHAT: -1001207646253
TEXT: @Lukaku16

[Wednesday, 24 January 2018 at 01:56:48]
./methods.lua:382: type 'function' is not supported by JSON.


FROM: 406209943
CHAT: -1001102699227
TEXT: @Celtus99

[Wednesday, 24 January 2018 at 05:51:25]
./methods.lua:382: type 'function' is not supported by JSON.


FROM: 292858800
CHAT: -1001112595265
TEXT: @Lukiyas3

[Wednesday, 24 January 2018 at 07:53:15]
./methods.lua:382: type 'function' is not supported by JSON.


FROM: 354584022
CHAT: -1001102699227
TEXT: @Chrisccr

[Wednesday, 24 January 2018 at 11:07:21]
./methods.lua:382: type 'function' is not supported by JSON.


FROM: 244596600
CHAT: -1001102699227
TEXT: @Noah_HAHAHA

[Wednesday, 24 January 2018 at 11:17:18]
./methods.lua:382: type 'function' is not supported by JSON.


FROM: 263755409
CHAT: -1001229718027
TEXT: @Meaf75

[Wednesday, 24 January 2018 at 11:18:07]
./methods.lua:382: type 'function' is not supported by JSON.


FROM: 263755409
CHAT: -1001229718027
TEXT: @MagikSol

[Wednesday, 24 January 2018 at 11:47:23]
./methods.lua:382: type 'function' is not supported by JSON.


FROM: 116209485
CHAT: -1001102699227
TEXT: @judrv

[Wednesday, 24 January 2018 at 11:52:56]
./methods.lua:382: type 'function' is not supported by JSON.


FROM: 116209485
CHAT: -1001102699227
TEXT: @Blanchefleures

[Wednesday, 24 January 2018 at 11:57:34]
./methods.lua:382: type 'function' is not supported by JSON.


FROM: 116209485
CHAT: -1001102699227
TEXT: @Blanchefleures

[Wednesday, 24 January 2018 at 11:59:32]
./methods.lua:382: type 'function' is not supported by JSON.


FROM: 116209485
CHAT: -1001102699227
TEXT: @Blanchefleures

[Wednesday, 24 January 2018 at 12:09:28]
./methods.lua:382: type 'function' is not supported by JSON.


FROM: 116209485
CHAT: -1001102699227
TEXT: @Blanchefleures

[Wednesday, 24 January 2018 at 12:27:18]
./methods.lua:382: type 'function' is not supported by JSON.


FROM: 401422605
CHAT: -1001229718027
TEXT: @Siempre_tuya

[Wednesday, 24 January 2018 at 12:38:42]
./methods.lua:382: type 'function' is not supported by JSON.


FROM: 406209943
CHAT: -1001102699227
TEXT: @ulapa

[Wednesday, 24 January 2018 at 13:59:48]
./methods.lua:382: type 'function' is not supported by JSON.


FROM: 510276405
CHAT: -1001108628160
TEXT: @Zoe8877

[Wednesday, 24 January 2018 at 14:17:31]
./methods.lua:382: type 'function' is not supported by JSON.


FROM: 244596600
CHAT: -1001102699227
TEXT: @Noah_HAHAHA

[Wednesday, 24 January 2018 at 14:23:26]
./methods.lua:382: type 'function' is not supported by JSON.


FROM: 244596600
CHAT: -1001102699227
TEXT: @TroyboiNBC

[Wednesday, 24 January 2018 at 14:34:58]
./methods.lua:382: type 'function' is not supported by JSON.


FROM: 334148077
CHAT: -1001102699227
TEXT: @UR0BOR0S

[Wednesday, 24 January 2018 at 14:47:24]
./methods.lua:382: type 'function' is not supported by JSON.


FROM: 244596600
CHAT: -1001102699227
TEXT: @SamiRiok

[Wednesday, 24 January 2018 at 14:56:26]
./methods.lua:382: type 'function' is not supported by JSON.


FROM: 15898577
CHAT: -1001102699227
TEXT: @UR0BOR0S

[Wednesday, 24 January 2018 at 15:04:46]
./methods.lua:382: type 'function' is not supported by JSON.


FROM: 396809458
CHAT: -1001075364191
TEXT: @Xivalvrien

[Wednesday, 24 January 2018 at 15:32:26]
./methods.lua:382: type 'function' is not supported by JSON.


FROM: 188289054
CHAT: -1001108628160
TEXT: @chikamala

[Wednesday, 24 January 2018 at 16:04:50]
./methods.lua:382: type 'function' is not supported by JSON.


FROM: 354584022
CHAT: -1001102699227
TEXT: @LilOsnu

[Wednesday, 24 January 2018 at 16:24:36]
./methods.lua:382: type 'function' is not supported by JSON.


FROM: 354584022
CHAT: -1001102699227
TEXT: @UR0BOR0S

[Wednesday, 24 January 2018 at 16:27:30]
./methods.lua:382: type 'function' is not supported by JSON.


FROM: 354584022
CHAT: -1001102699227
TEXT: @judrv

[Wednesday, 24 January 2018 at 16:28:47]
./methods.lua:382: type 'function' is not supported by JSON.


FROM: 383979755
CHAT: -1001102699227
TEXT: @Chrisccr

[Wednesday, 24 January 2018 at 16:29:02]
./methods.lua:382: type 'function' is not supported by JSON.


FROM: 354584022
CHAT: -1001102699227
TEXT: @judrv

[Wednesday, 24 January 2018 at 16:49:31]
./methods.lua:382: type 'function' is not supported by JSON.


FROM: 444110392
CHAT: -1001102699227
TEXT: @TheBlackMigui

[Wednesday, 24 January 2018 at 17:08:21]
./methods.lua:382: type 'function' is not supported by JSON.


FROM: 15898577
CHAT: -1001102699227
TEXT: @SumajestadelpapadeRoma

[Wednesday, 24 January 2018 at 17:35:35]
./methods.lua:382: type 'function' is not supported by JSON.


FROM: 233698016
CHAT: -1001102699227
TEXT: @ulapa

[Wednesday, 24 January 2018 at 18:53:11]
./methods.lua:382: type 'function' is not supported by JSON.


FROM: 244596600
CHAT: -1001102699227
TEXT: @TroyboiNBC

[Wednesday, 24 January 2018 at 18:59:52]
./methods.lua:382: type 'function' is not supported by JSON.


FROM: 542751543
CHAT: -1001102699227
TEXT: @NaziRuso

[Wednesday, 24 January 2018 at 19:06:10]
./methods.lua:382: type 'function' is not supported by JSON.


FROM: 244596600
CHAT: -1001102699227
TEXT: @Celtus99

[Wednesday, 24 January 2018 at 19:12:11]
./methods.lua:382: type 'function' is not supported by JSON.


FROM: 244596600
CHAT: -1001102699227
TEXT: @AtrocityExhibition

[Wednesday, 24 January 2018 at 19:17:40]
./methods.lua:382: type 'function' is not supported by JSON.


FROM: 244596600
CHAT: -1001102699227
TEXT: @DjRafax

[Wednesday, 24 January 2018 at 19:23:23]
./methods.lua:382: type 'function' is not supported by JSON.


FROM: 354584022
CHAT: -1001102699227
TEXT: @jojoyang

[Wednesday, 24 January 2018 at 19:35:38]
./methods.lua:382: type 'function' is not supported by JSON.


FROM: 393794156
CHAT: -1001102699227
TEXT: @TheBlackMigui

[Wednesday, 24 January 2018 at 19:35:46]
./methods.lua:382: type 'function' is not supported by JSON.


FROM: 354584022
CHAT: -1001102699227
TEXT: @TheBlackMigui

[Wednesday, 24 January 2018 at 19:43:47]
./methods.lua:382: type 'function' is not supported by JSON.


FROM: 425104967
CHAT: -1001102699227
TEXT: @UR0BOR0S

[Wednesday, 24 January 2018 at 22:49:16]
./methods.lua:382: type 'function' is not supported by JSON.


FROM: 464192592
CHAT: -1001112595265
TEXT: @nucleoterco

[Thursday, 25 January 2018 at 04:40:31]
./methods.lua:382: type 'function' is not supported by JSON.


FROM: 407961725
CHAT: -1001102699227
TEXT: @DjRafax

[Thursday, 25 January 2018 at 08:16:31]
./methods.lua:382: type 'function' is not supported by JSON.


FROM: 116209485
CHAT: -1001102699227
TEXT: @eroduck

[Thursday, 25 January 2018 at 08:53:03]
./methods.lua:382: type 'function' is not supported by JSON.


FROM: 406209943
CHAT: -1001102699227
TEXT: @SergiodelGarden

[Thursday, 25 January 2018 at 08:59:14]
./methods.lua:382: type 'function' is not supported by JSON.


FROM: 116209485
CHAT: -1001102699227
TEXT: @AtrocityExhibition

[Thursday, 25 January 2018 at 10:40:54]
./methods.lua:382: type 'function' is not supported by JSON.


FROM: 401422605
CHAT: -1001229718027
TEXT: @Monti999

[Thursday, 25 January 2018 at 13:13:49]
./methods.lua:382: type 'function' is not supported by JSON.


FROM: 334148077
CHAT: -1001102699227
TEXT: @UR0BOR0S

[Thursday, 25 January 2018 at 16:42:02]
./methods.lua:382: type 'function' is not supported by JSON.


FROM: 369709544
CHAT: -1001102699227
TEXT: @Chrisccr

[Thursday, 25 January 2018 at 16:45:50]
./methods.lua:382: type 'function' is not supported by JSON.


FROM: 244596600
CHAT: -1001102699227
TEXT: @ItamiSchuyler

[Thursday, 25 January 2018 at 16:49:07]
./methods.lua:382: type 'function' is not supported by JSON.


FROM: 244596600
CHAT: -1001102699227
TEXT: @RetAngellus

[Thursday, 25 January 2018 at 17:08:25]
./methods.lua:382: type 'function' is not supported by JSON.


FROM: 244596600
CHAT: -1001102699227
TEXT: @Blanchefleures

[Thursday, 25 January 2018 at 17:11:25]
./methods.lua:382: type 'function' is not supported by JSON.


FROM: 244596600
CHAT: -1001102699227
TEXT: @Sherry08

[Thursday, 25 January 2018 at 17:13:09]
./methods.lua:382: type 'function' is not supported by JSON.


FROM: 244596600
CHAT: -1001102699227
TEXT: @Mcgdiamond

[Thursday, 25 January 2018 at 17:14:00]
./methods.lua:382: type 'function' is not supported by JSON.


FROM: 244596600
CHAT: -1001102699227
TEXT: @Mcgdiamond

[Thursday, 25 January 2018 at 17:18:56]
./methods.lua:382: type 'function' is not supported by JSON.


FROM: 244596600
CHAT: -1001102699227
TEXT: @Sherry08

[Thursday, 25 January 2018 at 17:29:02]
./methods.lua:382: type 'function' is not supported by JSON.


FROM: 244596600
CHAT: -1001102699227
TEXT: @ulapa

[Thursday, 25 January 2018 at 17:38:33]
./methods.lua:382: type 'function' is not supported by JSON.


FROM: 244596600
CHAT: -1001102699227
TEXT: @ulapa

[Thursday, 25 January 2018 at 17:39:33]
./methods.lua:382: type 'function' is not supported by JSON.


FROM: 244596600
CHAT: -1001102699227
TEXT: @SumajestadelpapadeRoma

[Thursday, 25 January 2018 at 17:39:36]
./methods.lua:382: type 'function' is not supported by JSON.


FROM: 244596600
CHAT: -1001102699227
TEXT: @judrv

[Thursday, 25 January 2018 at 17:45:25]
./methods.lua:382: type 'function' is not supported by JSON.


FROM: 46622136
CHAT: -1001303761257
TEXT: @xinor

[Thursday, 25 January 2018 at 17:45:56]
./methods.lua:382: type 'function' is not supported by JSON.


FROM: 334148077
CHAT: -1001102699227
TEXT: @TheBlackMigui

[Thursday, 25 January 2018 at 18:00:37]
./methods.lua:382: type 'function' is not supported by JSON.


FROM: 393794156
CHAT: -1001102699227
TEXT: @UR0BOR0S

[Thursday, 25 January 2018 at 20:05:32]
./methods.lua:382: type 'function' is not supported by JSON.


FROM: 173952879
CHAT: -1001071541329
TEXT: @ApartaSoyMedico

[Thursday, 25 January 2018 at 20:41:10]
./methods.lua:382: type 'function' is not supported by JSON.


FROM: 102455178
CHAT: -1001112595265
TEXT: @luisromero1

[Thursday, 25 January 2018 at 21:50:13]
./methods.lua:382: type 'function' is not supported by JSON.


FROM: 273627066
CHAT: -1001075364191
TEXT: @Draaaaaaaven

[Thursday, 25 January 2018 at 21:50:25]
./methods.lua:382: type 'function' is not supported by JSON.


FROM: 273627066
CHAT: -1001075364191
TEXT: @Xivalvrien

[Thursday, 25 January 2018 at 21:51:45]
./methods.lua:382: type 'function' is not supported by JSON.


FROM: 464192592
CHAT: -1001112595265
TEXT: @AlifMurito

[Thursday, 25 January 2018 at 23:03:07]
./methods.lua:382: type 'function' is not supported by JSON.


FROM: 454528078
CHAT: -1001075364191
TEXT: @ConchaDTomate

[Friday, 26 January 2018 at 01:53:46]
./methods.lua:382: type 'function' is not supported by JSON.


FROM: 426354271
CHAT: -1001075364191
TEXT: @Xivalvrien

[Friday, 26 January 2018 at 07:35:37]
./methods.lua:382: type 'function' is not supported by JSON.


FROM: 116209485
CHAT: -1001102699227
TEXT: @ulapa

[Friday, 26 January 2018 at 08:00:51]
./methods.lua:382: type 'function' is not supported by JSON.


FROM: 116209485
CHAT: -1001102699227
TEXT: @Blanchefleures

[Friday, 26 January 2018 at 08:14:50]
./methods.lua:382: type 'function' is not supported by JSON.


FROM: 440494928
CHAT: -1001112595265
TEXT: @AlifMurito

[Friday, 26 January 2018 at 08:34:36]
./methods.lua:382: type 'function' is not supported by JSON.


FROM: 401422605
CHAT: -1001229718027
TEXT: @DovahkiinYT

[Friday, 26 January 2018 at 08:43:16]
./methods.lua:382: type 'function' is not supported by JSON.


FROM: 383979755
CHAT: -1001102699227
TEXT: @ulapa

[Friday, 26 January 2018 at 10:22:38]
./methods.lua:382: type 'function' is not supported by JSON.


FROM: 191991752
CHAT: -1001229718027
TEXT: @TheKingAndLord

[Friday, 26 January 2018 at 14:15:30]
./methods.lua:382: type 'function' is not supported by JSON.


FROM: 401422605
CHAT: -1001229718027
TEXT: @Siempre_tuya

[Friday, 26 January 2018 at 14:15:35]
./methods.lua:382: type 'function' is not supported by JSON.


FROM: 401422605
CHAT: -1001229718027
TEXT: @Gabedion

[Friday, 26 January 2018 at 14:16:22]
./methods.lua:382: type 'function' is not supported by JSON.


FROM: 401422605
CHAT: -1001229718027
TEXT: @EveryBodyOnHp

[Friday, 26 January 2018 at 14:16:27]
./methods.lua:382: type 'function' is not supported by JSON.


FROM: 401422605
CHAT: -1001229718027
TEXT: @DovahkiinYT

[Friday, 26 January 2018 at 14:16:30]
./methods.lua:382: type 'function' is not supported by JSON.


FROM: 401422605
CHAT: -1001229718027
TEXT: @L_daniel_R

[Friday, 26 January 2018 at 14:51:17]
./methods.lua:382: type 'function' is not supported by JSON.


FROM: 116209485
CHAT: -1001102699227
TEXT: @Blanchefleures

[Friday, 26 January 2018 at 14:51:21]
./methods.lua:382: type 'function' is not supported by JSON.


FROM: 116209485
CHAT: -1001102699227
TEXT: @Blanchefleures

[Friday, 26 January 2018 at 15:03:19]
./methods.lua:382: type 'function' is not supported by JSON.


FROM: 393794156
CHAT: -1001102699227
TEXT: @AtrocityExhibition

[Friday, 26 January 2018 at 15:56:12]
./methods.lua:382: type 'function' is not supported by JSON.


FROM: 396809458
CHAT: -1001075364191
TEXT: @Cuandoestornudodigoichis

[Friday, 26 January 2018 at 16:37:56]
./methods.lua:382: type 'function' is not supported by JSON.


FROM: 454156697
CHAT: -1001139537460
TEXT: @qepasa

[Friday, 26 January 2018 at 18:19:13]
./methods.lua:382: type 'function' is not supported by JSON.


FROM: 369709544
CHAT: -1001102699227
TEXT: @Chrisccr

[Friday, 26 January 2018 at 18:42:57]
./methods.lua:382: type 'function' is not supported by JSON.


FROM: 244596600
CHAT: -1001102699227
TEXT: @judrv

[Friday, 26 January 2018 at 19:30:55]
./methods.lua:382: type 'function' is not supported by JSON.


FROM: 354584022
CHAT: -1001102699227
TEXT: @Chrisccr

[Friday, 26 January 2018 at 20:44:05]
./methods.lua:382: type 'function' is not supported by JSON.


FROM: 396809458
CHAT: -1001075364191
TEXT: @MarioTorahiko

[Friday, 26 January 2018 at 21:17:36]
./methods.lua:382: type 'function' is not supported by JSON.


FROM: 289606250
CHAT: -1001108628160
TEXT: @Vukos

[Saturday, 27 January 2018 at 00:54:47]
./methods.lua:382: type 'function' is not supported by JSON.


FROM: 181141045
CHAT: -1001065848402
TEXT: @Toreto2017

[Saturday, 27 January 2018 at 01:27:27]
./methods.lua:382: type 'function' is not supported by JSON.


FROM: 198809262
CHAT: -1001075364191
TEXT: @EverChaos17

[Saturday, 27 January 2018 at 05:21:19]
./methods.lua:382: type 'function' is not supported by JSON.


FROM: 15898577
CHAT: -1001102699227
TEXT: @Chrisccr

[Saturday, 27 January 2018 at 06:33:38]
./methods.lua:382: type 'function' is not supported by JSON.


FROM: 438850425
CHAT: -1001102699227
TEXT: @SergiodelGarden

[Saturday, 27 January 2018 at 07:56:49]
./methods.lua:382: type 'function' is not supported by JSON.


FROM: 297029960
CHAT: -1001073045148
TEXT: @rcoiris

[Saturday, 27 January 2018 at 08:10:52]
./methods.lua:382: type 'function' is not supported by JSON.


FROM: 407961725
CHAT: -1001102699227
TEXT: @AtrocityExhibition

[Saturday, 27 January 2018 at 08:21:43]
./methods.lua:382: type 'function' is not supported by JSON.


FROM: 268525190
CHAT: -1001065848402
TEXT: @MENHACK

[Saturday, 27 January 2018 at 08:28:30]
./methods.lua:382: type 'function' is not supported by JSON.


FROM: 15898577
CHAT: -1001102699227
TEXT: @TheBlackMigui

[Saturday, 27 January 2018 at 08:58:02]
./methods.lua:382: type 'function' is not supported by JSON.


FROM: 292858800
CHAT: -1001112595265
TEXT: @Santi4ago

[Saturday, 27 January 2018 at 09:05:42]
./methods.lua:382: type 'function' is not supported by JSON.


FROM: 292858800
CHAT: -1001112595265
TEXT: @SigSauerP226

[Saturday, 27 January 2018 at 11:54:35]
./methods.lua:382: type 'function' is not supported by JSON.


FROM: 358693332
CHAT: -1001102699227
TEXT: @AtrocityExhibition

[Saturday, 27 January 2018 at 11:58:50]
./methods.lua:382: type 'function' is not supported by JSON.


FROM: 292858800
CHAT: -1001112595265
TEXT: @SigSauerP226

[Saturday, 27 January 2018 at 13:18:17]
./methods.lua:382: type 'function' is not supported by JSON.


FROM: 116209485
CHAT: -1001102699227
TEXT: @LilOsnu

[Saturday, 27 January 2018 at 13:48:31]
./methods.lua:382: type 'function' is not supported by JSON.


FROM: 402250991
CHAT: -1001229718027
TEXT: @ZahiManMod

[Saturday, 27 January 2018 at 13:49:23]
./methods.lua:382: type 'function' is not supported by JSON.


FROM: 402250991
CHAT: -1001229718027
TEXT: @GabrielLince

[Saturday, 27 January 2018 at 14:51:50]
./methods.lua:382: type 'function' is not supported by JSON.


FROM: 3037159
CHAT: -1001382383145
TEXT: @Ignax_0

[Saturday, 27 January 2018 at 14:52:04]
./methods.lua:382: type 'function' is not supported by JSON.


FROM: 406209943
CHAT: -1001102699227
TEXT: @ulapa

[Saturday, 27 January 2018 at 15:53:35]
./methods.lua:382: type 'function' is not supported by JSON.


FROM: 383979755
CHAT: -1001102699227
TEXT: @judrv

[Saturday, 27 January 2018 at 16:17:08]
./methods.lua:382: type 'function' is not supported by JSON.


FROM: 396809458
CHAT: -1001075364191
TEXT: @Xivalvrien

[Saturday, 27 January 2018 at 18:08:49]
./methods.lua:382: type 'function' is not supported by JSON.


FROM: 406209943
CHAT: -1001102699227
TEXT: @ulapa

[Saturday, 27 January 2018 at 20:02:55]
./methods.lua:382: type 'function' is not supported by JSON.


FROM: 15898577
CHAT: -1001102699227
TEXT: @TheBlackMigui

[Saturday, 27 January 2018 at 20:54:08]
./methods.lua:382: type 'function' is not supported by JSON.


FROM: 466593301
CHAT: -1001065848402
TEXT: @Kick1234

[Saturday, 27 January 2018 at 21:12:42]
./methods.lua:382: type 'function' is not supported by JSON.


FROM: 364960167
CHAT: -1001229718027
TEXT: @FlojeadorCompulsivo

[Saturday, 27 January 2018 at 21:23:36]
./methods.lua:382: type 'function' is not supported by JSON.


FROM: 134696069
CHAT: -1001229718027
TEXT: @LEVG17

[Sunday, 28 January 2018 at 05:38:07]
./methods.lua:382: type 'function' is not supported by JSON.


FROM: 334148077
CHAT: -1001102699227
TEXT: @Mcgdiamond

[Sunday, 28 January 2018 at 06:05:04]
./methods.lua:382: type 'function' is not supported by JSON.


FROM: 337692639
CHAT: -1001112595265
TEXT: @AlifMurita

[Sunday, 28 January 2018 at 06:18:08]
./methods.lua:382: type 'function' is not supported by JSON.


FROM: 358693332
CHAT: -1001102699227
TEXT: @judrv

[Sunday, 28 January 2018 at 06:56:53]
./methods.lua:382: type 'function' is not supported by JSON.


FROM: 244596600
CHAT: -1001102699227
TEXT: @Chrisccr

[Sunday, 28 January 2018 at 07:07:43]
./methods.lua:382: type 'function' is not supported by JSON.


FROM: 244596600
CHAT: -1001102699227
TEXT: @TroyboiNBC

[Sunday, 28 January 2018 at 07:19:55]
./methods.lua:382: type 'function' is not supported by JSON.


FROM: 334148077
CHAT: -1001102699227
TEXT: @TheBlackMigui

[Sunday, 28 January 2018 at 07:37:18]
./methods.lua:382: type 'function' is not supported by JSON.


FROM: 244596600
CHAT: -1001102699227
TEXT: @ItamiSchuyler

[Sunday, 28 January 2018 at 09:40:41]
./methods.lua:382: type 'function' is not supported by JSON.


FROM: 15898577
CHAT: -1001102699227
TEXT: @Mcgdiamond

[Sunday, 28 January 2018 at 11:05:58]
./methods.lua:382: type 'function' is not supported by JSON.


FROM: 181752157
CHAT: -1001102699227
TEXT: @Chrisccr

[Sunday, 28 January 2018 at 11:17:13]
./methods.lua:382: type 'function' is not supported by JSON.


FROM: 510276405
CHAT: -1001108628160
TEXT: @Pepelepu08

[Sunday, 28 January 2018 at 11:26:25]
./methods.lua:382: type 'function' is not supported by JSON.


FROM: 510276405
CHAT: -1001108628160
TEXT: @Pepelepu08

[Sunday, 28 January 2018 at 12:41:33]
./methods.lua:382: type 'function' is not supported by JSON.


FROM: 116209485
CHAT: -1001102699227
TEXT: @Blanchefleures

[Sunday, 28 January 2018 at 12:43:05]
./methods.lua:382: type 'function' is not supported by JSON.


FROM: 116209485
CHAT: -1001102699227
TEXT: @Blanchefleures

[Sunday, 28 January 2018 at 15:04:34]
./methods.lua:382: type 'function' is not supported by JSON.


FROM: 244596600
CHAT: -1001102699227
TEXT: @burgesopresor

[Sunday, 28 January 2018 at 15:19:23]
./methods.lua:382: type 'function' is not supported by JSON.


FROM: 116209485
CHAT: -1001102699227
TEXT: @TheBlackMigui

[Sunday, 28 January 2018 at 16:00:28]
./methods.lua:382: type 'function' is not supported by JSON.


FROM: 116209485
CHAT: -1001102699227
TEXT: @SamiRiok

[Sunday, 28 January 2018 at 16:16:46]
./methods.lua:382: type 'function' is not supported by JSON.


FROM: 358693332
CHAT: -1001102699227
TEXT: @DjRafax

[Sunday, 28 January 2018 at 16:19:03]
./methods.lua:382: type 'function' is not supported by JSON.


FROM: 116209485
CHAT: -1001102699227
TEXT: @NaziRuso

[Sunday, 28 January 2018 at 16:28:57]
./methods.lua:382: type 'function' is not supported by JSON.


FROM: 358693332
CHAT: -1001102699227
TEXT: @UR0BOR0S

[Sunday, 28 January 2018 at 16:53:36]
./methods.lua:382: type 'function' is not supported by JSON.


FROM: 393794156
CHAT: -1001102699227
TEXT: @Chrisccr

[Sunday, 28 January 2018 at 17:30:50]
./methods.lua:382: type 'function' is not supported by JSON.


FROM: 244596600
CHAT: -1001102699227
TEXT: @SamiRiok

[Sunday, 28 January 2018 at 17:39:59]
./methods.lua:382: type 'function' is not supported by JSON.


FROM: 383979755
CHAT: -1001102699227
TEXT: @judrv

[Sunday, 28 January 2018 at 17:40:13]
./methods.lua:382: type 'function' is not supported by JSON.


FROM: 383979755
CHAT: -1001102699227
TEXT: @TheBlackMigui

[Sunday, 28 January 2018 at 18:04:24]
./methods.lua:382: type 'function' is not supported by JSON.


FROM: 15898577
CHAT: -1001102699227
TEXT: @TheBlackMigui

[Sunday, 28 January 2018 at 18:07:52]
./methods.lua:382: type 'function' is not supported by JSON.


FROM: 509537063
CHAT: -1001102699227
TEXT: @TheBlackMigui

[Sunday, 28 January 2018 at 18:33:36]
./methods.lua:382: type 'function' is not supported by JSON.


FROM: 369709544
CHAT: -1001102699227
TEXT: @Chrisccr

[Sunday, 28 January 2018 at 20:53:04]
./methods.lua:382: type 'function' is not supported by JSON.


FROM: 540430762
CHAT: -1001073045148
TEXT: @Animeamino

[Sunday, 28 January 2018 at 21:07:44]
./methods.lua:382: type 'function' is not supported by JSON.


FROM: 510276405
CHAT: -1001108628160
TEXT: @Tairoosham

[Monday, 29 January 2018 at 06:25:05]
./methods.lua:382: type 'function' is not supported by JSON.


FROM: 334148077
CHAT: -1001102699227
TEXT: @MiauUnderwood

[Monday, 29 January 2018 at 06:44:41]
./methods.lua:382: type 'function' is not supported by JSON.


FROM: 495411098
CHAT: -1001102699227
TEXT: @DjRafax

[Monday, 29 January 2018 at 08:40:10]
./methods.lua:382: type 'function' is not supported by JSON.


FROM: 116209485
CHAT: -1001102699227
TEXT: @eroduck

[Monday, 29 January 2018 at 08:44:43]
./methods.lua:382: type 'function' is not supported by JSON.


FROM: 116209485
CHAT: -1001102699227
TEXT: @PinkySama

[Monday, 29 January 2018 at 08:59:34]
./methods.lua:382: attempt to call field 'escape' (a nil value)


FROM: 250301329
CHAT: -1001081880667
TEXT: /help

[Monday, 29 January 2018 at 08:59:38]
./methods.lua:382: attempt to call field 'escape' (a nil value)


FROM: 250301329
CHAT: -1001081880667
TEXT: /menu

[Monday, 29 January 2018 at 09:01:00]
./methods.lua:382: attempt to call field 'escape' (a nil value)


FROM: 250301329
CHAT: -1001081880667
TEXT: /menu

[Monday, 29 January 2018 at 09:01:03]
./methods.lua:382: attempt to call field 'escape' (a nil value)


FROM: 250301329
CHAT: -1001081880667
TEXT: /menu

[Monday, 29 January 2018 at 09:01:05]
./methods.lua:382: attempt to call field 'escape' (a nil value)


FROM: 250301329
CHAT: -1001081880667
TEXT: /menu

[Monday, 29 January 2018 at 09:01:05]
./methods.lua:382: attempt to call field 'escape' (a nil value)


FROM: 250301329
CHAT: -1001081880667
TEXT: /menu

[Monday, 29 January 2018 at 09:02:17]
./methods.lua:382: type 'function' is not supported by JSON.


FROM: 349811635
CHAT: -1001102699227
TEXT: @AtrocityExhibition

[Monday, 29 January 2018 at 09:15:10]
./methods.lua:382: type 'function' is not supported by JSON.


FROM: 15898577
CHAT: -1001102699227
TEXT: @Crosis

[Monday, 29 January 2018 at 09:22:41]
./methods.lua:382: type 'function' is not supported by JSON.


FROM: 407961725
CHAT: -1001102699227
TEXT: @UR0BOR0S

[Monday, 29 January 2018 at 09:52:42]
./methods.lua:382: type 'function' is not supported by JSON.


FROM: 358693332
CHAT: -1001102699227
TEXT: @ulapa

[Monday, 29 January 2018 at 09:57:47]
./methods.lua:382: type 'function' is not supported by JSON.


FROM: 431384075
CHAT: -1001229718027
TEXT: @NoQuiero

[Monday, 29 January 2018 at 10:59:26]
./methods.lua:382: type 'function' is not supported by JSON.


FROM: 337692639
CHAT: -1001065848402
TEXT: @Luispe01

[Monday, 29 January 2018 at 11:06:46]
./methods.lua:382: type 'function' is not supported by JSON.


FROM: 393794156
CHAT: -1001102699227
TEXT: @rouusgg

[Monday, 29 January 2018 at 11:16:42]
./methods.lua:382: type 'function' is not supported by JSON.


FROM: 371008094
CHAT: -1001108628160
TEXT: @vitgo

[Monday, 29 January 2018 at 11:19:29]
./methods.lua:382: type 'function' is not supported by JSON.


FROM: 406209943
CHAT: -1001102699227
TEXT: @ulapa

[Monday, 29 January 2018 at 11:54:43]
./methods.lua:382: type 'function' is not supported by JSON.


FROM: 116209485
CHAT: -1001102699227
TEXT: @UR0BOR0S

[Monday, 29 January 2018 at 13:16:47]
./methods.lua:382: type 'function' is not supported by JSON.


FROM: 406209943
CHAT: -1001102699227
TEXT: @Blanchefleures

[Monday, 29 January 2018 at 14:12:06]
./methods.lua:382: type 'function' is not supported by JSON.


FROM: 358693332
CHAT: -1001102699227
TEXT: @Hambruguesasenpai

[Monday, 29 January 2018 at 16:05:13]
./methods.lua:382: type 'function' is not supported by JSON.


FROM: 116209485
CHAT: -1001102699227
TEXT: @Noah_HAHAHA

[Monday, 29 January 2018 at 16:25:46]
./methods.lua:382: type 'function' is not supported by JSON.


FROM: 383979755
CHAT: -1001102699227
TEXT: @ulapa

[Monday, 29 January 2018 at 16:30:13]
./methods.lua:382: type 'function' is not supported by JSON.


FROM: 393794156
CHAT: -1001102699227
TEXT: @Prince_sita

[Monday, 29 January 2018 at 16:57:35]
./methods.lua:382: type 'function' is not supported by JSON.


FROM: 349811635
CHAT: -1001102699227
TEXT: @ulapa

[Monday, 29 January 2018 at 17:28:24]
./methods.lua:382: type 'function' is not supported by JSON.


FROM: 351822062
CHAT: -1001065848402
TEXT: @Criliko

[Monday, 29 January 2018 at 18:14:28]
./methods.lua:382: type 'function' is not supported by JSON.


FROM: 15898577
CHAT: -1001102699227
TEXT: @TheBlackMigui

[Monday, 29 January 2018 at 18:37:39]
./methods.lua:382: type 'function' is not supported by JSON.


FROM: 393794156
CHAT: -1001102699227
TEXT: @SergiodelGarden

[Monday, 29 January 2018 at 19:25:00]
./methods.lua:382: type 'function' is not supported by JSON.


FROM: 15898577
CHAT: -1001102699227
TEXT: @TheBlackMigui

[Monday, 29 January 2018 at 20:48:03]
./methods.lua:382: type 'function' is not supported by JSON.


FROM: 198809262
CHAT: -1001075364191
TEXT: @lolograma

[Monday, 29 January 2018 at 22:31:14]
./methods.lua:382: type 'function' is not supported by JSON.


FROM: 502833476
CHAT: -1001112595265
TEXT: @TocandoleLaJaleaAlaVida

[Tuesday, 30 January 2018 at 04:06:42]
./methods.lua:382: type 'function' is not supported by JSON.


FROM: 337692639
CHAT: -1001112595265
TEXT: @nucleoterco

[Tuesday, 30 January 2018 at 05:25:24]
./methods.lua:382: type 'function' is not supported by JSON.


FROM: 354584022
CHAT: -1001102699227
TEXT: @TheBlackMigui

[Tuesday, 30 January 2018 at 05:46:08]
./methods.lua:382: type 'function' is not supported by JSON.


FROM: 354584022
CHAT: -1001102699227
TEXT: @GoddessBastet_98

[Tuesday, 30 January 2018 at 06:07:09]
./methods.lua:382: type 'function' is not supported by JSON.


FROM: 354584022
CHAT: -1001102699227
TEXT: @Chrisccr

[Tuesday, 30 January 2018 at 07:26:23]
./methods.lua:382: type 'function' is not supported by JSON.


FROM: 406209943
CHAT: -1001102699227
TEXT: @InefableS

[Tuesday, 30 January 2018 at 08:32:54]
./methods.lua:382: type 'function' is not supported by JSON.


FROM: 538898218
CHAT: -1001102699227
TEXT: @Blanchefleures

[Tuesday, 30 January 2018 at 08:33:05]
./methods.lua:382: type 'function' is not supported by JSON.


FROM: 406209943
CHAT: -1001102699227
TEXT: @TheVagrantOfLove

[Tuesday, 30 January 2018 at 08:45:45]
./methods.lua:382: type 'function' is not supported by JSON.


FROM: 116209485
CHAT: -1001102699227
TEXT: @burgesopresor

[Tuesday, 30 January 2018 at 09:16:02]
./methods.lua:382: type 'function' is not supported by JSON.


FROM: 116209485
CHAT: -1001102699227
TEXT: @InefableS

[Tuesday, 30 January 2018 at 09:16:04]
./methods.lua:382: type 'function' is not supported by JSON.


FROM: 116209485
CHAT: -1001102699227
TEXT: @InefableS

[Tuesday, 30 January 2018 at 09:16:10]
./methods.lua:382: type 'function' is not supported by JSON.


FROM: 116209485
CHAT: -1001102699227
TEXT: @InefableS

[Tuesday, 30 January 2018 at 10:25:18]
./methods.lua:382: type 'function' is not supported by JSON.


FROM: 27840971
CHAT: -1001101240169
TEXT: @HuterCR

[Tuesday, 30 January 2018 at 10:50:23]
./methods.lua:382: type 'function' is not supported by JSON.


FROM: 393794156
CHAT: -1001102699227
TEXT: @LaMari16

[Tuesday, 30 January 2018 at 11:25:38]
./methods.lua:382: type 'function' is not supported by JSON.


FROM: 250301329
CHAT: -1001101240169
TEXT: @EveryBodyOnHp

[Tuesday, 30 January 2018 at 11:50:34]
./methods.lua:382: type 'function' is not supported by JSON.


FROM: 406209943
CHAT: -1001102699227
TEXT: @Noah_HAHAHA

[Tuesday, 30 January 2018 at 11:53:43]
./methods.lua:382: type 'function' is not supported by JSON.


FROM: 407961725
CHAT: -1001102699227
TEXT: @ulapa

[Tuesday, 30 January 2018 at 13:19:14]
./methods.lua:382: type 'function' is not supported by JSON.


FROM: 116209485
CHAT: -1001102699227
TEXT: @judrv

[Tuesday, 30 January 2018 at 13:43:37]
./methods.lua:382: type 'function' is not supported by JSON.


FROM: 250301329
CHAT: -1001101240169
TEXT: @EveryBodyOnHp

[Tuesday, 30 January 2018 at 14:40:36]
./methods.lua:382: type 'function' is not supported by JSON.


FROM: 496250447
CHAT: -1001229718027
TEXT: @Siempre_tuya

[Tuesday, 30 January 2018 at 16:02:41]
./methods.lua:382: type 'function' is not supported by JSON.


FROM: 358693332
CHAT: -1001102699227
TEXT: @Chrisccr

[Tuesday, 30 January 2018 at 16:54:05]
./methods.lua:382: type 'function' is not supported by JSON.


FROM: 3922575
CHAT: -1001382383145
TEXT: @TenshiKun

[Tuesday, 30 January 2018 at 17:21:59]
./methods.lua:382: type 'function' is not supported by JSON.


FROM: 116209485
CHAT: -1001102699227
TEXT: @MiauUnderwood

[Tuesday, 30 January 2018 at 17:22:08]
./methods.lua:382: type 'function' is not supported by JSON.


FROM: 116209485
CHAT: -1001102699227
TEXT: @TheBlackMigui

[Tuesday, 30 January 2018 at 17:23:40]
./methods.lua:382: type 'function' is not supported by JSON.


FROM: 406209943
CHAT: -1001102699227
TEXT: @ulapa

[Tuesday, 30 January 2018 at 18:17:49]
./methods.lua:382: type 'function' is not supported by JSON.


FROM: 15898577
CHAT: -1001102699227
TEXT: @ulapa

[Tuesday, 30 January 2018 at 18:31:43]
./methods.lua:382: type 'function' is not supported by JSON.


FROM: 406209943
CHAT: -1001102699227
TEXT: @MiauUnderwood

[Tuesday, 30 January 2018 at 22:29:44]
./methods.lua:382: type 'function' is not supported by JSON.


FROM: 292858800
CHAT: -1001112595265
TEXT: @SigSauerP226

[Tuesday, 30 January 2018 at 22:58:48]
./methods.lua:382: type 'function' is not supported by JSON.


FROM: 292858800
CHAT: -1001112595265
TEXT: @SigSauerP226

[Wednesday, 31 January 2018 at 02:32:34]
./methods.lua:382: type 'function' is not supported by JSON.


FROM: 358693332
CHAT: -1001102699227
TEXT: @Chrisccr

[Wednesday, 31 January 2018 at 07:21:06]
./methods.lua:382: type 'function' is not supported by JSON.


FROM: 116209485
CHAT: -1001102699227
TEXT: @InefableS

[Wednesday, 31 January 2018 at 07:21:13]
./methods.lua:382: type 'function' is not supported by JSON.


FROM: 116209485
CHAT: -1001102699227
TEXT: @InefableS

[Wednesday, 31 January 2018 at 07:21:17]
./methods.lua:382: type 'function' is not supported by JSON.


FROM: 116209485
CHAT: -1001102699227
TEXT: @InefableS

[Wednesday, 31 January 2018 at 07:21:25]
./methods.lua:382: type 'function' is not supported by JSON.


FROM: 116209485
CHAT: -1001102699227
TEXT: @InefableS

[Wednesday, 31 January 2018 at 07:22:44]
./methods.lua:382: type 'function' is not supported by JSON.


FROM: 406209943
CHAT: -1001102699227
TEXT: @InefableS

[Wednesday, 31 January 2018 at 07:22:47]
./methods.lua:382: type 'function' is not supported by JSON.


FROM: 406209943
CHAT: -1001102699227
TEXT: @InefableS

[Wednesday, 31 January 2018 at 07:22:53]
./methods.lua:382: type 'function' is not supported by JSON.


FROM: 406209943
CHAT: -1001102699227
TEXT: @InefableS

[Wednesday, 31 January 2018 at 07:23:02]
./methods.lua:382: type 'function' is not supported by JSON.


FROM: 116209485
CHAT: -1001102699227
TEXT: @InefableS

[Wednesday, 31 January 2018 at 07:26:26]
./methods.lua:382: type 'function' is not supported by JSON.


FROM: 337692639
CHAT: -1001112595265
TEXT: @tnexus96

[Wednesday, 31 January 2018 at 08:28:11]
./methods.lua:382: type 'function' is not supported by JSON.


FROM: 330149776
CHAT: -1001102699227
TEXT: @AtrocityExhibition

[Wednesday, 31 January 2018 at 10:11:58]
./methods.lua:382: type 'function' is not supported by JSON.


FROM: 410533846
CHAT: -1001102699227
TEXT: @burgesopresor

[Wednesday, 31 January 2018 at 11:10:39]
./methods.lua:382: type 'function' is not supported by JSON.


FROM: 116209485
CHAT: -1001102699227
TEXT: @ulapa

[Wednesday, 31 January 2018 at 11:13:33]
./methods.lua:382: type 'function' is not supported by JSON.


FROM: 116209485
CHAT: -1001102699227
TEXT: @Crosis

[Wednesday, 31 January 2018 at 11:45:02]
./methods.lua:382: type 'function' is not supported by JSON.


FROM: 250301329
CHAT: -1001101240169
TEXT: @EveryBodyOnHp

[Sunday, 04 February 2018 at 16:20:32]
plugins/antispam.lua:38: '}' expected (to close '{' at line 34) near '"[Tt][Ee][Ll][Ee][Gg][Rr][Aa]%.[Pp][Hh](.*)"'


FROM: 27840971
CHAT: -1001081880667
TEXT: /ainit

[Sunday, 04 February 2018 at 16:21:57]
plugins/antispam.lua:38: '}' expected (to close '{' at line 34) near '"[Tt][Ee][Ll][Ee][Gg][Rr][Aa]%.[Pp][Hh](.*)"'


FROM: 27840971
CHAT: -1001081880667
TEXT: /ainit

[Sunday, 04 February 2018 at 16:22:23]
plugins/antispam.lua:38: '}' expected (to close '{' at line 34) near '"[Tt][Ee][Ll][Ee][Gg][Rr][Aa]%.[Pp][Hh](.*)"'


FROM: 516325624
CHAT: -1001146297748
TEXT: ###added

[Sunday, 04 February 2018 at 16:25:07]
plugins/antispam.lua:38: '}' expected (to close '{' at line 34) near '"[Tt][Ee][Ll][Ee][Gg][Rr][Aa]%.[Pp][Hh](.*)"'


FROM: 27840971
CHAT: -1001081880667
TEXT: /ainit

[Sunday, 04 February 2018 at 16:26:46]
plugins/antispam.lua:41: 'end' expected (to close 'if' at line 4) near <eof>


FROM: 27840971
CHAT: -1001081880667
TEXT: /ainit

[Sunday, 04 February 2018 at 16:28:25]
plugins/antispam.lua:42: 'end' expected (to close 'function' at line 1) near <eof>


FROM: 27840971
CHAT: -1001081880667
TEXT: /ainit

[Monday, 05 February 2018 at 01:04:11]
plugins/antispam.lua:23: <eof> expected near 'end'


FROM: 27840971
CHAT: -1001081880667
TEXT: /ainit

[Monday, 05 February 2018 at 01:05:24]
plugins/antispam.lua:22: <eof> expected near 'end'


FROM: 27840971
CHAT: -1001081880667
TEXT: /ainit

[Monday, 05 February 2018 at 01:14:23]
plugins/antispam.lua:15: attempt to concatenate global 'iduser' (a nil value)


FROM: 161637197
CHAT: -1001096846712
TEXT: En este grupo podrás publicar tus links de grupos o canales las veces que creas necesarias 
         
          https://t.me/joinchat/CaJjTUu3lOZD2fNUxhAgIw

[Monday, 05 February 2018 at 01:14:24]
plugins/antispam.lua:15: attempt to concatenate global 'iduser' (a nil value)


FROM: 161637197
CHAT: -1001084340701
TEXT: En este grupo podrás publicar tus links de grupos o canales las veces que creas necesarias 
         
          https://t.me/joinchat/CaJjTUu3lOZD2fNUxhAgIw

[Monday, 05 February 2018 at 01:14:25]
plugins/antispam.lua:15: attempt to concatenate global 'iduser' (a nil value)


FROM: 161637197
CHAT: -1001122092270
TEXT: En este grupo podrás publicar tus links de grupos o canales las veces que creas necesarias 
         
          https://t.me/joinchat/CaJjTUu3lOZD2fNUxhAgIw

[Monday, 05 February 2018 at 01:14:26]
plugins/antispam.lua:15: attempt to concatenate global 'iduser' (a nil value)


FROM: 161637197
CHAT: -1001103153416
TEXT: En este grupo podrás publicar tus links de grupos o canales las veces que creas necesarias 
         
          https://t.me/joinchat/CaJjTUu3lOZD2fNUxhAgIw

[Monday, 05 February 2018 at 01:14:28]
plugins/antispam.lua:15: attempt to concatenate global 'iduser' (a nil value)


FROM: 161637197
CHAT: -1001096846712
TEXT: https://telegram.me/UniverseWallpapers

[Monday, 05 February 2018 at 01:18:08]
plugins/antispam.lua:22: <eof> expected near 'end'


FROM: 27840971
CHAT: -1001101240169
TEXT: /ainit@TheGrandFatherBot

[Monday, 05 February 2018 at 01:23:34]
plugins/antispam.lua:15: attempt to concatenate global 'iduser' (a nil value)


FROM: 27840971
CHAT: -1001081880667
TEXT: https://t.me/joinchat/AajRy0B8MFu7i2GzAo5EyA

[Monday, 05 February 2018 at 01:26:27]
plugins/antispam.lua:15: attempt to concatenate global 'iduser' (a nil value)


FROM: 27840971
CHAT: -1001081880667
TEXT: https://t.me/joinchat/AajRy0B8MFu7i2GzAo5EyA

[Monday, 05 February 2018 at 01:27:44]
plugins/antispam.lua:15: attempt to concatenate global 'iduser' (a nil value)


FROM: 27840971
CHAT: -1001081880667
TEXT: https://t.me/joinchat/AajRy0B8MFu7i2GzAo5EyA

[Monday, 05 February 2018 at 01:29:08]
plugins/antispam.lua:15: attempt to concatenate global 'iduser' (a nil value)


FROM: 396809458
CHAT: -1001081880667
TEXT: t.me

[Monday, 05 February 2018 at 01:32:51]
plugins/antispam.lua:15: attempt to concatenate global 'iduser' (a nil value)


FROM: 27840971
CHAT: -1001081880667
TEXT: https://t.me/joinchat/AajRy0B8MFu7i2GzAo5EyA

[Monday, 05 February 2018 at 01:37:10]
plugins/antispam.lua:15: attempt to concatenate global 'iduser' (a nil value)


FROM: 396809458
CHAT: -1001081880667
TEXT: chat.whatsapp.com

[Monday, 05 February 2018 at 01:37:32]
plugins/antispam.lua:15: attempt to concatenate global 'iduser' (a nil value)


FROM: 27840971
CHAT: -1001081880667
TEXT: An #error occurred.
plugins/antispam.lua:15: attempt to concatenate global 'iduser' (a nil value)
es
chat.whatsapp.com

[Monday, 05 February 2018 at 03:14:40]
./methods.lua:429: attempt to index local 'msg' (a number value)


FROM: 27840971
CHAT: 27840971
TEXT: /hug

[Monday, 05 February 2018 at 03:16:22]
./methods.lua:429: attempt to index local 'msg' (a number value)


FROM: 27840971
CHAT: 27840971
TEXT: /hug

[Monday, 05 February 2018 at 03:49:10]
plugins/amor.lua:4: unfinished string near '''


FROM: 27840971
CHAT: 27840971
TEXT: /ainit

[Monday, 05 February 2018 at 04:00:33]
plugins/amor.lua:12: unexpected symbol near 'return'


FROM: 27840971
CHAT: 27840971
TEXT: /ainit

[Monday, 05 February 2018 at 04:02:30]
plugins/amor.lua:12: unexpected symbol near 'return'


FROM: 27840971
CHAT: 27840971
TEXT: /ainit

[Monday, 05 February 2018 at 04:08:03]
plugins/amor.lua:12: unexpected symbol near 'return'


FROM: 27840971
CHAT: 27840971
TEXT: /ainit

[Monday, 05 February 2018 at 04:13:30]
plugins/amor.lua:12: unexpected symbol near 'return'


FROM: 27840971
CHAT: 27840971
TEXT: /ainit

[Monday, 05 February 2018 at 04:23:16]
plugins/amor.lua:4: attempt to concatenate field 'name' (a nil value)


FROM: 27840971
CHAT: 27840971
TEXT: /hug

[Wednesday, 07 February 2018 at 16:12:12]
/usr/local/share/lua/5.2/socket/url.lua:31: bad argument #1 to 'gsub' (string expected, got nil)


FROM: 279219486
CHAT: 279219486
TEXT: /welcome hola gracias $name por unirte al grupo, se bienvenid@

[Thursday, 08 February 2018 at 10:36:55]
plugins/amor.lua:4: attempt to concatenate field 'from' (a table value)


FROM: 250301329
CHAT: -1001101240169
TEXT: /hug

[Thursday, 08 February 2018 at 10:38:37]
plugins/amor.lua:4: attempt to concatenate field 'username' (a nil value)


FROM: 250301329
CHAT: -1001101240169
TEXT: /hug

[Thursday, 08 February 2018 at 10:38:50]
plugins/amor.lua:4: attempt to concatenate field 'username' (a nil value)


FROM: 27840971
CHAT: -1001101240169
TEXT: /hug

[Thursday, 08 February 2018 at 10:40:50]
plugins/amor.lua:4: attempt to index field 'type' (a nil value)


FROM: 250301329
CHAT: -1001101240169
TEXT: /hug@TheGrandFatherBot

[Thursday, 08 February 2018 at 10:43:46]
plugins/amor.lua:4: ')' expected near '...'


FROM: 250301329
CHAT: -1001101240169
TEXT: /ainit

[Thursday, 08 February 2018 at 10:44:28]
plugins/amor.lua:4: attempt to index field 'reply' (a nil value)


FROM: 250301329
CHAT: -1001101240169
TEXT: /hug

[Thursday, 08 February 2018 at 10:46:30]
plugins/amor.lua:4: attempt to index field 'reply' (a nil value)


FROM: 250301329
CHAT: -1001101240169
TEXT: /hug

[Thursday, 08 February 2018 at 10:46:39]
plugins/amor.lua:4: attempt to index field 'reply' (a nil value)


FROM: 250301329
CHAT: -1001101240169
TEXT: /hug

[Thursday, 08 February 2018 at 10:47:41]
plugins/amor.lua:4: attempt to index field 'reply' (a nil value)


FROM: 250301329
CHAT: -1001101240169
TEXT: /hug

[Thursday, 08 February 2018 at 10:49:33]
plugins/amor.lua:4: attempt to index field 'reply' (a nil value)


FROM: 250301329
CHAT: -1001101240169
TEXT: /hug

[Thursday, 08 February 2018 at 10:50:06]
plugins/amor.lua:4: attempt to index field 'reply' (a nil value)


FROM: 27840971
CHAT: -1001101240169
TEXT: /hug

[Thursday, 08 February 2018 at 10:50:20]
plugins/amor.lua:4: attempt to index field 'reply' (a nil value)


FROM: 250301329
CHAT: -1001101240169
TEXT: /hug

[Thursday, 08 February 2018 at 10:54:48]
plugins/amor.lua:4: attempt to index field 'reply' (a nil value)


FROM: 27840971
CHAT: -1001101240169
TEXT: /hug

[Thursday, 08 February 2018 at 14:03:18]
utilities.lua:249: attempt to index field '?' (a nil value)


FROM: 378957948
CHAT: -1001316045042
TEXT: /config

[Monday, 19 February 2018 at 20:31:09]
utilities.lua:330: attempt to index local 'text' (a nil value)


FROM: 27840971
CHAT: -1001229718027
TEXT: /extra

[Monday, 19 February 2018 at 20:32:54]
utilities.lua:330: attempt to index local 'text' (a nil value)


FROM: 27840971
CHAT: -1001101240169
TEXT: /extra@TheGrandFather_Bot

[Monday, 19 February 2018 at 22:34:54]
plugins/amor.lua:6: attempt to concatenate field 'username' (a nil value)


FROM: 361901222
CHAT: -1001361220624
TEXT: /hug

[Tuesday, 20 February 2018 at 05:15:43]
utilities.lua:330: attempt to index local 'text' (a nil value)


FROM: 180791241
CHAT: -1001101240169
TEXT: /extra@TheGrandFather_Bot

[Tuesday, 20 February 2018 at 13:51:51]
utilities.lua:330: attempt to index local 'text' (a nil value)


FROM: 250301329
CHAT: -1001101240169
TEXT: /extra

[Tuesday, 20 February 2018 at 13:52:14]
utilities.lua:330: attempt to index local 'text' (a nil value)


FROM: 250301329
CHAT: -1001101240169
TEXT: /extra

[Tuesday, 20 February 2018 at 13:55:18]
utilities.lua:330: attempt to index local 'text' (a nil value)


FROM: 250301329
CHAT: -1001101240169
TEXT: /extra@TheGrandFather_Bot

[Tuesday, 20 February 2018 at 13:58:13]
utilities.lua:330: attempt to index local 'text' (a nil value)


FROM: 250301329
CHAT: -1001101240169
TEXT: /extra@TheGrandFather_Bot

[Tuesday, 20 February 2018 at 13:58:53]
utilities.lua:291: attempt to index local 'text' (a nil value)


FROM: 250301329
CHAT: -1001101240169
TEXT: /extra@TheGrandFather_Bot

[Tuesday, 20 February 2018 at 13:59:03]
utilities.lua:291: attempt to index local 'text' (a nil value)


FROM: 250301329
CHAT: -1001101240169
TEXT: /extra@TheGrandFather_Bot

[Tuesday, 20 February 2018 at 14:08:26]
utilities.lua:291: attempt to index local 'text' (a nil value)


FROM: 27840971
CHAT: -1001101240169
TEXT: /extra@TheGrandFather_Bot

[Tuesday, 20 February 2018 at 14:08:45]
utilities.lua:291: attempt to index local 'text' (a nil value)


FROM: 27840971
CHAT: -1001101240169
TEXT: /extra@TheGrandFather_Bot

[Tuesday, 20 February 2018 at 15:14:28]
plugins/amor.lua:6: attempt to concatenate field 'username' (a nil value)


FROM: 361901222
CHAT: -1001229718027
TEXT: /hug

[Tuesday, 20 February 2018 at 16:59:11]
utilities.lua:291: attempt to index local 'text' (a nil value)


FROM: 180791241
CHAT: -1001101240169
TEXT: /extra@TheGrandFather_Bot

[Tuesday, 20 February 2018 at 20:15:23]
utilities.lua:291: attempt to index local 'text' (a nil value)


FROM: 27840971
CHAT: -1001101240169
TEXT: /extra@TheGrandFather_Bot

[Wednesday, 21 February 2018 at 09:34:38]
utilities.lua:291: attempt to index local 'text' (a nil value)


FROM: 250301329
CHAT: -1001101240169
TEXT: /extra

[Wednesday, 21 February 2018 at 09:34:59]
plugins/extra.lua:40: attempt to call global 'mystat' (a nil value)


FROM: 250301329
CHAT: -1001101240169
TEXT: /extra list

[Wednesday, 21 February 2018 at 09:39:02]
utilities.lua:291: attempt to index local 'text' (a nil value)


FROM: 250301329
CHAT: -1001101240169
TEXT: /extra@TheGrandFather_Bot

[Wednesday, 21 February 2018 at 09:39:08]
utilities.lua:291: attempt to index local 'text' (a nil value)


FROM: 250301329
CHAT: -1001101240169
TEXT: /extra

[Wednesday, 21 February 2018 at 09:45:21]
utilities.lua:292: attempt to index local 'text' (a nil value)


FROM: 250301329
CHAT: -1001101240169
TEXT: /extra

[Wednesday, 21 February 2018 at 09:46:12]
utilities.lua:292: attempt to index local 'text' (a nil value)


FROM: 250301329
CHAT: -1001101240169
TEXT: /extra

[Wednesday, 21 February 2018 at 09:47:18]
utilities.lua:292: attempt to index local 'text' (a nil value)


FROM: 250301329
CHAT: -1001101240169
TEXT: /extra

[Wednesday, 21 February 2018 at 09:47:24]
utilities.lua:292: attempt to index local 'text' (a nil value)


FROM: 250301329
CHAT: -1001101240169
TEXT: /extra@TheGrandFather_Bot

[Wednesday, 21 February 2018 at 10:46:04]
utilities.lua:292: attempt to index local 'text' (a nil value)


FROM: 250301329
CHAT: -1001101240169
TEXT: /extra

[Wednesday, 21 February 2018 at 12:31:47]
utilities.lua:292: attempt to index local 'text' (a nil value)


FROM: 180791241
CHAT: -1001101240169
TEXT: /extra@TheGrandFather_Bot

[Wednesday, 21 February 2018 at 13:58:35]
plugins/amor.lua:8: attempt to concatenate field 'username' (a nil value)


FROM: 529892623
CHAT: -1001229718027
TEXT: /hug

[Wednesday, 21 February 2018 at 14:44:01]
plugins/service.lua:131: attempt to call global 'getname_link' (a nil value)


FROM: 450134279
CHAT: -1001071541329
TEXT: ###added

[Wednesday, 21 February 2018 at 16:08:20]
plugins/service.lua:131: attempt to call global 'getname_link' (a nil value)


FROM: 538328180
CHAT: -1001146297748
TEXT: ###added

[Wednesday, 21 February 2018 at 17:22:52]
plugins/service.lua:131: attempt to call global 'getname_link' (a nil value)


FROM: 198809262
CHAT: -1001075364191
TEXT: ###added

[Wednesday, 21 February 2018 at 18:46:20]
plugins/service.lua:131: attempt to call global 'getname_link' (a nil value)


FROM: 313719248
CHAT: -1001133524622
TEXT: ###added

[Wednesday, 21 February 2018 at 19:30:13]
utilities.lua:210: attempt to index field '?' (a nil value)


FROM: 549014225
CHAT: -1001300047705
TEXT: !config

[Wednesday, 21 February 2018 at 19:39:15]
plugins/service.lua:131: attempt to call global 'getname_link' (a nil value)


FROM: 549014225
CHAT: -1001249300762
TEXT: ###added

[Wednesday, 21 February 2018 at 19:39:27]
plugins/service.lua:131: attempt to call global 'getname_link' (a nil value)


FROM: 549014225
CHAT: -1001300047705
TEXT: ###added

[Wednesday, 21 February 2018 at 19:40:24]
plugins/service.lua:131: attempt to call global 'getname_link' (a nil value)


FROM: 549014225
CHAT: -1001249300762
TEXT: ###added

[Wednesday, 21 February 2018 at 19:41:46]
plugins/service.lua:131: attempt to call global 'getname_link' (a nil value)


FROM: 549014225
CHAT: -1001300047705
TEXT: ###added

[Wednesday, 21 February 2018 at 19:42:02]
plugins/service.lua:131: attempt to call global 'getname_link' (a nil value)


FROM: 549014225
CHAT: -1001249300762
TEXT: ###added

[Wednesday, 21 February 2018 at 19:48:34]
plugins/service.lua:131: attempt to call global 'getname_link' (a nil value)


FROM: 549014225
CHAT: -1001300047705
TEXT: ###added

[Wednesday, 21 February 2018 at 19:48:52]
plugins/service.lua:131: attempt to call global 'getname_link' (a nil value)


FROM: 549014225
CHAT: -1001249300762
TEXT: ###added

[Wednesday, 21 February 2018 at 19:49:36]
plugins/service.lua:131: attempt to call global 'getname_link' (a nil value)


FROM: 549014225
CHAT: -1001300047705
TEXT: ###added

[Wednesday, 21 February 2018 at 19:56:52]
plugins/service.lua:131: attempt to call global 'getname_link' (a nil value)


FROM: 462230098
CHAT: -1001146297748
TEXT: ###added

[Wednesday, 21 February 2018 at 19:57:36]
plugins/service.lua:131: attempt to call global 'getname_link' (a nil value)


FROM: 161637197
CHAT: -1001249300762
TEXT: ###added

[Wednesday, 21 February 2018 at 19:59:29]
plugins/service.lua:131: attempt to call global 'getname_link' (a nil value)


FROM: 161637197
CHAT: -1001300047705
TEXT: ###added

[Wednesday, 21 February 2018 at 20:00:05]
utilities.lua:210: attempt to index field '?' (a nil value)


FROM: 549014225
CHAT: -1001300047705
TEXT: !config

[Wednesday, 21 February 2018 at 20:00:42]
utilities.lua:210: attempt to index field '?' (a nil value)


FROM: 549014225
CHAT: -1001300047705
TEXT: !config

[Wednesday, 21 February 2018 at 20:01:50]
plugins/service.lua:131: attempt to call global 'getname_link' (a nil value)


FROM: 27840971
CHAT: -1001101240169
TEXT: ###added

[Wednesday, 21 February 2018 at 20:02:55]
plugins/service.lua:131: attempt to call global 'getname_link' (a nil value)


FROM: 27840971
CHAT: -1001101240169
TEXT: ###added

[Wednesday, 21 February 2018 at 20:02:56]
utilities.lua:210: attempt to index field '?' (a nil value)


FROM: 549014225
CHAT: -1001249300762
TEXT: !config

[Wednesday, 21 February 2018 at 20:04:54]
utilities.lua:210: attempt to index field '?' (a nil value)


FROM: 549014225
CHAT: -1001300047705
TEXT: !config

[Wednesday, 21 February 2018 at 20:05:56]
plugins/service.lua:131: attempt to call global 'getname_link' (a nil value)


FROM: 511218486
CHAT: -1001146297748
TEXT: ###added

[Wednesday, 21 February 2018 at 20:06:39]
utilities.lua:210: attempt to index field '?' (a nil value)


FROM: 549014225
CHAT: -1001249300762
TEXT: !config

[Wednesday, 21 February 2018 at 20:14:22]
plugins/service.lua:131: attempt to call global 'getname_link' (a nil value)


FROM: 198809262
CHAT: -1001075364191
TEXT: ###added

[Wednesday, 21 February 2018 at 20:16:42]
plugins/service.lua:131: attempt to call global 'getname_link' (a nil value)


FROM: 448004621
CHAT: -1001300047705
TEXT: ###added

[Wednesday, 21 February 2018 at 20:16:56]
plugins/service.lua:131: attempt to call global 'getname_link' (a nil value)


FROM: 448004621
CHAT: -1001249300762
TEXT: ###added

[Wednesday, 21 February 2018 at 20:28:39]
plugins/service.lua:131: attempt to call global 'getname_link' (a nil value)


FROM: 420168586
CHAT: -1001300047705
TEXT: ###added

[Wednesday, 21 February 2018 at 20:36:41]
plugins/service.lua:131: attempt to call global 'getname_link' (a nil value)


FROM: 27840971
CHAT: -1001309228557
TEXT: ###added

[Wednesday, 21 February 2018 at 20:48:02]
plugins/service.lua:131: attempt to call global 'getname_link' (a nil value)


FROM: 298390276
CHAT: -1001300047705
TEXT: ###added

[Wednesday, 21 February 2018 at 20:50:09]
plugins/service.lua:131: attempt to call global 'getname_link' (a nil value)


FROM: 298390276
CHAT: -1001249300762
TEXT: ###added

[Wednesday, 21 February 2018 at 20:50:30]
plugins/service.lua:131: attempt to call global 'getname_link' (a nil value)


FROM: 298390276
CHAT: -1001249300762
TEXT: ###added

[Wednesday, 21 February 2018 at 20:50:43]
plugins/service.lua:131: attempt to call global 'getname_link' (a nil value)


FROM: 298390276
CHAT: -1001249300762
TEXT: ###added

[Wednesday, 21 February 2018 at 20:51:22]
plugins/service.lua:131: attempt to call global 'getname_link' (a nil value)


FROM: 298390276
CHAT: -1001300047705
TEXT: ###added

[Wednesday, 21 February 2018 at 21:07:14]
plugins/service.lua:131: attempt to call global 'getname_link' (a nil value)


FROM: 456474862
CHAT: -1001361220624
TEXT: ###added

[Wednesday, 21 February 2018 at 21:41:39]
plugins/service.lua:131: attempt to call global 'getname_link' (a nil value)


FROM: 307572062
CHAT: -1001361220624
TEXT: ###added

[Wednesday, 21 February 2018 at 21:56:29]
plugins/service.lua:131: attempt to call global 'getname_link' (a nil value)


FROM: 429394104
CHAT: -1001146297748
TEXT: ###added

[Wednesday, 21 February 2018 at 22:09:14]
plugins/service.lua:131: attempt to call global 'getname_link' (a nil value)


FROM: 546660749
CHAT: -1001071541329
TEXT: ###added

[Wednesday, 21 February 2018 at 22:20:43]
plugins/service.lua:131: attempt to call global 'getname_link' (a nil value)


FROM: 383298126
CHAT: -1001146297748
TEXT: ###added

[Wednesday, 21 February 2018 at 22:30:08]
plugins/service.lua:131: attempt to call global 'getname_link' (a nil value)


FROM: 323769745
CHAT: -1001075364191
TEXT: ###added

[Thursday, 22 February 2018 at 01:06:40]
plugins/service.lua:131: attempt to call global 'getname_link' (a nil value)


FROM: 534007923
CHAT: -1001146297748
TEXT: ###added

[Thursday, 22 February 2018 at 01:12:46]
plugins/service.lua:131: attempt to call global 'getname_link' (a nil value)


FROM: 402516453
CHAT: -1001146297748
TEXT: ###added

[Thursday, 22 February 2018 at 01:36:39]
plugins/service.lua:131: attempt to call global 'getname_link' (a nil value)


FROM: 541800910
CHAT: -1001146297748
TEXT: ###added

[Thursday, 22 February 2018 at 01:38:19]
plugins/service.lua:131: attempt to call global 'getname_link' (a nil value)


FROM: 319754566
CHAT: -1001249300762
TEXT: ###added

[Thursday, 22 February 2018 at 01:38:31]
plugins/service.lua:131: attempt to call global 'getname_link' (a nil value)


FROM: 319754566
CHAT: -1001300047705
TEXT: ###added

[Thursday, 22 February 2018 at 01:49:08]
plugins/service.lua:131: attempt to call global 'getname_link' (a nil value)


FROM: 381272677
CHAT: -1001146759508
TEXT: ###added

[Thursday, 22 February 2018 at 02:39:52]
plugins/service.lua:131: attempt to call global 'getname_link' (a nil value)


FROM: 545818500
CHAT: -1001146297748
TEXT: ###added

[Thursday, 22 February 2018 at 03:22:12]
plugins/service.lua:131: attempt to call global 'getname_link' (a nil value)


FROM: 348467696
CHAT: -1001300047705
TEXT: ###added

[Thursday, 22 February 2018 at 04:57:49]
plugins/service.lua:131: attempt to call global 'getname_link' (a nil value)


FROM: 175526518
CHAT: -1001146297748
TEXT: ###added

[Thursday, 22 February 2018 at 05:01:04]
plugins/service.lua:131: attempt to call global 'getname_link' (a nil value)


FROM: 540875072
CHAT: -1001300047705
TEXT: ###added

[Thursday, 22 February 2018 at 05:01:10]
plugins/service.lua:131: attempt to call global 'getname_link' (a nil value)


FROM: 540875072
CHAT: -1001249300762
TEXT: ###added

[Thursday, 22 February 2018 at 05:03:14]
plugins/service.lua:131: attempt to call global 'getname_link' (a nil value)


FROM: 521070377
CHAT: -1001146297748
TEXT: ###added

[Thursday, 22 February 2018 at 05:36:34]
plugins/service.lua:131: attempt to call global 'getname_link' (a nil value)


FROM: 494033566
CHAT: -1001146297748
TEXT: ###added

[Thursday, 22 February 2018 at 06:11:49]
plugins/service.lua:131: attempt to call global 'getname_link' (a nil value)


FROM: 504482676
CHAT: -1001146297748
TEXT: ###added

[Thursday, 22 February 2018 at 06:41:19]
plugins/service.lua:131: attempt to call global 'getname_link' (a nil value)


FROM: 467727661
CHAT: -1001146297748
TEXT: ###added

[Thursday, 22 February 2018 at 06:50:58]
plugins/service.lua:131: attempt to call global 'getname_link' (a nil value)


FROM: 289287232
CHAT: -1001146297748
TEXT: ###added

[Thursday, 22 February 2018 at 08:15:19]
plugins/service.lua:131: attempt to call global 'getname_link' (a nil value)


FROM: 515554166
CHAT: -1001146297748
TEXT: ###added

[Thursday, 22 February 2018 at 09:15:03]
plugins/service.lua:131: attempt to call global 'getname_link' (a nil value)


FROM: 370120752
CHAT: -1001229718027
TEXT: ###added

[Thursday, 22 February 2018 at 09:30:51]
plugins/service.lua:131: attempt to call global 'getname_link' (a nil value)


FROM: 312772883
CHAT: -1001146297748
TEXT: ###added

[Thursday, 22 February 2018 at 09:50:45]
plugins/service.lua:131: attempt to call global 'getname_link' (a nil value)


FROM: 478400850
CHAT: -1001146297748
TEXT: ###added

[Thursday, 22 February 2018 at 09:51:46]
plugins/service.lua:131: attempt to call global 'getname_link' (a nil value)


FROM: 534711910
CHAT: -1001146297748
TEXT: ###added

[Thursday, 22 February 2018 at 10:07:51]
plugins/service.lua:131: attempt to call global 'getname_link' (a nil value)


FROM: 467185388
CHAT: -1001106724634
TEXT: ###added

[Thursday, 22 February 2018 at 10:25:40]
plugins/service.lua:131: attempt to call global 'getname_link' (a nil value)


FROM: 496718326
CHAT: -1001229718027
TEXT: ###added

[Thursday, 22 February 2018 at 11:02:01]
plugins/service.lua:131: attempt to call global 'getname_link' (a nil value)


FROM: 538035259
CHAT: -1001146297748
TEXT: ###added

[Thursday, 22 February 2018 at 11:16:39]
plugins/service.lua:131: attempt to call global 'getname_link' (a nil value)


FROM: 469347519
CHAT: -1001229718027
TEXT: ###added

[Thursday, 22 February 2018 at 11:23:16]
plugins/service.lua:131: attempt to call global 'getname_link' (a nil value)


FROM: 401729312
CHAT: -1001146297748
TEXT: ###added

[Thursday, 22 February 2018 at 11:26:23]
plugins/service.lua:131: attempt to call global 'getname_link' (a nil value)


FROM: 508801129
CHAT: -1001361220624
TEXT: ###added

[Thursday, 22 February 2018 at 11:34:40]
plugins/service.lua:131: attempt to call global 'getname_link' (a nil value)


FROM: 437234299
CHAT: -1001071541329
TEXT: ###added

[Thursday, 22 February 2018 at 11:47:46]
utilities.lua:1101: attempt to call method 'escape_hard' (a nil value)


FROM: 27840971
CHAT: -1001101240169
TEXT: ###added

[Thursday, 22 February 2018 at 11:55:54]
utilities.lua:1101: attempt to call method 'escape_hard' (a nil value)


FROM: 120222203
CHAT: -1001229718027
TEXT: ###added

[Thursday, 22 February 2018 at 11:57:18]
utilities.lua:1101: attempt to call method 'escape_hard' (a nil value)


FROM: 530234566
CHAT: -1001133524622
TEXT: ###added

[Thursday, 22 February 2018 at 12:49:13]
utilities.lua:292: attempt to index local 'text' (a nil value)


FROM: 27840971
CHAT: -1001101240169
TEXT: /extra

[Thursday, 22 February 2018 at 12:58:46]
utilities.lua:292: attempt to index local 'text' (a nil value)


FROM: 250301329
CHAT: -1001101240169
TEXT: /extra

[Thursday, 22 February 2018 at 12:58:52]
utilities.lua:292: attempt to index local 'text' (a nil value)


FROM: 250301329
CHAT: -1001101240169
TEXT: /extra@TheGrandFather_Bot

[Thursday, 22 February 2018 at 12:58:59]
utilities.lua:292: attempt to index local 'text' (a nil value)


FROM: 250301329
CHAT: -1001101240169
TEXT: /extra

[Thursday, 22 February 2018 at 12:59:02]
utilities.lua:292: attempt to index local 'text' (a nil value)


FROM: 250301329
CHAT: -1001101240169
TEXT: /extra

[Thursday, 22 February 2018 at 13:02:12]
utilities.lua:292: attempt to index local 'text' (a nil value)


FROM: 250301329
CHAT: -1001101240169
TEXT: /extra

[Thursday, 22 February 2018 at 13:02:14]
utilities.lua:292: attempt to index local 'text' (a nil value)


FROM: 250301329
CHAT: -1001101240169
TEXT: /extra@TheGrandFather_Bot

[Thursday, 22 February 2018 at 13:02:26]
utilities.lua:292: attempt to index local 'text' (a nil value)


FROM: 250301329
CHAT: -1001101240169
TEXT: /extra@TheGrandFather_Bot

[Thursday, 22 February 2018 at 13:02:31]
utilities.lua:292: attempt to index local 'text' (a nil value)


FROM: 250301329
CHAT: -1001101240169
TEXT: /extra@TheGrandFather_Bot

[Thursday, 22 February 2018 at 13:02:37]
utilities.lua:292: attempt to index local 'text' (a nil value)


FROM: 250301329
CHAT: -1001101240169
TEXT: /extra@TheGrandFather_Bot

[Thursday, 22 February 2018 at 13:02:40]
utilities.lua:292: attempt to index local 'text' (a nil value)


FROM: 250301329
CHAT: -1001101240169
TEXT: /extra@TheGrandFather_Bot

[Thursday, 22 February 2018 at 13:02:42]
utilities.lua:292: attempt to index local 'text' (a nil value)


FROM: 250301329
CHAT: -1001101240169
TEXT: /extra@TheGrandFather_Bot

[Thursday, 22 February 2018 at 13:02:43]
utilities.lua:292: attempt to index local 'text' (a nil value)


FROM: 250301329
CHAT: -1001101240169
TEXT: /extra@TheGrandFather_Bot

[Thursday, 22 February 2018 at 13:02:43]
utilities.lua:292: attempt to index local 'text' (a nil value)


FROM: 250301329
CHAT: -1001101240169
TEXT: /extra@TheGrandFather_Bot

[Thursday, 22 February 2018 at 13:02:51]
utilities.lua:292: attempt to index local 'text' (a nil value)


FROM: 250301329
CHAT: -1001101240169
TEXT: /extra@TheGrandFather_Bot

[Thursday, 22 February 2018 at 13:02:51]
utilities.lua:292: attempt to index local 'text' (a nil value)


FROM: 250301329
CHAT: -1001101240169
TEXT: /extra@TheGrandFather_Bot

[Thursday, 22 February 2018 at 13:02:52]
utilities.lua:292: attempt to index local 'text' (a nil value)


FROM: 250301329
CHAT: -1001101240169
TEXT: /extra@TheGrandFather_Bot

[Thursday, 22 February 2018 at 13:02:52]
utilities.lua:292: attempt to index local 'text' (a nil value)


FROM: 250301329
CHAT: -1001101240169
TEXT: /extra@TheGrandFather_Bot

[Thursday, 22 February 2018 at 13:02:52]
utilities.lua:292: attempt to index local 'text' (a nil value)


FROM: 250301329
CHAT: -1001101240169
TEXT: /extra@TheGrandFather_Bot

[Thursday, 22 February 2018 at 13:03:11]
utilities.lua:292: attempt to index local 'text' (a nil value)


FROM: 250301329
CHAT: -1001101240169
TEXT: /extra@TheGrandFather_Bot

[Thursday, 22 February 2018 at 13:03:15]
utilities.lua:292: attempt to index local 'text' (a nil value)


FROM: 250301329
CHAT: -1001101240169
TEXT: /extra@TheGrandFather_Bot

[Thursday, 22 February 2018 at 13:03:16]
utilities.lua:292: attempt to index local 'text' (a nil value)


FROM: 250301329
CHAT: -1001101240169
TEXT: /extra@TheGrandFather_Bot

[Thursday, 22 February 2018 at 13:03:16]
utilities.lua:292: attempt to index local 'text' (a nil value)


FROM: 250301329
CHAT: -1001101240169
TEXT: /extra@TheGrandFather_Bot

[Thursday, 22 February 2018 at 13:03:20]
utilities.lua:292: attempt to index local 'text' (a nil value)


FROM: 250301329
CHAT: -1001101240169
TEXT: /extra@TheGrandFather_Bot

[Thursday, 22 February 2018 at 13:03:34]
utilities.lua:292: attempt to index local 'text' (a nil value)


FROM: 250301329
CHAT: -1001101240169
TEXT: /extra@TheGrandFather_Bot

[Thursday, 22 February 2018 at 13:03:35]
utilities.lua:292: attempt to index local 'text' (a nil value)


FROM: 250301329
CHAT: -1001101240169
TEXT: /extra@TheGrandFather_Bot

[Thursday, 22 February 2018 at 13:03:43]
utilities.lua:292: attempt to index local 'text' (a nil value)


FROM: 250301329
CHAT: -1001101240169
TEXT: /extra

[Thursday, 22 February 2018 at 13:24:03]
utilities.lua:292: attempt to index local 'text' (a nil value)


FROM: 250301329
CHAT: -1001101240169
TEXT: /extra

[Thursday, 22 February 2018 at 13:24:13]
/usr/local/share/lua/5.2/redis.lua:380: redis error: ERR Background save already in progress


FROM: 250301329
CHAT: -1001101240169
TEXT: /ainit

[Thursday, 22 February 2018 at 13:24:19]
utilities.lua:292: attempt to index local 'text' (a nil value)


FROM: 250301329
CHAT: -1001101240169
TEXT: /extra@TheGrandFather_Bot

[Thursday, 22 February 2018 at 13:26:46]
plugins/extra.lua:40: attempt to call global 'mystat' (a nil value)


FROM: 250301329
CHAT: -1001101240169
TEXT: /extra list

[Thursday, 22 February 2018 at 13:28:29]
utilities.lua:292: attempt to index local 'text' (a nil value)


FROM: 27840971
CHAT: -1001101240169
TEXT: /extra

[Thursday, 22 February 2018 at 13:28:30]
utilities.lua:292: attempt to index local 'text' (a nil value)


FROM: 250301329
CHAT: -1001101240169
TEXT: /extra

[Sunday, 25 February 2018 at 11:11:03]
utilities.lua:292: attempt to index local 'text' (a nil value)


FROM: 161637197
CHAT: -1001383978222
TEXT: /disable arab

[Sunday, 25 February 2018 at 12:42:30]
utilities.lua:292: attempt to index local 'text' (a nil value)


FROM: 27840971
CHAT: -1001101240169
TEXT: /disable arab

[Sunday, 25 February 2018 at 16:17:15]
utilities.lua:292: attempt to index local 'text' (a nil value)


FROM: 250301329
CHAT: -1001101240169
TEXT: /enable sss

[Sunday, 25 February 2018 at 16:17:38]
utilities.lua:292: attempt to index local 'text' (a nil value)


FROM: 250301329
CHAT: -1001101240169
TEXT: /extra

[Monday, 26 February 2018 at 12:11:46]
utilities.lua:292: attempt to index local 'text' (a nil value)


FROM: 27840971
CHAT: -1001101240169
TEXT: /extra

[Monday, 26 February 2018 at 12:14:26]
plugins/extra.lua:30: attempt to call global 'reply_markup_from_text' (a nil value)


FROM: 27840971
CHAT: -1001101240169
TEXT: /extra #que con

[Monday, 26 February 2018 at 12:17:24]
utilities.lua:292: attempt to index local 'text' (a nil value)


FROM: 27840971
CHAT: -1001101240169
TEXT: /extra@TheGrandFather_Bot

[Monday, 26 February 2018 at 12:17:41]
utilities.lua:292: attempt to index local 'text' (a nil value)


FROM: 27840971
CHAT: -1001101240169
TEXT: /extra@TheGrandFather_Bot

[Monday, 26 February 2018 at 12:23:36]
utilities.lua:292: attempt to index local 'text' (a nil value)


FROM: 27840971
CHAT: -1001101240169
TEXT: /extra@TheGrandFather_Bot

[Monday, 26 February 2018 at 12:25:43]
utilities.lua:292: attempt to index local 'text' (a nil value)


FROM: 27840971
CHAT: -1001101240169
TEXT: /extra@TheGrandFather_Bot

[Monday, 26 February 2018 at 12:26:37]
utilities.lua:292: attempt to index local 'text' (a nil value)


FROM: 27840971
CHAT: -1001101240169
TEXT: /extra

[Monday, 26 February 2018 at 12:26:46]
utilities.lua:292: attempt to index local 'text' (a nil value)


FROM: 27840971
CHAT: -1001101240169
TEXT: /enable extra

[Monday, 26 February 2018 at 12:27:17]
utilities.lua:292: attempt to index local 'text' (a nil value)


FROM: 27840971
CHAT: -1001101240169
TEXT: /disable spam

[Monday, 26 February 2018 at 12:27:45]
utilities.lua:292: attempt to index local 'text' (a nil value)


FROM: 27840971
CHAT: -1001101240169
TEXT: /disable hs

[Monday, 26 February 2018 at 12:32:40]
utilities.lua:292: attempt to index local 'text' (a nil value)


FROM: 27840971
CHAT: -1001101240169
TEXT: /extra

[Monday, 26 February 2018 at 12:33:07]
utilities.lua:292: attempt to index local 'text' (a nil value)


FROM: 27840971
CHAT: -1001101240169
TEXT: /extra

[Monday, 26 February 2018 at 12:33:17]
utilities.lua:292: attempt to index local 'text' (a nil value)


FROM: 27840971
CHAT: -1001101240169
TEXT: /extra@TheGrandFather_Bot

[Monday, 26 February 2018 at 12:35:51]
utilities.lua:292: attempt to index local 'text' (a nil value)


FROM: 27840971
CHAT: -1001101240169
TEXT: /extra

[Monday, 26 February 2018 at 12:35:52]
utilities.lua:292: attempt to index local 'text' (a nil value)


FROM: 27840971
CHAT: -1001101240169
TEXT: /extra@TheGrandFather_Bot

[Monday, 26 February 2018 at 12:57:15]
utilities.lua:292: attempt to index local 'text' (a nil value)


FROM: 250301329
CHAT: -1001101240169
TEXT: /extra@TheGrandFather_Bot

[Monday, 26 February 2018 at 13:00:00]
utilities.lua:292: attempt to index local 'text' (a nil value)


FROM: 27840971
CHAT: -1001101240169
TEXT: /extra

[Monday, 26 February 2018 at 18:29:24]
utilities.lua:292: attempt to index local 'text' (a nil value)


FROM: 250301329
CHAT: -1001101240169
TEXT: /extra

[Monday, 26 February 2018 at 18:43:17]
utilities.lua:292: attempt to index local 'text' (a nil value)


FROM: 27840971
CHAT: -1001101240169
TEXT: /extra

[Tuesday, 27 February 2018 at 20:02:30]
utilities.lua:292: attempt to index local 'text' (a nil value)


FROM: 250301329
CHAT: -1001101240169
TEXT: /extra

[Tuesday, 27 February 2018 at 20:05:19]
utilities.lua:292: attempt to index local 'text' (a nil value)


FROM: 250301329
CHAT: -1001101240169
TEXT: /extra

[Tuesday, 27 February 2018 at 21:27:09]
plugins/amor.lua:6: attempt to concatenate field 'username' (a nil value)


FROM: 27840971
CHAT: -1001229718027
TEXT: /hug

[Wednesday, 28 February 2018 at 02:30:48]
plugins/amor.lua:8: attempt to concatenate field 'username' (a nil value)


FROM: 27840971
CHAT: 27840971
TEXT: /hug

[Wednesday, 28 February 2018 at 02:30:53]
plugins/amor.lua:8: attempt to concatenate field 'username' (a nil value)


FROM: 27840971
CHAT: 27840971
TEXT: /hug

[Wednesday, 28 February 2018 at 10:53:28]
utilities.lua:292: attempt to index local 'text' (a nil value)


FROM: 250301329
CHAT: -1001101240169
TEXT: /extra

[Wednesday, 28 February 2018 at 10:58:06]
utilities.lua:292: attempt to index local 'text' (a nil value)


FROM: 250301329
CHAT: -1001101240169
TEXT: /extra

[Wednesday, 28 February 2018 at 11:00:06]
utilities.lua:292: attempt to index local 'text' (a nil value)


FROM: 250301329
CHAT: -1001101240169
TEXT: /extra

[Wednesday, 28 February 2018 at 11:00:32]
utilities.lua:292: attempt to index local 'text' (a nil value)


FROM: 250301329
CHAT: -1001101240169
TEXT: /extra@TheGrandFather_Bot

[Wednesday, 28 February 2018 at 11:00:38]
utilities.lua:292: attempt to index local 'text' (a nil value)


FROM: 250301329
CHAT: -1001101240169
TEXT: /extra@TheGrandFather_Bot

[Wednesday, 28 February 2018 at 11:00:38]
utilities.lua:292: attempt to index local 'text' (a nil value)


FROM: 250301329
CHAT: -1001101240169
TEXT: /extra@TheGrandFather_Bot

[Wednesday, 28 February 2018 at 11:00:53]
utilities.lua:292: attempt to index local 'text' (a nil value)


FROM: 250301329
CHAT: -1001101240169
TEXT: /extra@TheGrandFather_Bot

[Wednesday, 28 February 2018 at 11:09:41]
utilities.lua:292: attempt to index local 'text' (a nil value)


FROM: 250301329
CHAT: -1001101240169
TEXT: /extra

[Wednesday, 28 February 2018 at 11:09:44]
utilities.lua:292: attempt to index local 'text' (a nil value)


FROM: 250301329
CHAT: -1001101240169
TEXT: /extra

[Thursday, 01 March 2018 at 08:44:23]
utilities.lua:292: attempt to index local 'text' (a nil value)


FROM: 161637197
CHAT: -1001383978222
TEXT: /disable arab

[Thursday, 01 March 2018 at 10:04:35]
utilities.lua:292: attempt to index local 'text' (a nil value)


FROM: 250301329
CHAT: -1001101240169
TEXT: /enable plugin

[Thursday, 01 March 2018 at 10:04:51]
utilities.lua:292: attempt to index local 'text' (a nil value)


FROM: 250301329
CHAT: -1001101240169
TEXT: /enable plugins

[Tuesday, 06 March 2018 at 11:08:22]
/usr/local/share/lua/5.2/ssl/https.lua:65: interrupted!


FROM: 250301329
CHAT: -1001101240169
TEXT: ###botadded

[Tuesday, 06 March 2018 at 17:26:54]
plugins/vardump.lua:3: attempt to call global 'is_admin' (a nil value)


FROM: 250301329
CHAT: -1001112595265
TEXT: /vardump

[Tuesday, 06 March 2018 at 17:27:00]
plugins/vardump.lua:3: attempt to call global 'is_admin' (a nil value)


FROM: 250301329
CHAT: -1001112595265
TEXT: /vardump

[Tuesday, 06 March 2018 at 17:27:07]
plugins/vardump.lua:3: attempt to call global 'is_admin' (a nil value)


FROM: 250301329
CHAT: -1001112595265
TEXT: /vardump

[Tuesday, 06 March 2018 at 17:27:13]
plugins/vardump.lua:3: attempt to call global 'is_admin' (a nil value)


FROM: 308876674
CHAT: -1001112595265
TEXT: /vardump

[Tuesday, 06 March 2018 at 17:27:13]
plugins/vardump.lua:3: attempt to call global 'is_admin' (a nil value)


FROM: 250301329
CHAT: -1001112595265
TEXT: /vardump

[Tuesday, 06 March 2018 at 17:27:13]
plugins/vardump.lua:3: attempt to call global 'is_admin' (a nil value)


FROM: 250301329
CHAT: -1001112595265
TEXT: /vardump

[Tuesday, 06 March 2018 at 17:27:13]
plugins/vardump.lua:3: attempt to call global 'is_admin' (a nil value)


FROM: 250301329
CHAT: -1001112595265
TEXT: /vardump

[Tuesday, 06 March 2018 at 17:27:14]
plugins/vardump.lua:3: attempt to call global 'is_admin' (a nil value)


FROM: 250301329
CHAT: -1001112595265
TEXT: /vardump

[Tuesday, 06 March 2018 at 17:27:14]
plugins/vardump.lua:3: attempt to call global 'is_admin' (a nil value)


FROM: 250301329
CHAT: -1001112595265
TEXT: /vardump

[Wednesday, 07 March 2018 at 03:44:20]
/usr/local/share/lua/5.2/socket/url.lua:31: bad argument #1 to 'gsub' (string expected, got nil)


FROM: 27840971
CHAT: 27840971
TEXT: ###cb:dashboard:menu:-1001055653582

[Wednesday, 07 March 2018 at 03:44:25]
/usr/local/share/lua/5.2/socket/url.lua:31: bad argument #1 to 'gsub' (string expected, got nil)


FROM: 27840971
CHAT: 27840971
TEXT: ###cb:dashboard:menu:-1001055653582

[Wednesday, 07 March 2018 at 03:44:26]
/usr/local/share/lua/5.2/socket/url.lua:31: bad argument #1 to 'gsub' (string expected, got nil)


FROM: 27840971
CHAT: 27840971
TEXT: ###cb:dashboard:menu:-1001055653582

[Wednesday, 07 March 2018 at 03:44:26]
/usr/local/share/lua/5.2/socket/url.lua:31: bad argument #1 to 'gsub' (string expected, got nil)


FROM: 27840971
CHAT: 27840971
TEXT: ###cb:dashboard:menu:-1001055653582

[Wednesday, 07 March 2018 at 03:44:26]
/usr/local/share/lua/5.2/socket/url.lua:31: bad argument #1 to 'gsub' (string expected, got nil)


FROM: 27840971
CHAT: 27840971
TEXT: ###cb:dashboard:menu:-1001055653582

[Wednesday, 07 March 2018 at 03:45:23]
/usr/local/share/lua/5.2/socket/url.lua:31: bad argument #1 to 'gsub' (string expected, got nil)


FROM: 27840971
CHAT: 27840971
TEXT: ###cb:dashboard:menu:-1001055653582

[Wednesday, 07 March 2018 at 03:45:24]
/usr/local/share/lua/5.2/socket/url.lua:31: bad argument #1 to 'gsub' (string expected, got nil)


FROM: 27840971
CHAT: 27840971
TEXT: ###cb:dashboard:menu:-1001055653582

[Wednesday, 07 March 2018 at 03:45:57]
/usr/local/share/lua/5.2/socket/url.lua:31: bad argument #1 to 'gsub' (string expected, got nil)


FROM: 27840971
CHAT: 27840971
TEXT: ###cb:dashboard:menu:-1001055653582

[Wednesday, 07 March 2018 at 03:48:35]
/usr/local/share/lua/5.2/socket/url.lua:31: bad argument #1 to 'gsub' (string expected, got nil)


FROM: 27840971
CHAT: 27840971
TEXT: ###cb:dashboard:menu:-1001055653582

[Wednesday, 07 March 2018 at 03:48:50]
/usr/local/share/lua/5.2/socket/url.lua:31: bad argument #1 to 'gsub' (string expected, got nil)


FROM: 27840971
CHAT: 27840971
TEXT: ###cb:dashboard:menu:-1001055653582

[Wednesday, 07 March 2018 at 03:48:55]
/usr/local/share/lua/5.2/socket/url.lua:31: bad argument #1 to 'gsub' (string expected, got nil)


FROM: 27840971
CHAT: 27840971
TEXT: ###cb:dashboard:menu:-1001055653582

[Wednesday, 07 March 2018 at 03:49:14]
/usr/local/share/lua/5.2/socket/url.lua:31: bad argument #1 to 'gsub' (string expected, got nil)


FROM: 27840971
CHAT: 27840971
TEXT: ###cb:dashboard:menu:-1001055653582

[Wednesday, 07 March 2018 at 03:50:20]
/usr/local/share/lua/5.2/socket/url.lua:31: bad argument #1 to 'gsub' (string expected, got nil)


FROM: 27840971
CHAT: 27840971
TEXT: ###cb:dashboard:menu:-1001055653582

[Thursday, 08 March 2018 at 22:08:16]
utilities.lua:210: attempt to index field '?' (a nil value)


FROM: 449061552
CHAT: -1001114582783
TEXT: !config

[Monday, 12 March 2018 at 21:57:58]
utilities.lua:210: attempt to index field '?' (a nil value)


FROM: 449061552
CHAT: -1001114582783
TEXT: /config

[Wednesday, 14 March 2018 at 18:23:07]
plugins/service.lua:74: attempt to index field 'added' (a nil value)


FROM: 298390276
CHAT: -309170423
TEXT: ###botadded

[Monday, 19 March 2018 at 06:26:36]
plugins/amor.lua:6: attempt to concatenate field 'username' (a nil value)


FROM: 463640176
CHAT: -290271097
TEXT: /hug

[Monday, 19 March 2018 at 13:52:55]
plugins/amor.lua:6: attempt to concatenate field 'username' (a nil value)


FROM: 27840971
CHAT: -1001101240169
TEXT: /hug

[Monday, 19 March 2018 at 13:58:10]
plugins/amor.lua:6: attempt to concatenate field 'username' (a nil value)


FROM: 27840971
CHAT: -1001101240169
TEXT: /hug

[Monday, 19 March 2018 at 14:03:01]
plugins/amor.lua:6: attempt to concatenate field 'username' (a nil value)


FROM: 27840971
CHAT: -1001101240169
TEXT: /hug

[Friday, 23 March 2018 at 09:47:12]
plugins/amor.lua:6: attempt to concatenate field 'username' (a nil value)


FROM: 380108468
CHAT: -1001229718027
TEXT: /hug

[Friday, 23 March 2018 at 09:47:39]
plugins/amor.lua:6: attempt to concatenate field 'username' (a nil value)


FROM: 490585353
CHAT: -1001229718027
TEXT: /hug

[Saturday, 31 March 2018 at 12:41:20]
plugins/amor.lua:6: attempt to concatenate field 'username' (a nil value)


FROM: 351298797
CHAT: -1001101240169
TEXT: /hug

[Saturday, 31 March 2018 at 12:41:20]
plugins/amor.lua:6: attempt to concatenate field 'username' (a nil value)


FROM: 351298797
CHAT: -1001101240169
TEXT: /hug

[Saturday, 31 March 2018 at 12:41:22]
plugins/amor.lua:6: attempt to concatenate field 'username' (a nil value)


FROM: 250301329
CHAT: -1001101240169
TEXT: /hug

[Wednesday, 04 April 2018 at 16:18:43]
plugins/amor.lua:6: attempt to concatenate field 'username' (a nil value)


FROM: 401422605
CHAT: -1001229718027
TEXT: /hug

[Wednesday, 11 April 2018 at 14:26:50]
plugins/amor.lua:6: attempt to concatenate field 'username' (a nil value)


FROM: 426354271
CHAT: -1001229718027
TEXT: /hug

[Thursday, 12 April 2018 at 03:38:41]
plugins/service.lua:60: attempt to call global 'make_text' (a string value)


FROM: 27840971
CHAT: -1001055653582
TEXT: ###added

[Thursday, 12 April 2018 at 03:39:43]
plugins/service.lua:60: attempt to call global 'make_text' (a string value)


FROM: 27840971
CHAT: -1001055653582
TEXT: ###added

[Thursday, 12 April 2018 at 03:46:02]
plugins/service.lua:60: attempt to call global 'make_text' (a string value)


FROM: 27840971
CHAT: -1001055653582
TEXT: ###added

[Thursday, 12 April 2018 at 03:46:42]
plugins/service.lua:60: attempt to call global 'make_text' (a string value)


FROM: 27840971
CHAT: -1001101240169
TEXT: ###added

[Thursday, 12 April 2018 at 03:47:11]
plugins/service.lua:60: attempt to call global 'make_text' (a string value)


FROM: 27840971
CHAT: -1001101240169
TEXT: ###added

[Thursday, 12 April 2018 at 03:49:07]
plugins/settings.lua:201: attempt to call global 'make_text' (a string value)


FROM: 27840971
CHAT: -1001101240169
TEXT: /welcome $name hola

[Thursday, 12 April 2018 at 03:49:12]
plugins/settings.lua:141: attempt to call global 'make_text' (a string value)


FROM: 27840971
CHAT: -1001101240169
TEXT: /welcome@TheGrandFather_Bot

[Thursday, 12 April 2018 at 03:50:15]
plugins/service.lua:60: attempt to call global 'make_text' (a string value)


FROM: 473080695
CHAT: -1001335916476
TEXT: ###added

[Thursday, 12 April 2018 at 16:59:00]
/usr/local/share/lua/5.2/socket/url.lua:31: bad argument #1 to 'gsub' (string expected, got boolean)


FROM: 250301329
CHAT: -1001112122857
TEXT: ###cb:userbutton:banuser:27840971

[Friday, 13 April 2018 at 00:57:57]
/usr/local/share/lua/5.2/socket/url.lua:31: bad argument #1 to 'gsub' (string expected, got nil)


FROM: 401422605
CHAT: 401422605
TEXT: /welcome

[Friday, 13 April 2018 at 00:58:39]
/usr/local/share/lua/5.2/socket/url.lua:31: bad argument #1 to 'gsub' (string expected, got nil)


FROM: 27840971
CHAT: 27840971
TEXT: /welcome

[Friday, 13 April 2018 at 00:58:55]
/usr/local/share/lua/5.2/socket/url.lua:31: bad argument #1 to 'gsub' (string expected, got nil)


FROM: 401422605
CHAT: 401422605
TEXT: /welcome Bienvenid@ a Only Metal

[Friday, 13 April 2018 at 01:06:46]
/usr/local/share/lua/5.2/socket/url.lua:31: bad argument #1 to 'gsub' (string expected, got nil)


FROM: 401422605
CHAT: 401422605
TEXT: /welcome $username $id  a ONLY METAL

[Friday, 13 April 2018 at 01:11:15]
/usr/local/share/lua/5.2/socket/url.lua:31: bad argument #1 to 'gsub' (string expected, got nil)


FROM: 401422605
CHAT: 401422605
TEXT: /welcome Hola Metalheads $name $id Bienvenido a Only Metal

[Sunday, 15 April 2018 at 01:58:19]
plugins/amor.lua:5: unexpected symbol near '.'


FROM: 27840971
CHAT: 27840971
TEXT: /ainit

[Sunday, 15 April 2018 at 02:02:22]
plugins/amor.lua:11: ')' expected near '.'


FROM: 27840971
CHAT: -1001101240169
TEXT: /ainit@TheGrandFather_Bot

[Sunday, 15 April 2018 at 02:06:14]
plugins/amor.lua:5: attempt to index field 'reply' (a nil value)


FROM: 27840971
CHAT: 27840971
TEXT: /hug

[Sunday, 15 April 2018 at 02:06:22]
plugins/amor.lua:5: attempt to index field 'reply' (a nil value)


FROM: 27840971
CHAT: -1001101240169
TEXT: /hug@TheGrandFather_Bot

[Sunday, 15 April 2018 at 02:12:14]
plugins/amor.lua:12: 'then' expected near '='


FROM: 27840971
CHAT: -1001101240169
TEXT: /ainit@TheGrandFather_Bot

[Sunday, 15 April 2018 at 02:14:47]
plugins/amor.lua:21: <eof> expected near 'end'


FROM: 27840971
CHAT: -1001101240169
TEXT: /ainit@TheGrandFather_Bot

[Sunday, 15 April 2018 at 02:16:43]
plugins/amor.lua:5: attempt to index field 'reply' (a nil value)


FROM: 27840971
CHAT: -1001101240169
TEXT: /hug

[Sunday, 15 April 2018 at 02:33:05]
plugins/amor.lua:9: 'end' expected (to close 'if' at line 3) near 'else'


FROM: 27840971
CHAT: -1001101240169
TEXT: /ainit@TheGrandFather_Bot

[Sunday, 15 April 2018 at 02:34:23]
plugins/amor.lua:9: 'end' expected (to close 'if' at line 3) near 'else'


FROM: 27840971
CHAT: -1001101240169
TEXT: /ainit@TheGrandFather_Bot

[Sunday, 15 April 2018 at 02:35:56]
plugins/amor.lua:17: unexpected symbol near 'then'


FROM: 27840971
CHAT: -1001101240169
TEXT: /ainit@TheGrandFather_Bot

[Sunday, 15 April 2018 at 02:37:07]
plugins/amor.lua:5: attempt to index field 'reply' (a nil value)


FROM: 27840971
CHAT: -1001101240169
TEXT: /hug

[Sunday, 15 April 2018 at 02:40:24]
plugins/amor.lua:5: attempt to index field 'reply' (a nil value)


FROM: 27840971
CHAT: -1001101240169
TEXT: /hug

[Sunday, 15 April 2018 at 02:42:34]
plugins/amor.lua:5: attempt to index field 'reply' (a nil value)


FROM: 27840971
CHAT: -1001101240169
TEXT: /hug

[Sunday, 15 April 2018 at 02:43:05]
plugins/amor.lua:5: attempt to index field 'reply' (a nil value)


FROM: 27840971
CHAT: -1001101240169
TEXT: /hug

[Sunday, 15 April 2018 at 02:45:36]
plugins/amor.lua:18: unexpected symbol near 'if'


FROM: 27840971
CHAT: -1001101240169
TEXT: /ainit@TheGrandFather_Bot

[Sunday, 15 April 2018 at 02:48:56]
plugins/amor.lua:19: unexpected symbol near 'if'


FROM: 27840971
CHAT: -1001101240169
TEXT: /ainit@TheGrandFather_Bot

[Sunday, 15 April 2018 at 02:55:02]
plugins/amor.lua:18: unexpected symbol near 'local'


FROM: 27840971
CHAT: -1001101240169
TEXT: /ainit@TheGrandFather_Bot

[Sunday, 15 April 2018 at 02:57:13]
plugins/amor.lua:26: <eof> expected near 'end'


FROM: 27840971
CHAT: -1001101240169
TEXT: /ainit@TheGrandFather_Bot

[Sunday, 15 April 2018 at 02:57:47]
plugins/amor.lua:5: attempt to index field 'reply' (a nil value)


FROM: 27840971
CHAT: -1001101240169
TEXT: /hug

[Sunday, 15 April 2018 at 02:59:27]
plugins/amor.lua:5: attempt to index field 'reply' (a nil value)


FROM: 27840971
CHAT: -1001101240169
TEXT: /hug

[Sunday, 15 April 2018 at 02:59:36]
plugins/amor.lua:5: attempt to index field 'reply' (a nil value)


FROM: 27840971
CHAT: -1001101240169
TEXT: /hug@TheGrandFather_Bot

[Sunday, 15 April 2018 at 03:02:05]
plugins/amor.lua:5: attempt to index field 'reply' (a nil value)


FROM: 27840971
CHAT: -1001101240169
TEXT: /hug

[Sunday, 15 April 2018 at 03:03:24]
plugins/amor.lua:5: attempt to index field 'reply' (a nil value)


FROM: 27840971
CHAT: -1001101240169
TEXT: /hug

[Sunday, 15 April 2018 at 03:05:52]
plugins/amor.lua:17: attempt to concatenate global 'userb' (a nil value)


FROM: 27840971
CHAT: -1001101240169
TEXT: /hug

[Sunday, 15 April 2018 at 03:07:23]
plugins/amor.lua:18: attempt to concatenate global 'userb' (a nil value)


FROM: 27840971
CHAT: -1001101240169
TEXT: /hug

[Sunday, 15 April 2018 at 03:07:27]
plugins/amor.lua:7: attempt to index field 'reply' (a nil value)


FROM: 27840971
CHAT: -1001101240169
TEXT: /hug

[Sunday, 15 April 2018 at 03:09:36]
plugins/amor.lua:18: attempt to concatenate global 'userb' (a nil value)


FROM: 27840971
CHAT: -1001101240169
TEXT: /hug

[Sunday, 15 April 2018 at 03:14:21]
plugins/amor.lua:19: 'end' expected (to close 'if' at line 5) near 'else'


FROM: 27840971
CHAT: -1001101240169
TEXT: /ainit@TheGrandFather_Bot

[Sunday, 15 April 2018 at 03:15:00]
plugins/amor.lua:19: 'end' expected (to close 'if' at line 5) near 'else'


FROM: 27840971
CHAT: -1001101240169
TEXT: /ainit@TheGrandFather_Bot

[Sunday, 15 April 2018 at 03:20:15]
plugins/amor.lua:27: <eof> expected near 'end'


FROM: 27840971
CHAT: -1001101240169
TEXT: /ainit@TheGrandFather_Bot

[Sunday, 15 April 2018 at 03:22:09]
plugins/amor.lua:27: <eof> expected near 'end'


FROM: 27840971
CHAT: -1001101240169
TEXT: /ainit@TheGrandFather_Bot

[Sunday, 15 April 2018 at 03:23:18]
plugins/amor.lua:27: <eof> expected near 'end'


FROM: 27840971
CHAT: -1001101240169
TEXT: /ainit@TheGrandFather_Bot

[Sunday, 15 April 2018 at 03:23:53]
plugins/amor.lua:27: <eof> expected near 'end'


FROM: 27840971
CHAT: -1001101240169
TEXT: /ainit@TheGrandFather_Bot

[Sunday, 15 April 2018 at 03:29:33]
plugins/amor.lua:20: 'end' expected (to close 'if' at line 5) near 'else'


FROM: 27840971
CHAT: -1001101240169
TEXT: /ainit@TheGrandFather_Bot

[Sunday, 15 April 2018 at 03:31:00]
plugins/amor.lua:20: 'end' expected (to close 'if' at line 5) near 'else'


FROM: 27840971
CHAT: -1001101240169
TEXT: /ainit@TheGrandFather_Bot

[Sunday, 15 April 2018 at 03:31:40]
plugins/amor.lua:20: 'end' expected (to close 'if' at line 5) near 'else'


FROM: 27840971
CHAT: -1001101240169
TEXT: /ainit@TheGrandFather_Bot

[Sunday, 15 April 2018 at 03:32:42]
plugins/amor.lua:27: <eof> expected near 'end'


FROM: 27840971
CHAT: -1001101240169
TEXT: /ainit@TheGrandFather_Bot

[Sunday, 15 April 2018 at 03:33:19]
plugins/amor.lua:27: <eof> expected near 'end'


FROM: 27840971
CHAT: -1001101240169
TEXT: /ainit@TheGrandFather_Bot

[Sunday, 15 April 2018 at 03:33:54]
plugins/amor.lua:22: attempt to concatenate global 'userb' (a nil value)


FROM: 27840971
CHAT: -1001101240169
TEXT: /hug

[Sunday, 15 April 2018 at 03:34:03]
plugins/amor.lua:22: attempt to concatenate global 'userb' (a nil value)


FROM: 27840971
CHAT: -1001101240169
TEXT: /hug

[Sunday, 15 April 2018 at 03:37:04]
plugins/amor.lua:16: unexpected symbol near 'if'


FROM: 27840971
CHAT: -1001101240169
TEXT: /ainit@TheGrandFather_Bot

[Sunday, 15 April 2018 at 03:37:55]
plugins/amor.lua:20: attempt to index field 'reply' (a nil value)


FROM: 27840971
CHAT: -1001101240169
TEXT: /hug@TheGrandFather_Bot

[Sunday, 15 April 2018 at 03:38:12]
plugins/amor.lua:20: attempt to index field 'reply' (a nil value)


FROM: 27840971
CHAT: -1001101240169
TEXT: /hug

[Sunday, 15 April 2018 at 03:39:54]
plugins/amor.lua:18: 'then' expected near '='


FROM: 27840971
CHAT: -1001101240169
TEXT: /ainit@TheGrandFather_Bot

[Sunday, 15 April 2018 at 03:40:36]
plugins/amor.lua:19: 'then' expected near '='


FROM: 27840971
CHAT: -1001101240169
TEXT: /ainit@TheGrandFather_Bot

[Sunday, 15 April 2018 at 03:41:43]
plugins/amor.lua:19: 'then' expected near '='


FROM: 27840971
CHAT: -1001101240169
TEXT: /ainit@TheGrandFather_Bot

[Sunday, 15 April 2018 at 03:42:50]
plugins/amor.lua:31: 'end' expected (to close 'function' at line 1) near 'else'


FROM: 27840971
CHAT: -1001101240169
TEXT: /ainit@TheGrandFather_Bot

[Sunday, 15 April 2018 at 03:43:25]
plugins/amor.lua:31: 'end' expected (to close 'function' at line 1) near 'else'


FROM: 27840971
CHAT: -1001101240169
TEXT: /ainit@TheGrandFather_Bot

[Sunday, 15 April 2018 at 03:44:31]
plugins/amor.lua:33: <eof> expected near 'end'


FROM: 27840971
CHAT: -1001101240169
TEXT: /ainit@TheGrandFather_Bot

[Sunday, 15 April 2018 at 03:45:31]
plugins/amor.lua:23: attempt to index field 'reply' (a nil value)


FROM: 27840971
CHAT: -1001101240169
TEXT: /hug

[Sunday, 15 April 2018 at 03:47:09]
plugins/amor.lua:22: 'end' expected (to close 'function' at line 1) near 'else'


FROM: 27840971
CHAT: -1001101240169
TEXT: /ainit@TheGrandFather_Bot

[Sunday, 15 April 2018 at 03:47:55]
plugins/amor.lua:18: attempt to index field 'reply' (a nil value)


FROM: 27840971
CHAT: -1001101240169
TEXT: /hug

[Sunday, 15 April 2018 at 03:48:56]
plugins/amor.lua:19: attempt to index global 'msg' (a nil value)


FROM: 27840971
CHAT: -1001101240169
TEXT: /ainit@TheGrandFather_Bot

[Sunday, 15 April 2018 at 03:49:47]
plugins/amor.lua:20: syntax error near 'local'


FROM: 27840971
CHAT: -1001101240169
TEXT: /ainit@TheGrandFather_Bot

[Sunday, 15 April 2018 at 03:50:50]
plugins/amor.lua:18: 'end' expected (to close 'function' at line 1) near 'elseif'


FROM: 27840971
CHAT: -1001101240169
TEXT: /ainit@TheGrandFather_Bot

[Sunday, 15 April 2018 at 03:51:20]
plugins/amor.lua:18: 'end' expected (to close 'function' at line 1) near 'elseif'


FROM: 27840971
CHAT: -1001101240169
TEXT: /ainit@TheGrandFather_Bot

[Sunday, 15 April 2018 at 03:52:11]
plugins/amor.lua:18: 'end' expected (to close 'function' at line 1) near 'elseif'


FROM: 27840971
CHAT: -1001101240169
TEXT: /ainit@TheGrandFather_Bot

[Sunday, 15 April 2018 at 03:53:20]
plugins/amor.lua:17: 'end' expected (to close 'function' at line 1) near 'else'


FROM: 27840971
CHAT: -1001101240169
TEXT: /ainit@TheGrandFather_Bot

[Sunday, 15 April 2018 at 03:55:01]
plugins/amor.lua:17: 'end' expected (to close 'function' at line 1) near 'else'


FROM: 27840971
CHAT: -1001101240169
TEXT: /ainit@TheGrandFather_Bot

[Sunday, 15 April 2018 at 03:56:36]
plugins/amor.lua:14: 'end' expected (to close 'function' at line 1) near 'else'


FROM: 27840971
CHAT: -1001101240169
TEXT: /ainit@TheGrandFather_Bot

[Sunday, 15 April 2018 at 03:57:24]
plugins/amor.lua:14: 'end' expected (to close 'function' at line 1) near 'else'


FROM: 27840971
CHAT: -1001101240169
TEXT: /ainit@TheGrandFather_Bot

[Sunday, 15 April 2018 at 03:58:06]
plugins/amor.lua:14: 'end' expected (to close 'function' at line 1) near 'else'


FROM: 27840971
CHAT: -1001101240169
TEXT: /ainit@TheGrandFather_Bot

[Sunday, 15 April 2018 at 03:58:44]
plugins/amor.lua:17: <eof> expected near 'else'


FROM: 27840971
CHAT: -1001101240169
TEXT: /ainit@TheGrandFather_Bot

[Sunday, 15 April 2018 at 04:00:15]
plugins/amor.lua:17: <eof> expected near 'else'


FROM: 27840971
CHAT: -1001101240169
TEXT: /ainit@TheGrandFather_Bot

[Sunday, 15 April 2018 at 04:02:52]
plugins/amor.lua:15: 'end' expected (to close 'if' at line 4) near 'else'


FROM: 27840971
CHAT: -1001101240169
TEXT: /ainit@TheGrandFather_Bot

[Sunday, 15 April 2018 at 04:03:43]
plugins/amor.lua:36: 'end' expected (to close 'if' at line 3) near <eof>


FROM: 27840971
CHAT: -1001101240169
TEXT: /ainit@TheGrandFather_Bot

[Sunday, 15 April 2018 at 04:04:17]
plugins/amor.lua:37: 'end' expected (to close 'function' at line 1) near <eof>


FROM: 27840971
CHAT: -1001101240169
TEXT: /ainit@TheGrandFather_Bot

[Sunday, 15 April 2018 at 04:04:56]
plugins/amor.lua:8: attempt to concatenate global 'userb' (a nil value)


FROM: 27840971
CHAT: -1001101240169
TEXT: /hug

[Sunday, 15 April 2018 at 04:10:43]
plugins/amor.lua:13: 'end' expected (to close 'if' at line 4) near 'else'


FROM: 27840971
CHAT: -1001101240169
TEXT: /ainit@TheGrandFather_Bot

[Sunday, 15 April 2018 at 04:11:24]
plugins/amor.lua:13: 'end' expected (to close 'if' at line 4) near 'else'


FROM: 27840971
CHAT: -1001101240169
TEXT: /ainit@TheGrandFather_Bot

[Sunday, 15 April 2018 at 04:12:02]
plugins/amor.lua:13: 'end' expected (to close 'if' at line 4) near 'else'


FROM: 27840971
CHAT: -1001101240169
TEXT: /ainit@TheGrandFather_Bot

[Sunday, 15 April 2018 at 04:12:55]
plugins/amor.lua:13: 'end' expected (to close 'if' at line 4) near 'else'


FROM: 27840971
CHAT: -1001101240169
TEXT: /ainit@TheGrandFather_Bot

[Sunday, 15 April 2018 at 04:13:25]
plugins/amor.lua:13: 'end' expected (to close 'if' at line 4) near 'else'


FROM: 27840971
CHAT: -1001101240169
TEXT: /ainit@TheGrandFather_Bot

[Sunday, 15 April 2018 at 04:13:54]
plugins/amor.lua:14: unexpected symbol near ']'


FROM: 27840971
CHAT: -1001101240169
TEXT: /ainit@TheGrandFather_Bot

[Sunday, 15 April 2018 at 04:14:24]
plugins/amor.lua:14: unexpected symbol near '!'


FROM: 27840971
CHAT: -1001101240169
TEXT: /ainit@TheGrandFather_Bot

[Sunday, 15 April 2018 at 04:18:31]
plugins/amor.lua:14: unexpected symbol near '['


FROM: 27840971
CHAT: -1001101240169
TEXT: /ainit@TheGrandFather_Bot

[Sunday, 15 April 2018 at 04:42:31]
/usr/local/share/lua/5.2/socket/url.lua:31: bad argument #1 to 'gsub' (string expected, got nil)


FROM: 27840971
CHAT: 27840971
TEXT: /welcome

[Sunday, 15 April 2018 at 04:42:44]
/usr/local/share/lua/5.2/socket/url.lua:31: bad argument #1 to 'gsub' (string expected, got nil)


FROM: 27840971
CHAT: 27840971
TEXT: /welcome

[Sunday, 15 April 2018 at 04:44:56]
/usr/local/share/lua/5.2/socket/url.lua:31: bad argument #1 to 'gsub' (string expected, got nil)


FROM: 27840971
CHAT: 27840971
TEXT: /welcome

[Monday, 16 April 2018 at 21:34:37]
/usr/local/share/lua/5.2/socket/url.lua:31: bad argument #1 to 'gsub' (string expected, got boolean)


FROM: 27840971
CHAT: -1001101240169
TEXT: ###cb:userbutton:banuser:356061120

[Monday, 16 April 2018 at 23:41:53]
/usr/local/share/lua/5.2/socket/url.lua:31: bad argument #1 to 'gsub' (string expected, got boolean)


FROM: 27840971
CHAT: -1001101240169
TEXT: ###cb:userbutton:banuser:250301329

[Thursday, 03 May 2018 at 20:31:33]
utilities.lua:292: attempt to index local 'text' (a nil value)


FROM: 27840971
CHAT: -1001084340701
TEXT: /disable bot

[Thursday, 03 May 2018 at 20:31:39]
utilities.lua:292: attempt to index local 'text' (a nil value)


FROM: 27840971
CHAT: -1001084340701
TEXT: /disable bots

[Tuesday, 08 May 2018 at 21:12:34]
/usr/local/share/lua/5.2/socket/url.lua:31: bad argument #1 to 'gsub' (string expected, got nil)


FROM: 490585353
CHAT: 490585353
TEXT: /welcome tu si eres bello vale, Bienvenid@

[Saturday, 12 May 2018 at 13:18:24]
/usr/local/share/lua/5.2/socket/url.lua:31: bad argument #1 to 'gsub' (string expected, got nil)


FROM: 180791241
CHAT: -1001112122857
TEXT: /alua api.sendMessage(-1001112122857, test)

[Saturday, 12 May 2018 at 13:18:32]
/usr/local/share/lua/5.2/socket/url.lua:31: bad argument #1 to 'gsub' (string expected, got nil)


FROM: 180791241
CHAT: -1001112122857
TEXT: /alua api.sendMessage(-1001112122857, test)

[Saturday, 12 May 2018 at 13:18:33]
/usr/local/share/lua/5.2/socket/url.lua:31: bad argument #1 to 'gsub' (string expected, got nil)


FROM: 180791241
CHAT: -1001112122857
TEXT: /alua api.sendMessage(-1001112122857, test)

[Saturday, 12 May 2018 at 13:18:44]
/usr/local/share/lua/5.2/redis.lua:380: redis error: ERR Background save already in progress


FROM: 180791241
CHAT: -1001112122857
TEXT: /ainit

[Saturday, 12 May 2018 at 13:21:01]
[string "api.sendMessage(msg.chat.id, test)"]:1: attempt to index global 'msg' (a nil value)


FROM: 250301329
CHAT: -1001112122857
TEXT: /alua api.sendMessage(msg.chat.id, test)

[Saturday, 12 May 2018 at 13:21:04]
plugins/admin.lua:94: attempt to call a nil value


FROM: 180791241
CHAT: -1001112122857
TEXT: /alua api.sendMessage(-1001112122857, test, nil. nil)

[Saturday, 12 May 2018 at 13:21:28]
/usr/local/share/lua/5.2/socket/url.lua:31: bad argument #1 to 'gsub' (string expected, got nil)


FROM: 250301329
CHAT: -1001112122857
TEXT: /alua api.sendMessage(-1001112122857, test,true)

[Saturday, 12 May 2018 at 13:22:53]
[string "api.senddocument(-1001112122857, './plugins/a..."]:1: attempt to call field 'senddocument' (a nil value)


FROM: 180791241
CHAT: -1001112122857
TEXT: /alua api.senddocument(-1001112122857, './plugins/amor.lua')

[Saturday, 12 May 2018 at 13:26:00]
[string "sendMessage(msg.chat.id, 'Contact and Locatio..."]:1: attempt to index global 'msg' (a nil value)


FROM: 250301329
CHAT: -1001112122857
TEXT: /alua sendMessage(msg.chat.id, 'Contact and Location request', opts)

[Saturday, 12 May 2018 at 13:26:41]
[string "sendMessage(-1001112122857, 'Contact and Loca..."]:1: attempt to call global 'sendMessage' (a nil value)


FROM: 250301329
CHAT: -1001112122857
TEXT: /alua sendMessage(-1001112122857, 'Contact and Location request', opts)

[Saturday, 12 May 2018 at 13:26:58]
[string "sendMessage(-1001112122857, 'Contact and Loca..."]:1: attempt to call global 'sendMessage' (a nil value)


FROM: 250301329
CHAT: -1001112122857
TEXT: /alua sendMessage(-1001112122857, 'Contact and Location request')

[Saturday, 12 May 2018 at 13:29:21]
plugins/admin.lua:601: syntax error near 'blocks'


FROM: 250301329
CHAT: -1001112122857
TEXT: /ainit

[Saturday, 12 May 2018 at 13:35:05]
plugins/admin.lua:94: attempt to call a nil value


FROM: 250301329
CHAT: -1001112122857
TEXT: /alua api.sendMessage(-1001112122857,'*Comandos basicos de admin*\n\n🔨 *Comandos de Ban y Kick*\n\n/ban- expulsa al miembro permanentemente\n/kick- expulsa con opcion a volver\n/unban- quita el ban a ese user\n\n_Los comandos de ban, usarlos preferentemente respondiendo a un mensaje de la persona a banear_\n\n🔧 *Comandos de ajustes de flood, media..*\n\n/config- te manda por privado todos los ajustes para configurar\n\n_Para que el bot te pueda escribir por privado, primero tienes que tener abierto chat con el_\n\n📛 *Anti Spam*\n\n/spam enable- Permite el envio de links de otros grupos\n/spam disable- si un user envia alguno de estos links, sera expulsado\n\n`Si quieres activar el sistema antispam que primero avisa al usuario antes de echarlo, pon /spam enable, luego /config y ve a Media. Ahi, desactiva la casilla SPAM (que quede asi: X ) abajo marcas el numero de avisos que el bot dara antes de expulsar`\n\n _el bot detectara los link que contengan: "telegram.me" y "telegram.me/joinchat"_ asi como los alias de canales y supergrupos\n\n💬 *Comandos interactivos*\n\n/say enable o disable para activar/desactivar los plugins interactivos\n\n_Estos son el envio de audios por parte del bot, que el bot repita lo que le mandes con el comando !di...etc_\n\n🔆 *Otros comandos*\n\n/id- respondiendo al mensaje, te devuelve la id de ese user\n/user- respondiendo al mensajes, te dice si ese user tiene bans, avisos..etc\n/warn- Respondiendo a su mensaje, le da un aviso. Si alcanza el num max de avisos, le echa\n\n*Los comandos se pueden activar con / *', true)
end

[Saturday, 12 May 2018 at 13:39:01]
plugins/beta.lua:13: <eof> expected near 'end'


FROM: 250301329
CHAT: -1001112122857
TEXT: /ainit

[Saturday, 12 May 2018 at 13:39:50]
plugins/beta.lua:13: <eof> expected near 'end'


FROM: 250301329
CHAT: -1001112122857
TEXT: /ainit

[Saturday, 19 May 2018 at 21:52:03]
utilities.lua:292: attempt to index local 'text' (a nil value)


FROM: 250301329
CHAT: -1001101240169
TEXT: /enable plugin vardump

[Monday, 21 May 2018 at 00:19:11]
plugins/admin.lua:223: attempt to index a boolean value


FROM: 27840971
CHAT: -1001101240169
TEXT: /astats

[Thursday, 24 May 2018 at 10:15:33]
plugins/admin.lua:223: attempt to index a boolean value


FROM: 250301329
CHAT: -1001112122857
TEXT: /astats

[Sunday, 19 April 2020 at 15:02:59]
plugins/admin.lua:223: attempt to index a boolean value


FROM: 250301329
CHAT: -1001101240169
TEXT: /astats

[Sunday, 19 April 2020 at 16:07:54]
plugins/admin.lua:223: attempt to index a boolean value


FROM: 250301329
CHAT: 250301329
TEXT: /astats

[Sunday, 19 April 2020 at 16:20:34]
plugins/admin.lua:635: attempt to index field 'forward_from' (a nil value)


FROM: 250301329
CHAT: 250301329
TEXT: /ar Hola

